Component: ARM Compiler 5.05 update 1 (build 106) Tool: armlink [4d0efa]

==============================================================================

Section Cross References

    stm32f10x_adc.o(i.ADC_DeInit) refers to stm32f10x_rcc.o(i.RCC_APB2PeriphResetCmd) for RCC_APB2PeriphResetCmd
    stm32f10x_bkp.o(i.BKP_DeInit) refers to stm32f10x_rcc.o(i.RCC_BackupResetCmd) for RCC_BackupResetCmd
    stm32f10x_can.o(i.CAN_DeInit) refers to stm32f10x_rcc.o(i.RCC_APB1PeriphResetCmd) for RCC_APB1PeriphResetCmd
    stm32f10x_can.o(i.CAN_GetITStatus) refers to stm32f10x_can.o(i.CheckITStatus) for CheckITStatus
    stm32f10x_cec.o(i.CEC_DeInit) refers to stm32f10x_rcc.o(i.RCC_APB1PeriphResetCmd) for RCC_APB1PeriphResetCmd
    stm32f10x_dac.o(i.DAC_DeInit) refers to stm32f10x_rcc.o(i.RCC_APB1PeriphResetCmd) for RCC_APB1PeriphResetCmd
    stm32f10x_flash.o(i.FLASH_EnableWriteProtection) refers to stm32f10x_flash.o(i.FLASH_WaitForLastOperation) for FLASH_WaitForLastOperation
    stm32f10x_flash.o(i.FLASH_EraseAllBank1Pages) refers to stm32f10x_flash.o(i.FLASH_WaitForLastBank1Operation) for FLASH_WaitForLastBank1Operation
    stm32f10x_flash.o(i.FLASH_EraseAllPages) refers to stm32f10x_flash.o(i.FLASH_WaitForLastOperation) for FLASH_WaitForLastOperation
    stm32f10x_flash.o(i.FLASH_EraseOptionBytes) refers to stm32f10x_flash.o(i.FLASH_GetReadOutProtectionStatus) for FLASH_GetReadOutProtectionStatus
    stm32f10x_flash.o(i.FLASH_EraseOptionBytes) refers to stm32f10x_flash.o(i.FLASH_WaitForLastOperation) for FLASH_WaitForLastOperation
    stm32f10x_flash.o(i.FLASH_ErasePage) refers to stm32f10x_flash.o(i.FLASH_WaitForLastOperation) for FLASH_WaitForLastOperation
    stm32f10x_flash.o(i.FLASH_ProgramHalfWord) refers to stm32f10x_flash.o(i.FLASH_WaitForLastOperation) for FLASH_WaitForLastOperation
    stm32f10x_flash.o(i.FLASH_ProgramOptionByteData) refers to stm32f10x_flash.o(i.FLASH_WaitForLastOperation) for FLASH_WaitForLastOperation
    stm32f10x_flash.o(i.FLASH_ProgramWord) refers to stm32f10x_flash.o(i.FLASH_WaitForLastOperation) for FLASH_WaitForLastOperation
    stm32f10x_flash.o(i.FLASH_ReadOutProtection) refers to stm32f10x_flash.o(i.FLASH_WaitForLastOperation) for FLASH_WaitForLastOperation
    stm32f10x_flash.o(i.FLASH_UserOptionByteConfig) refers to stm32f10x_flash.o(i.FLASH_WaitForLastOperation) for FLASH_WaitForLastOperation
    stm32f10x_flash.o(i.FLASH_WaitForLastBank1Operation) refers to stm32f10x_flash.o(i.FLASH_GetBank1Status) for FLASH_GetBank1Status
    stm32f10x_flash.o(i.FLASH_WaitForLastOperation) refers to stm32f10x_flash.o(i.FLASH_GetBank1Status) for FLASH_GetBank1Status
    stm32f10x_gpio.o(i.GPIO_AFIODeInit) refers to stm32f10x_rcc.o(i.RCC_APB2PeriphResetCmd) for RCC_APB2PeriphResetCmd
    stm32f10x_gpio.o(i.GPIO_DeInit) refers to stm32f10x_rcc.o(i.RCC_APB2PeriphResetCmd) for RCC_APB2PeriphResetCmd
    stm32f10x_i2c.o(i.I2C_DeInit) refers to stm32f10x_rcc.o(i.RCC_APB1PeriphResetCmd) for RCC_APB1PeriphResetCmd
    stm32f10x_i2c.o(i.I2C_Init) refers to stm32f10x_rcc.o(i.RCC_GetClocksFreq) for RCC_GetClocksFreq
    stm32f10x_pwr.o(i.PWR_DeInit) refers to stm32f10x_rcc.o(i.RCC_APB1PeriphResetCmd) for RCC_APB1PeriphResetCmd
    stm32f10x_rcc.o(i.RCC_GetClocksFreq) refers to stm32f10x_rcc.o(.data) for APBAHBPrescTable
    stm32f10x_rcc.o(i.RCC_WaitForHSEStartUp) refers to stm32f10x_rcc.o(i.RCC_GetFlagStatus) for RCC_GetFlagStatus
    stm32f10x_rtc.o(i.RTC_SetAlarm) refers to stm32f10x_rtc.o(i.RTC_EnterConfigMode) for RTC_EnterConfigMode
    stm32f10x_rtc.o(i.RTC_SetAlarm) refers to stm32f10x_rtc.o(i.RTC_ExitConfigMode) for RTC_ExitConfigMode
    stm32f10x_rtc.o(i.RTC_SetCounter) refers to stm32f10x_rtc.o(i.RTC_EnterConfigMode) for RTC_EnterConfigMode
    stm32f10x_rtc.o(i.RTC_SetCounter) refers to stm32f10x_rtc.o(i.RTC_ExitConfigMode) for RTC_ExitConfigMode
    stm32f10x_rtc.o(i.RTC_SetPrescaler) refers to stm32f10x_rtc.o(i.RTC_EnterConfigMode) for RTC_EnterConfigMode
    stm32f10x_rtc.o(i.RTC_SetPrescaler) refers to stm32f10x_rtc.o(i.RTC_ExitConfigMode) for RTC_ExitConfigMode
    stm32f10x_spi.o(i.I2S_Init) refers to stm32f10x_rcc.o(i.RCC_GetClocksFreq) for RCC_GetClocksFreq
    stm32f10x_spi.o(i.SPI_I2S_DeInit) refers to stm32f10x_rcc.o(i.RCC_APB2PeriphResetCmd) for RCC_APB2PeriphResetCmd
    stm32f10x_spi.o(i.SPI_I2S_DeInit) refers to stm32f10x_rcc.o(i.RCC_APB1PeriphResetCmd) for RCC_APB1PeriphResetCmd
    stm32f10x_tim.o(i.TIM_DeInit) refers to stm32f10x_rcc.o(i.RCC_APB2PeriphResetCmd) for RCC_APB2PeriphResetCmd
    stm32f10x_tim.o(i.TIM_DeInit) refers to stm32f10x_rcc.o(i.RCC_APB1PeriphResetCmd) for RCC_APB1PeriphResetCmd
    stm32f10x_tim.o(i.TIM_ETRClockMode1Config) refers to stm32f10x_tim.o(i.TIM_ETRConfig) for TIM_ETRConfig
    stm32f10x_tim.o(i.TIM_ETRClockMode2Config) refers to stm32f10x_tim.o(i.TIM_ETRConfig) for TIM_ETRConfig
    stm32f10x_tim.o(i.TIM_ICInit) refers to stm32f10x_tim.o(i.TI1_Config) for TI1_Config
[...]
    uc_hextab                                0x080088a2   Data          20  _printf_hex_int_ll_ptr.o(.constdata)
    lc_hextab                                0x080088b6   Data          20  _printf_hex_int_ll_ptr.o(.constdata)
    .constdata                               0x080088ca   Section       17  __printf_flags_ss_wp.o(.constdata)
    maptable                                 0x080088ca   Data          17  __printf_flags_ss_wp.o(.constdata)
    .constdata                               0x080088e0   Section       80  asin.o(.constdata)
    pS                                       0x080088e0   Data          48  asin.o(.constdata)
    qS                                       0x08008910   Data          32  asin.o(.constdata)
    .constdata                               0x08008930   Section      152  atan.o(.constdata)
    atanhi                                   0x08008930   Data          32  atan.o(.constdata)
    atanlo                                   0x08008950   Data          32  atan.o(.constdata)
    aTodd                                    0x08008970   Data          40  atan.o(.constdata)
    aTeven                                   0x08008998   Data          48  atan.o(.constdata)
    .constdata                               0x080089c8   Section       48  cos_i.o(.constdata)
    C                                        0x080089c8   Data          48  cos_i.o(.constdata)
    .constdata                               0x080089f8   Section        8  qnan.o(.constdata)
    .constdata                               0x08008a00   Section      200  rred.o(.constdata)
    pio2s                                    0x08008a00   Data          48  rred.o(.constdata)
    twooverpi                                0x08008a30   Data         152  rred.o(.constdata)
    .constdata                               0x08008ac8   Section       40  sin_i.o(.constdata)
    S                                        0x08008ac8   Data          40  sin_i.o(.constdata)
    .conststring                             0x08008af0   Section       77  inv_mpu.o(.conststring)
    .conststring                             0x08008b40   Section       40  usmart.o(.conststring)
    .conststring                             0x08008b68   Section      230  usmart_config.o(.conststring)
    .data                                    0x20000000   Section       20  stm32f10x_rcc.o(.data)
    APBAHBPrescTable                         0x20000000   Data          16  stm32f10x_rcc.o(.data)
    ADCPrescTable                            0x20000010   Data           4  stm32f10x_rcc.o(.data)
    .data                                    0x20000014   Section       20  system_stm32f10x.o(.data)
    .data                                    0x20000028   Section        4  delay.o(.data)
    fac_us                                   0x20000028   Data           1  delay.o(.data)
    fac_ms                                   0x2000002a   Data           2  delay.o(.data)
    .data                                    0x2000002c   Section        6  usart.o(.data)
    .data                                    0x20000034   Section       48  mpu6050.o(.data)
    .data                                    0x20000064   Section       53  inv_mpu.o(.data)
    st                                       0x20000064   Data          44  inv_mpu.o(.data)
    gyro_orientation                         0x20000090   Data           9  inv_mpu.o(.data)
    .data                                    0x2000009c   Section        4  lenth.o(.data)
    .data                                    0x200000a0   Section       28  usmart.o(.data)
    .data                                    0x200000bc   Section      316  usmart_config.o(.data)
    .data                                    0x200001f8   Section       20  malloc.o(.data)
    .data                                    0x2000020c   Section        2  usart2.o(.data)
    .bss                                     0x20000210   Section      200  usart.o(.bss)
    .bss                                     0x200002d8   Section       60  mpu6050.o(.bss)
    .bss                                     0x20000314   Section       16  inv_mpu_dmp_motion_driver.o(.bss)
    dmp                                      0x20000314   Data          16  inv_mpu_dmp_motion_driver.o(.bss)
    .bss                                     0x20000324   Section    10880  malloc.o(.bss)
    .bss                                     0x20002da4   Section       12  gsm.o(.bss)
    .bss                                     0x20002db0   Section     2048  usart2.o(.bss)
    .bss                                     0x200035b0   Section       96  libspace.o(.bss)
    HEAP                                     0x20003610   Section      512  startup_stm32f10x_md.o(HEAP)
    Heap_Mem                                 0x20003610   Data         512  startup_stm32f10x_md.o(HEAP)
    STACK                                    0x20003810   Section     1024  startup_stm32f10x_md.o(STACK)
    Stack_Mem                                0x20003810   Data        1024  startup_stm32f10x_md.o(STACK)
    __initial_sp                             0x20003c10   Data           0  startup_stm32f10x_md.o(STACK)

    Global Symbols

    Symbol Name                              Value     Ov Type        Size  Object(Section)

    BuildAttributes$$THM_ISAv4$P$D$K$B$S$PE$A:L22UL41UL21$X:L11$S22US41US21$IEEE1$IW$USESV6$~STKCKD$USESV7$~SHL$OTIME$ROPI$IEEEX$EBA8$UX$STANDARDLIB$REQ8$PRES8$EABIv2 0x00000000   Number         0  anon$$obj.o ABSOLUTE
    __ARM_use_no_argv                        0x00000000   Number         0  main.o ABSOLUTE
    _printf_flags                            0x00000000   Number         0  printf_stubs.o ABSOLUTE
    _printf_return_value                     0x00000000   Number         0  printf_stubs.o ABSOLUTE
    _printf_sizespec                         0x00000000   Number         0  printf_stubs.o ABSOLUTE
    _printf_widthprec                        0x00000000   Number         0  printf_stubs.o ABSOLUTE
    __ARM_exceptions_init                     - Undefined Weak Reference
    __alloca_initialize                       - Undefined Weak Reference
    __arm_preinit_                            - Undefined Weak Reference
    __cpp_initialize__aeabi_                  - Undefined Weak Reference
    __cxa_finalize                            - Undefined Weak Reference
    __sigvec_lookup                           - Undefined Weak Reference
    _atexit_init                              - Undefined Weak Reference
    _call_atexit_fns                          - Undefined Weak Reference
    _clock_init                               - Undefined Weak Reference
    _fp_trap_init                             - Undefined Weak Reference
    _fp_trap_shutdown                         - Undefined Weak Reference
    _get_lc_collate                           - Undefined Weak Reference
    _get_lc_monetary                          - Undefined Weak Reference
    _get_lc_time                              - Undefined Weak Reference
    _getenv_init                              - Undefined Weak Reference
    _handle_redirection                       - Undefined Weak Reference
    _init_alloc                               - Undefined Weak Reference
    _init_user_alloc                          - Undefined Weak Reference
    _initio                                   - Undefined Weak Reference
    _mutex_acquire                            - Undefined Weak Reference
    _mutex_release                            - Undefined Weak Reference
    _printf_fp_hex                            - Undefined Weak Reference
    _printf_mbtowc                            - Undefined Weak Reference
    _printf_wc                                - Undefined Weak Reference
    _rand_init                                - Undefined Weak Reference
    _signal_finish                            - Undefined Weak Reference
    _signal_init                              - Undefined Weak Reference
    _terminate_alloc                          - Undefined Weak Reference
    _terminate_user_alloc                     - Undefined Weak Reference
    _terminateio                              - Undefined Weak Reference
    __Vectors_Size                           0x000000ec   Number         0  startup_stm32f10x_md.o ABSOLUTE
    __Vectors                                0x08000000   Data           4  startup_stm32f10x_md.o(RESET)
    __Vectors_End                            0x080000ec   Data           0  startup_stm32f10x_md.o(RESET)
    __main                                   0x080000ed   Thumb Code     8  __main.o(!!!main)
    __scatterload                            0x080000f5   Thumb Code     0  __scatter.o(!!!scatter)
    __scatterload_rt2                        0x080000f5   Thumb Code    44  __scatter.o(!!!scatter)
    __scatterload_rt2_thumb_only             0x080000f5   Thumb Code     0  __scatter.o(!!!scatter)
    __scatterload_null                       0x08000103   Thumb Code     0  __scatter.o(!!!scatter)
    __decompress                             0x08000129   Thumb Code    90  __dczerorl2.o(!!dczerorl2)
    __decompress1                            0x08000129   Thumb Code     0  __dczerorl2.o(!!dczerorl2)
    __scatterload_zeroinit                   0x08000185   Thumb Code    28  __scatter_zi.o(!!handler_zi)
    _printf_d                                0x080001a1   Thumb Code     0  _printf_d.o(.ARM.Collect$$_printf_percent$$00000009)
    _printf_percent                          0x080001a1   Thumb Code     0  _printf_percent.o(.ARM.Collect$$_printf_percent$$00000000)
    _printf_u                                0x080001a7   Thumb Code     0  _printf_u.o(.ARM.Collect$$_printf_percent$$0000000A)
    _printf_x                                0x080001ad   Thumb Code     0  _printf_x.o(.ARM.Collect$$_printf_percent$$0000000C)
    _printf_c                                0x080001b3   Thumb Code     0  _printf_c.o(.ARM.Collect$$_printf_percent$$00000013)
    _printf_s                                0x080001b9   Thumb Code     0  _printf_s.o(.ARM.Collect$$_printf_percent$$00000014)
    _printf_percent_end                      0x080001bf   Thumb Code     0  _printf_percent_end.o(.ARM.Collect$$_printf_percent$$00000017)
    __rt_lib_init                            0x080001c3   Thumb Code     0  libinit.o(.ARM.Collect$$libinit$$00000000)
    __rt_lib_init_alloca_1                   0x080001c5   Thumb Code     0  libinit2.o(.ARM.Collect$$libinit$$0000002E)
    __rt_lib_init_argv_1                     0x080001c5   Thumb Code     0  libinit2.o(.ARM.Collect$$libinit$$0000002C)
    __rt_lib_init_atexit_1                   0x080001c5   Thumb Code     0  libinit2.o(.ARM.Collect$$libinit$$0000001B)
    __rt_lib_init_clock_1                    0x080001c5   Thumb Code     0  libinit2.o(.ARM.Collect$$libinit$$00000021)
    __rt_lib_init_cpp_1                      0x080001c5   Thumb Code     0  libinit2.o(.ARM.Collect$$libinit$$00000032)
    __rt_lib_init_exceptions_1               0x080001c5   Thumb Code     0  libinit2.o(.ARM.Collect$$libinit$$00000030)
    __rt_lib_init_fp_1                       0x080001c5   Thumb Code     0  libinit2.o(.ARM.Collect$$libinit$$00000002)
    __rt_lib_init_fp_trap_1                  0x080001c5   Thumb Code     0  libinit2.o(.ARM.Collect$$libinit$$0000001F)
    __rt_lib_init_getenv_1                   0x080001c5   Thumb Code     0  libinit2.o(.ARM.Collect$$libinit$$00000023)
    __rt_lib_init_heap_1                     0x080001c5   Thumb Code     0  libinit2.o(.ARM.Collect$$libinit$$0000000A)
    __rt_lib_init_lc_collate_1               0x080001c5   Thumb Code     0  libinit2.o(.ARM.Collect$$libinit$$00000011)
    __rt_lib_init_lc_ctype_1                 0x080001c5   Thumb Code     0  libinit2.o(.ARM.Collect$$libinit$$00000013)
    __rt_lib_init_lc_monetary_1              0x080001c5   Thumb Code     0  libinit2.o(.ARM.Collect$$libinit$$00000015)
    __rt_lib_init_lc_numeric_1               0x080001c5   Thumb Code     0  libinit2.o(.ARM.Collect$$libinit$$00000017)
    __rt_lib_init_lc_time_1                  0x080001c5   Thumb Code     0  libinit2.o(.ARM.Collect$$libinit$$00000019)
    __rt_lib_init_preinit_1                  0x080001c5   Thumb Code     0  libinit2.o(.ARM.Collect$$libinit$$00000004)
    __rt_lib_init_rand_1                     0x080001c5   Thumb Code     0  libinit2.o(.ARM.Collect$$libinit$$0000000E)
    __rt_lib_init_return                     0x080001c5   Thumb Code     0  libinit2.o(.ARM.Collect$$libinit$$00000033)
    __rt_lib_init_signal_1                   0x080001c5   Thumb Code     0  libinit2.o(.ARM.Collect$$libinit$$0000001D)
    __rt_lib_init_stdio_1                    0x080001c5   Thumb Code     0  libinit2.o(.ARM.Collect$$libinit$$00000025)
    __rt_lib_init_user_alloc_1               0x080001c5   Thumb Code     0  libinit2.o(.ARM.Collect$$libinit$$0000000C)
    __rt_lib_shutdown                        0x080001c7   Thumb Code     0  libshutdown.o(.ARM.Collect$$libshutdown$$00000000)
    __rt_lib_shutdown_fp_trap_1              0x080001c9   Thumb Code     0  libshutdown2.o(.ARM.Collect$$libshutdown$$00000006)
    __rt_lib_shutdown_heap_1                 0x080001c9   Thumb Code     0  libshutdown2.o(.ARM.Collect$$libshutdown$$0000000E)
    __rt_lib_shutdown_return                 0x080001c9   Thumb Code     0  libshutdown2.o(.ARM.Collect$$libshutdown$$0000000F)
    __rt_lib_shutdown_signal_1               0x080001c9   Thumb Code     0  libshutdown2.o(.ARM.Collect$$libshutdown$$00000009)
    __rt_lib_shutdown_stdio_1                0x080001c9   Thumb Code     0  libshutdown2.o(.ARM.Collect$$libshutdown$$00000003)
    __rt_lib_shutdown_user_alloc_1           0x080001c9   Thumb Code     0  libshutdown2.o(.ARM.Collect$$libshutdown$$0000000B)
    __rt_entry                               0x080001cb   Thumb Code     0  __rtentry.o(.ARM.Collect$$rtentry$$00000000)
    __rt_entry_presh_1                       0x080001cb   Thumb Code     0  __rtentry2.o(.ARM.Collect$$rtentry$$00000002)
    __rt_entry_sh                            0x080001cb   Thumb Code     0  __rtentry4.o(.ARM.Collect$$rtentry$$00000004)
    __rt_entry_li                            0x080001d1   Thumb Code     0  __rtentry2.o(.ARM.Collect$$rtentry$$0000000A)
    __rt_entry_postsh_1                      0x080001d1   Thumb Code     0  __rtentry2.o(.ARM.Collect$$rtentry$$00000009)
    __rt_entry_main                          0x080001d5   Thumb Code     0  __rtentry2.o(.ARM.Collect$$rtentry$$0000000D)
    __rt_entry_postli_1                      0x080001d5   Thumb Code     0  __rtentry2.o(.ARM.Collect$$rtentry$$0000000C)
    __rt_exit                                0x080001dd   Thumb Code     0  rtexit.o(.ARM.Collect$$rtexit$$00000000)
    __rt_exit_ls                             0x080001df   Thumb Code     0  rtexit2.o(.ARM.Collect$$rtexit$$00000003)
    __rt_exit_prels_1                        0x080001df   Thumb Code     0  rtexit2.o(.ARM.Collect$$rtexit$$00000002)
    __rt_exit_exit                           0x080001e3   Thumb Code     0  rtexit2.o(.ARM.Collect$$rtexit$$00000004)
    Reset_Handler                            0x080001e9   Thumb Code     8  startup_stm32f10x_md.o(.text)
    ADC1_2_IRQHandler                        0x08000203   Thumb Code     0  startup_stm32f10x_md.o(.text)
    CAN1_RX1_IRQHandler                      0x08000203   Thumb Code     0  startup_stm32f10x_md.o(.text)
    CAN1_SCE_IRQHandler                      0x08000203   Thumb Code     0  startup_stm32f10x_md.o(.text)
    DMA1_Channel1_IRQHandler                 0x08000203   Thumb Code     0  startup_stm32f10x_md.o(.text)
    DMA1_Channel2_IRQHandler                 0x08000203   Thumb Code     0  startup_stm32f10x_md.o(.text)
    DMA1_Channel3_IRQHandler                 0x08000203   Thumb Code     0  startup_stm32f10x_md.o(.text)
    DMA1_Channel4_IRQHandler                 0x08000203   Thumb Code     0  startup_stm32f10x_md.o(.text)
    DMA1_Channel5_IRQHandler                 0x08000203   Thumb Code     0  startup_stm32f10x_md.o(.text)
    DMA1_Channel6_IRQHandler                 0x08000203   Thumb Code     0  startup_stm32f10x_md.o(.text)
    DMA1_Channel7_IRQHandler                 0x08000203   Thumb Code     0  startup_stm32f10x_md.o(.text)
    EXTI0_IRQHandler                         0x08000203   Thumb Code     0  startup_stm32f10x_md.o(.text)
    EXTI15_10_IRQHandler                     0x08000203   Thumb Code     0  startup_stm32f10x_md.o(.text)
    EXTI1_IRQHandler                         0x08000203   Thumb Code     0  startup_stm32f10x_md.o(.text)
    EXTI2_IRQHandler                         0x08000203   Thumb Code     0  startup_stm32f10x_md.o(.text)
    EXTI3_IRQHandler                         0x08000203   Thumb Code     0  startup_stm32f10x_md.o(.text)
    EXTI4_IRQHandler                         0x08000203   Thumb Code     0  startup_stm32f10x_md.o(.text)
    EXTI9_5_IRQHandler                       0x08000203   Thumb Code     0  startup_stm32f10x_md.o(.text)
    FLASH_IRQHandler                         0x08000203   Thumb Code     0  startup_stm32f10x_md.o(.text)
    I2C1_ER_IRQHandler                       0x08000203   Thumb Code     0  startup_stm32f10x_md.o(.text)
    I2C1_EV_IRQHandler                       0x08000203   Thumb Code     0  startup_stm32f10x_md.o(.text)
    I2C2_ER_IRQHandler                       0x08000203   Thumb Code     0  startup_stm32f10x_md.o(.text)
    I2C2_EV_IRQHandler                       0x08000203   Thumb Code     0  startup_stm32f10x_md.o(.text)
    PVD_IRQHandler                           0x08000203   Thumb Code     0  startup_stm32f10x_md.o(.text)
    RCC_IRQHandler                           0x08000203   Thumb Code     0  startup_stm32f10x_md.o(.text)
    RTCAlarm_IRQHandler                      0x08000203   Thumb Code     0  startup_stm32f10x_md.o(.text)
    RTC_IRQHandler                           0x08000203   Thumb Code     0  startup_stm32f10x_md.o(.text)
    SPI1_IRQHandler                          0x08000203   Thumb Code     0  startup_stm32f10x_md.o(.text)
    SPI2_IRQHandler                          0x08000203   Thumb Code     0  startup_stm32f10x_md.o(.text)
    TAMPER_IRQHandler                        0x08000203   Thumb Code     0  startup_stm32f10x_md.o(.text)
    TIM1_BRK_IRQHandler                      0x08000203   Thumb Code     0  startup_stm32f10x_md.o(.text)
    TIM1_TRG_COM_IRQHandler                  0x08000203   Thumb Code     0  startup_stm32f10x_md.o(.text)
    TIM3_IRQHandler                          0x08000203   Thumb Code     0  startup_stm32f10x_md.o(.text)
    USART3_IRQHandler                        0x08000203   Thumb Code     0  startup_stm32f10x_md.o(.text)
    USBWakeUp_IRQHandler                     0x08000203   Thumb Code     0  startup_stm32f10x_md.o(.text)
    USB_HP_CAN1_TX_IRQHandler                0x08000203   Thumb Code     0  startup_stm32f10x_md.o(.text)
    USB_LP_CAN1_RX0_IRQHandler               0x08000203   Thumb Code     0  startup_stm32f10x_md.o(.text)
    WWDG_IRQHandler                          0x08000203   Thumb Code     0  startup_stm32f10x_md.o(.text)
    __user_initial_stackheap                 0x08000205   Thumb Code     0  startup_stm32f10x_md.o(.text)
    __use_no_semihosting                     0x08000229   Thumb Code     2  use_no_semi_2.o(.text)
    __aeabi_ldivmod                          0x0800022b   Thumb Code     0  llsdiv.o(.text)
    _ll_sdiv                                 0x0800022b   Thumb Code    72  llsdiv.o(.text)
    __2printf                                0x08000275   Thumb Code    20  __2printf.o(.text)
    _printf_pre_padding                      0x0800028d   Thumb Code    44  _printf_pad.o(.text)
    _printf_post_padding                     0x080002b9   Thumb Code    34  _printf_pad.o(.text)
    _printf_str                              0x080002db   Thumb Code    82  _printf_str.o(.text)
    _printf_int_dec                          0x0800032d   Thumb Code   104  _printf_dec.o(.text)
    _printf_longlong_hex                     0x080003a5   Thumb Code    86  _printf_hex_int_ll_ptr.o(.text)
    _printf_int_hex                          0x080003fb   Thumb Code    28  _printf_hex_int_ll_ptr.o(.text)
    _printf_ll_hex                           0x08000417   Thumb Code    12  _printf_hex_int_ll_ptr.o(.text)
    _printf_hex_ptr                          0x08000423   Thumb Code    18  _printf_hex_int_ll_ptr.o(.text)
    __printf                                 0x08000439   Thumb Code   388  __printf_flags_ss_wp.o(.text)
    memcmp                                   0x080005c1   Thumb Code    88  memcmp.o(.text)
    __aeabi_memset                           0x08000619   Thumb Code    16  aeabi_memset.o(.text)
    __use_two_region_memory                  0x08000629   Thumb Code     2  heapauxi.o(.text)
    __rt_heap_escrow$2region                 0x0800062b   Thumb Code     2  heapauxi.o(.text)
    __rt_heap_expand$2region                 0x0800062d   Thumb Code     2  heapauxi.o(.text)
    __I$use$semihosting                      0x0800062f   Thumb Code     0  use_no_semi.o(.text)
    __use_no_semihosting_swi                 0x0800062f   Thumb Code     2  use_no_semi.o(.text)
    __aeabi_uldivmod                         0x08000631   Thumb Code     0  lludivv7m.o(.text)
    _ll_udiv                                 0x08000631   Thumb Code   238  lludivv7m.o(.text)
    __read_errno                             0x0800071f   Thumb Code    10  _rserrno.o(.text)
    __set_errno                              0x08000729   Thumb Code    12  _rserrno.o(.text)
    _printf_int_common                       0x08000735   Thumb Code   178  _printf_intcommon.o(.text)
    _printf_char_common                      0x080007f3   Thumb Code    32  _printf_char_common.o(.text)
    _printf_cs_common                        0x08000819   Thumb Code    20  _printf_char.o(.text)
    _printf_char                             0x0800082d   Thumb Code    16  _printf_char.o(.text)
    _printf_string                           0x0800083d   Thumb Code     8  _printf_char.o(.text)
    _printf_char_file                        0x08000845   Thumb Code    32  _printf_char_file.o(.text)
    __aeabi_memclr                           0x08000869   Thumb Code     0  rt_memclr.o(.text)
    __rt_memclr                              0x08000869   Thumb Code    68  rt_memclr.o(.text)
    _memset                                  0x0800086d   Thumb Code     0  rt_memclr.o(.text)
    __aeabi_errno_addr                       0x080008ad   Thumb Code     8  rt_errno_addr_intlibspace.o(.text)
    __errno$intlibspace                      0x080008ad   Thumb Code     0  rt_errno_addr_intlibspace.o(.text)
    __rt_errno_addr$intlibspace              0x080008ad   Thumb Code     0  rt_errno_addr_intlibspace.o(.text)
    ferror                                   0x080008b5   Thumb Code     8  ferror.o(.text)
    __aeabi_memclr4                          0x080008bd   Thumb Code     0  rt_memclr_w.o(.text)
    __aeabi_memclr8                          0x080008bd   Thumb Code     0  rt_memclr_w.o(.text)
    __rt_memclr_w                            0x080008bd   Thumb Code    78  rt_memclr_w.o(.text)
    _memset_w                                0x080008c1   Thumb Code     0  rt_memclr_w.o(.text)
    __user_libspace                          0x0800090d   Thumb Code     8  libspace.o(.text)
    __user_perproc_libspace                  0x0800090d   Thumb Code     0  libspace.o(.text)
    __user_perthread_libspace                0x0800090d   Thumb Code     0  libspace.o(.text)
    __user_setup_stackheap                   0x08000915   Thumb Code    74  sys_stackheap_outer.o(.text)
    exit                                     0x0800095f   Thumb Code    12  exit.o(.text)
    BusFault_Handler                         0x0800096b   Thumb Code     4  stm32f10x_it.o(i.BusFault_Handler)
    DMA_DeInit                               0x08000971   Thumb Code   324  stm32f10x_dma.o(i.DMA_DeInit)
    DMA_Init                                 0x08000abd   Thumb Code    60  stm32f10x_dma.o(i.DMA_Init)
    DebugMon_Handler                         0x08000af9   Thumb Code     2  stm32f10x_it.o(i.DebugMon_Handler)
    GPIO_Init                                0x08000afb   Thumb Code   278  stm32f10x_gpio.o(i.GPIO_Init)
    GPIO_PinRemapConfig                      0x08000c11   Thumb Code   138  stm32f10x_gpio.o(i.GPIO_PinRemapConfig)
    GPIO_ResetBits                           0x08000ca1   Thumb Code     4  stm32f10x_gpio.o(i.GPIO_ResetBits)
    GPIO_SetBits                             0x08000ca5   Thumb Code     4  stm32f10x_gpio.o(i.GPIO_SetBits)
    HardFault_Handler                        0x08000ca9   Thumb Code     4  stm32f10x_it.o(i.HardFault_Handler)
    IIC_Ack                                  0x08000cad   Thumb Code    66  myiic.o(i.IIC_Ack)
    IIC_Init                                 0x08000cfd   Thumb Code    52  myiic.o(i.IIC_Init)
    IIC_NAck                                 0x08000d3d   Thumb Code    66  myiic.o(i.IIC_NAck)
    IIC_Read_Byte                            0x08000d8d   Thumb Code    98  myiic.o(i.IIC_Read_Byte)
    IIC_Send_Byte                            0x08000dfd   Thumb Code    90  myiic.o(i.IIC_Send_Byte)
    IIC_Start                                0x08000e65   Thumb Code    64  myiic.o(i.IIC_Start)
    IIC_Stop                                 0x08000eb1   Thumb Code    62  myiic.o(i.IIC_Stop)
    IIC_Wait_Ack                             0x08000efd   Thumb Code    86  myiic.o(i.IIC_Wait_Ack)
    LED_Init                                 0x08000f61   Thumb Code   122  led.o(i.LED_Init)
    MPU_Get_Accelerometer                    0x08000fe9   Thumb Code    80  mpu6050.o(i.MPU_Get_Accelerometer)
    MPU_Get_Gyroscope                        0x08001039   Thumb Code    80  mpu6050.o(i.MPU_Get_Gyroscope)
    MPU_Get_Temperature                      0x08001089   Thumb Code    86  mpu6050.o(i.MPU_Get_Temperature)
    MPU_Init                                 0x080010f1   Thumb Code   252  mpu6050.o(i.MPU_Init)
    MPU_Read_Byte                            0x08001205   Thumb Code    58  mpu6050.o(i.MPU_Read_Byte)
    MPU_Read_Len                             0x0800123f   Thumb Code   116  mpu6050.o(i.MPU_Read_Len)
    MPU_Set_Accel_Fsr                        0x080012b3   Thumb Code    16  mpu6050.o(i.MPU_Set_Accel_Fsr)
    MPU_Set_Gyro_Fsr                         0x080012c3   Thumb Code    16  mpu6050.o(i.MPU_Set_Gyro_Fsr)
    MPU_Set_LPF                              0x080012d3   Thumb Code    58  mpu6050.o(i.MPU_Set_LPF)
    MPU_Set_Rate                             0x0800130d   Thumb Code    58  mpu6050.o(i.MPU_Set_Rate)
    MPU_Write_Byte                           0x08001347   Thumb Code    68  mpu6050.o(i.MPU_Write_Byte)
    MPU_Write_Len                            0x0800138b   Thumb Code    96  mpu6050.o(i.MPU_Write_Len)
    MemManage_Handler                        0x080013eb   Thumb Code     4  stm32f10x_it.o(i.MemManage_Handler)
    NMI_Handler                              0x080013ef   Thumb Code     2  stm32f10x_it.o(i.NMI_Handler)
    NVIC_Init                                0x080013f1   Thumb Code   100  misc.o(i.NVIC_Init)
    NVIC_PriorityGroupConfig                 0x08001461   Thumb Code    10  misc.o(i.NVIC_PriorityGroupConfig)
    PendSV_Handler                           0x08001475   Thumb Code     2  stm32f10x_it.o(i.PendSV_Handler)
    RCC_AHBPeriphClockCmd                    0x08001479   Thumb Code    26  stm32f10x_rcc.o(i.RCC_AHBPeriphClockCmd)
    RCC_APB1PeriphClockCmd                   0x08001499   Thumb Code    26  stm32f10x_rcc.o(i.RCC_APB1PeriphClockCmd)
    RCC_APB1PeriphResetCmd                   0x080014b9   Thumb Code    26  stm32f10x_rcc.o(i.RCC_APB1PeriphResetCmd)
    RCC_APB2PeriphClockCmd                   0x080014d9   Thumb Code    26  stm32f10x_rcc.o(i.RCC_APB2PeriphClockCmd)
    RCC_APB2PeriphResetCmd                   0x080014f9   Thumb Code    26  stm32f10x_rcc.o(i.RCC_APB2PeriphResetCmd)
    RCC_GetClocksFreq                        0x08001519   Thumb Code   192  stm32f10x_rcc.o(i.RCC_GetClocksFreq)
    SVC_Handler                              0x080015ed   Thumb Code     2  stm32f10x_it.o(i.SVC_Handler)
    SysTick_CLKSourceConfig                  0x080016d9   Thumb Code    40  misc.o(i.SysTick_CLKSourceConfig)
    SysTick_Handler                          0x08001701   Thumb Code     2  stm32f10x_it.o(i.SysTick_Handler)
    SystemInit                               0x08001705   Thumb Code    78  system_stm32f10x.o(i.SystemInit)
    TIM1_CC_IRQHandler                       0x08001765   Thumb Code   112  lenth.o(i.TIM1_CC_IRQHandler)
    TIM1_UP_IRQHandler                       0x080017dd   Thumb Code    12  lenth.o(i.TIM1_UP_IRQHandler)
    TIM2_IRQHandler                          0x080017ed   Thumb Code    52  usmart.o(i.TIM2_IRQHandler)
    TIM4_IRQHandler                          0x08001825   Thumb Code    40  usart2.o(i.TIM4_IRQHandler)
    TIM4_Init                                0x08001855   Thumb Code    82  usart2.o(i.TIM4_Init)
    TIM4_Set                                 0x080018ad   Thumb Code    34  usart2.o(i.TIM4_Set)
    TIM_ClearITPendingBit                    0x080018d5   Thumb Code     6  stm32f10x_tim.o(i.TIM_ClearITPendingBit)
    TIM_Cmd                                  0x080018db   Thumb Code    24  stm32f10x_tim.o(i.TIM_Cmd)
    TIM_GetCapture4                          0x080018f3   Thumb Code     8  stm32f10x_tim.o(i.TIM_GetCapture4)
    TIM_GetITStatus                          0x080018fb   Thumb Code    34  stm32f10x_tim.o(i.TIM_GetITStatus)
    TIM_ITConfig                             0x0800191d   Thumb Code    18  stm32f10x_tim.o(i.TIM_ITConfig)
    TIM_OC4PolarityConfig                    0x0800192f   Thumb Code    26  stm32f10x_tim.o(i.TIM_OC4PolarityConfig)
    TIM_SetCounter                           0x08001949   Thumb Code     4  stm32f10x_tim.o(i.TIM_SetCounter)
    TIM_TimeBaseInit                         0x0800194d   Thumb Code   122  stm32f10x_tim.o(i.TIM_TimeBaseInit)
    Timer2_Init                              0x080019f1   Thumb Code    76  usmart.o(i.Timer2_Init)
    UART_DMA_Config                          0x08001a41   Thumb Code    72  usart2.o(i.UART_DMA_Config)
    USART1_IRQHandler                        0x08001a89   Thumb Code   122  usart.o(i.USART1_IRQHandler)
    USART2_IRQHandler                        0x08001b11   Thumb Code    84  usart2.o(i.USART2_IRQHandler)
    USART2_Init                              0x08001b75   Thumb Code   204  usart2.o(i.USART2_Init)
    USART_Cmd                                0x08001c55   Thumb Code    24  stm32f10x_usart.o(i.USART_Cmd)
    USART_DMACmd                             0x08001c6d   Thumb Code    18  stm32f10x_usart.o(i.USART_DMACmd)
    USART_DeInit                             0x08001c81   Thumb Code   134  stm32f10x_usart.o(i.USART_DeInit)
    USART_GetITStatus                        0x08001d1d   Thumb Code    84  stm32f10x_usart.o(i.USART_GetITStatus)
    USART_ITConfig                           0x08001d71   Thumb Code    74  stm32f10x_usart.o(i.USART_ITConfig)
    USART_Init                               0x08001dbd   Thumb Code   210  stm32f10x_usart.o(i.USART_Init)
    USART_ReceiveData                        0x08001e95   Thumb Code    10  stm32f10x_usart.o(i.USART_ReceiveData)
    UsageFault_Handler                       0x08001e9f   Thumb Code     4  stm32f10x_it.o(i.UsageFault_Handler)
    __ARM_fpclassify                         0x08001ea3   Thumb Code    40  fpclassify.o(i.__ARM_fpclassify)
    __ieee754_rem_pio2                       0x08001ecd   Thumb Code   828  rred.o(i.__ieee754_rem_pio2)
    __kernel_cos                             0x08002255   Thumb Code   230  cos_i.o(i.__kernel_cos)
    __kernel_poly                            0x08002351   Thumb Code   170  poly.o(i.__kernel_poly)
    __kernel_sin                             0x080023fd   Thumb Code   224  sin_i.o(i.__kernel_sin)
    __mathlib_dbl_infnan                     0x080024e9   Thumb Code     6  dunder.o(i.__mathlib_dbl_infnan)
    __mathlib_dbl_infnan2                    0x080024ef   Thumb Code     4  dunder.o(i.__mathlib_dbl_infnan2)
    __mathlib_dbl_invalid                    0x080024f3   Thumb Code    12  dunder.o(i.__mathlib_dbl_invalid)
    __mathlib_dbl_underflow                  0x08002501   Thumb Code    10  dunder.o(i.__mathlib_dbl_underflow)
    _is_digit                                0x08002511   Thumb Code    14  __printf_wp.o(i._is_digit)
    _sys_exit                                0x0800251f   Thumb Code     6  usart.o(i._sys_exit)
    a                                        0x08002525   Thumb Code    36  mpu6050.o(i.a)
    asin                                     0x080025f9   Thumb Code   572  asin.o(i.asin)
    atan                                     0x08002869   Thumb Code   474  atan.o(i.atan)
    atan2                                    0x08002a89   Thumb Code   346  atan2.o(i.atan2)
    delay_init                               0x08002c6d   Thumb Code    50  delay.o(i.delay_init)
    delay_ms                                 0x08002cb1   Thumb Code    72  delay.o(i.delay_ms)
    delay_us                                 0x08002cfd   Thumb Code    72  delay.o(i.delay_us)
    dmp_enable_6x_lp_quat                    0x08002d49   Thumb Code    60  inv_mpu_dmp_motion_driver.o(i.dmp_enable_6x_lp_quat)
    dmp_enable_feature                       0x08002d85   Thumb Code   530  inv_mpu_dmp_motion_driver.o(i.dmp_enable_feature)
    dmp_enable_gyro_cal                      0x08002fa1   Thumb Code    62  inv_mpu_dmp_motion_driver.o(i.dmp_enable_gyro_cal)
    dmp_enable_lp_quat                       0x08002ff9   Thumb Code    60  inv_mpu_dmp_motion_driver.o(i.dmp_enable_lp_quat)
    dmp_load_motion_driver_firmware          0x08003035   Thumb Code    20  inv_mpu_dmp_motion_driver.o(i.dmp_load_motion_driver_firmware)
    dmp_read_fifo                            0x0800304d   Thumb Code   456  inv_mpu_dmp_motion_driver.o(i.dmp_read_fifo)
    dmp_set_accel_bias                       0x08003219   Thumb Code   300  inv_mpu_dmp_motion_driver.o(i.dmp_set_accel_bias)
    dmp_set_fifo_rate                        0x08003349   Thumb Code    96  inv_mpu_dmp_motion_driver.o(i.dmp_set_fifo_rate)
    dmp_set_gyro_bias                        0x080033b9   Thumb Code   294  inv_mpu_dmp_motion_driver.o(i.dmp_set_gyro_bias)
    dmp_set_orientation                      0x080034e9   Thumb Code   290  inv_mpu_dmp_motion_driver.o(i.dmp_set_orientation)
    dmp_set_shake_reject_thresh              0x08003621   Thumb Code    56  inv_mpu_dmp_motion_driver.o(i.dmp_set_shake_reject_thresh)
    dmp_set_shake_reject_time                0x08003659   Thumb Code    38  inv_mpu_dmp_motion_driver.o(i.dmp_set_shake_reject_time)
    dmp_set_shake_reject_timeout             0x0800367f   Thumb Code    38  inv_mpu_dmp_motion_driver.o(i.dmp_set_shake_reject_timeout)
    dmp_set_tap_axes                         0x080036a5   Thumb Code    70  inv_mpu_dmp_motion_driver.o(i.dmp_set_tap_axes)
    dmp_set_tap_count                        0x080036eb   Thumb Code    38  inv_mpu_dmp_motion_driver.o(i.dmp_set_tap_count)
    dmp_set_tap_thresh                       0x08003711   Thumb Code   396  inv_mpu_dmp_motion_driver.o(i.dmp_set_tap_thresh)
    dmp_set_tap_time                         0x080038b1   Thumb Code    38  inv_mpu_dmp_motion_driver.o(i.dmp_set_tap_time)
    dmp_set_tap_time_multi                   0x080038d7   Thumb Code    38  inv_mpu_dmp_motion_driver.o(i.dmp_set_tap_time_multi)
    fputc                                    0x080038fd   Thumb Code    24  usart.o(i.fputc)
    inv_orientation_matrix_to_scalar         0x08003f4d   Thumb Code    40  inv_mpu.o(i.inv_orientation_matrix_to_scalar)
    inv_row_2_scale                          0x08003f75   Thumb Code    78  inv_mpu.o(i.inv_row_2_scale)
    main                                     0x08003fc5   Thumb Code   268  main.o(i.main)
    mem_free                                 0x08004139   Thumb Code    66  malloc.o(i.mem_free)
    mem_init                                 0x08004181   Thumb Code    38  malloc.o(i.mem_init)
    mem_malloc                               0x080041ad   Thumb Code   116  malloc.o(i.mem_malloc)
    mem_perused                              0x08004225   Thumb Code    42  malloc.o(i.mem_perused)
    mget_ms                                  0x08004255   Thumb Code     2  inv_mpu.o(i.mget_ms)
    mpu_configure_fifo                       0x08004259   Thumb Code   106  inv_mpu.o(i.mpu_configure_fifo)
    mpu_dmp_get_data                         0x080042c9   Thumb Code   544  inv_mpu.o(i.mpu_dmp_get_data)
    mpu_dmp_init                             0x080044ed   Thumb Code   150  inv_mpu.o(i.mpu_dmp_init)
    mpu_get_accel_fsr                        0x08004589   Thumb Code    72  inv_mpu.o(i.mpu_get_accel_fsr)
    mpu_get_accel_sens                       0x080045d5   Thumb Code    78  inv_mpu.o(i.mpu_get_accel_sens)
    mpu_get_fifo_config                      0x08004629   Thumb Code    12  inv_mpu.o(i.mpu_get_fifo_config)
    mpu_get_gyro_fsr                         0x08004639   Thumb Code    64  inv_mpu.o(i.mpu_get_gyro_fsr)
    mpu_get_gyro_sens                        0x0800467d   Thumb Code    58  inv_mpu.o(i.mpu_get_gyro_sens)
    mpu_get_lpf                              0x080046cd   Thumb Code    74  inv_mpu.o(i.mpu_get_lpf)
    mpu_get_sample_rate                      0x0800471d   Thumb Code    26  inv_mpu.o(i.mpu_get_sample_rate)
    mpu_init                                 0x0800473d   Thumb Code   416  inv_mpu.o(i.mpu_init)
    mpu_load_firmware                        0x0800492d   Thumb Code   180  inv_mpu.o(i.mpu_load_firmware)
    mpu_lp_accel_mode                        0x080049e5   Thumb Code   218  inv_mpu.o(i.mpu_lp_accel_mode)
    mpu_read_fifo_stream                     0x08004ac5   Thumb Code   186  inv_mpu.o(i.mpu_read_fifo_stream)
    mpu_read_mem                             0x08004b85   Thumb Code   122  inv_mpu.o(i.mpu_read_mem)
    mpu_reset_fifo                           0x08004c05   Thumb Code   450  inv_mpu.o(i.mpu_reset_fifo)
    mpu_run_self_test                        0x08004dcd   Thumb Code   278  inv_mpu.o(i.mpu_run_self_test)
    mpu_set_accel_fsr                        0x08004ee9   Thumb Code   126  inv_mpu.o(i.mpu_set_accel_fsr)
    mpu_set_bypass                           0x08004f6d   Thumb Code   328  inv_mpu.o(i.mpu_set_bypass)
    mpu_set_dmp_state                        0x080050b9   Thumb Code   138  inv_mpu.o(i.mpu_set_dmp_state)
    mpu_set_gyro_fsr                         0x08005149   Thumb Code   132  inv_mpu.o(i.mpu_set_gyro_fsr)
    mpu_set_int_latched                      0x080051d1   Thumb Code   102  inv_mpu.o(i.mpu_set_int_latched)
    mpu_set_lpf                              0x0800523d   Thumb Code   126  inv_mpu.o(i.mpu_set_lpf)
    mpu_set_sample_rate                      0x080052c1   Thumb Code   152  inv_mpu.o(i.mpu_set_sample_rate)
    mpu_set_sensors                          0x0800535d   Thumb Code   202  inv_mpu.o(i.mpu_set_sensors)
    mpu_write_mem                            0x0800542d   Thumb Code   122  inv_mpu.o(i.mpu_write_mem)
    myfree                                   0x080054ad   Thumb Code    24  malloc.o(i.myfree)
    mymalloc                                 0x080054c9   Thumb Code    28  malloc.o(i.mymalloc)
    mymemset                                 0x080054e9   Thumb Code    20  malloc.o(i.mymemset)
    read_addr                                0x080054fd   Thumb Code     6  usmart.o(i.read_addr)
    run_self_test                            0x08005503   Thumb Code   148  inv_mpu.o(i.run_self_test)
    scan                                     0x08005599   Thumb Code    28  led.o(i.scan)
    sin                                      0x08005649   Thumb Code   150  sin.o(i.sin)
    sqrt                                     0x080056e9   Thumb Code    76  sqrt.o(i.sqrt)
    test_time_read                           0x08005735   Thumb Code    80  mpu6050.o(i.test_time_read)
    uart_init                                0x080057c1   Thumb Code   152  usart.o(i.uart_init)
    usmart_cmd_rec                           0x08005861   Thumb Code   170  usmart.o(i.usmart_cmd_rec)
    usmart_exe                               0x08005911   Thumb Code   634  usmart.o(i.usmart_exe)
    usmart_get_aparm                         0x08005be9   Thumb Code   200  usmart_str.o(i.usmart_get_aparm)
    usmart_get_cmdname                       0x08005cb1   Thumb Code    54  usmart_str.o(i.usmart_get_cmdname)
    usmart_get_fname                         0x08005ce9   Thumb Code   440  usmart_str.o(i.usmart_get_fname)
    usmart_get_fparam                        0x08005ea9   Thumb Code   262  usmart_str.o(i.usmart_get_fparam)
    usmart_get_parmpos                       0x08005fb5   Thumb Code    26  usmart_str.o(i.usmart_get_parmpos)
    usmart_get_runtime                       0x08005fd5   Thumb Code    58  usmart.o(i.usmart_get_runtime)
    usmart_init                              0x08006015   Thumb Code    36  usmart.o(i.usmart_init)
    usmart_pow                               0x0800603d   Thumb Code    22  usmart_str.o(i.usmart_pow)
    usmart_reset_runtime                     0x08006055   Thumb Code    34  usmart.o(i.usmart_reset_runtime)
    usmart_scan                              0x0800607d   Thumb Code   120  usmart.o(i.usmart_scan)
    usmart_search_nextc                      0x08006139   Thumb Code    22  usmart_str.o(i.usmart_search_nextc)
    usmart_str2num                           0x0800614f   Thumb Code   202  usmart_str.o(i.usmart_str2num)
    usmart_strcmp                            0x08006219   Thumb Code    34  usmart_str.o(i.usmart_strcmp)
    usmart_strcopy                           0x0800623b   Thumb Code    22  usmart_str.o(i.usmart_strcopy)
    usmart_strlen                            0x08006251   Thumb Code    24  usmart_str.o(i.usmart_strlen)
    usmart_sys_cmd_exe                       0x08006269   Thumb Code  1554  usmart.o(i.usmart_sys_cmd_exe)
    write_addr                               0x0800694d   Thumb Code     4  usmart.o(i.write_addr)
    __aeabi_d2f                              0x08006951   Thumb Code     0  d2f.o(x$fpl$d2f)
    _d2f                                     0x08006951   Thumb Code    98  d2f.o(x$fpl$d2f)
    __aeabi_dadd                             0x080069b5   Thumb Code     0  daddsub_clz.o(x$fpl$dadd)
    _dadd                                    0x080069b5   Thumb Code   332  daddsub_clz.o(x$fpl$dadd)
    __fpl_dcheck_NaN1                        0x08006b05   Thumb Code    10  dcheck1.o(x$fpl$dcheck1)
    __aeabi_ddiv                             0x08006b15   Thumb Code     0  ddiv.o(x$fpl$ddiv)
    _ddiv                                    0x08006b15   Thumb Code   552  ddiv.o(x$fpl$ddiv)
    __aeabi_d2iz                             0x08006dc5   Thumb Code     0  dfix.o(x$fpl$dfix)
    _dfix                                    0x08006dc5   Thumb Code    94  dfix.o(x$fpl$dfix)
    __aeabi_i2d                              0x08006e23   Thumb Code     0  dflt_clz.o(x$fpl$dflt)
    _dflt                                    0x08006e23   Thumb Code    46  dflt_clz.o(x$fpl$dflt)
    __aeabi_ui2d                             0x08006e51   Thumb Code     0  dflt_clz.o(x$fpl$dfltu)
    _dfltu                                   0x08006e51   Thumb Code    38  dflt_clz.o(x$fpl$dfltu)
    __aeabi_dmul                             0x08006e79   Thumb Code     0  dmul.o(x$fpl$dmul)
    _dmul                                    0x08006e79   Thumb Code   332  dmul.o(x$fpl$dmul)
    __fpl_dnaninf                            0x08006fcd   Thumb Code   156  dnaninf.o(x$fpl$dnaninf)
    __fpl_dretinf                            0x08007069   Thumb Code    12  dretinf.o(x$fpl$dretinf)
    __aeabi_drsub                            0x08007075   Thumb Code     0  daddsub_clz.o(x$fpl$drsb)
    _drsb                                    0x08007075   Thumb Code    22  daddsub_clz.o(x$fpl$drsb)
    _dsqrt                                   0x0800708d   Thumb Code   456  dsqrt_noumaal.o(x$fpl$dsqrt)
    __aeabi_dsub                             0x08007259   Thumb Code     0  daddsub_clz.o(x$fpl$dsub)
    _dsub                                    0x08007259   Thumb Code   464  daddsub_clz.o(x$fpl$dsub)
    __aeabi_f2d                              0x0800742d   Thumb Code     0  f2d.o(x$fpl$f2d)
    _f2d                                     0x0800742d   Thumb Code    86  f2d.o(x$fpl$f2d)
    __aeabi_fadd                             0x08007485   Thumb Code     0  faddsub_clz.o(x$fpl$fadd)
    _fadd                                    0x08007485   Thumb Code   196  faddsub_clz.o(x$fpl$fadd)
    __fpl_fcmp_Inf                           0x08007549   Thumb Code    24  fcmpi.o(x$fpl$fcmpinf)
    __aeabi_fdiv                             0x08007561   Thumb Code     0  fdiv.o(x$fpl$fdiv)
    _fdiv                                    0x08007561   Thumb Code   384  fdiv.o(x$fpl$fdiv)
    __aeabi_cfcmpeq                          0x080076e5   Thumb Code     0  feqf.o(x$fpl$feqf)
    _fcmpeq                                  0x080076e5   Thumb Code   104  feqf.o(x$fpl$feqf)
    __aeabi_f2iz                             0x0800774d   Thumb Code     0  ffix.o(x$fpl$ffix)
    _ffix                                    0x0800774d   Thumb Code    54  ffix.o(x$fpl$ffix)
    __aeabi_f2uiz                            0x08007785   Thumb Code     0  ffixu.o(x$fpl$ffixu)
    _ffixu                                   0x08007785   Thumb Code    62  ffixu.o(x$fpl$ffixu)
    __aeabi_i2f                              0x080077c5   Thumb Code     0  fflt_clz.o(x$fpl$fflt)
    _fflt                                    0x080077c5   Thumb Code    48  fflt_clz.o(x$fpl$fflt)
    __aeabi_ui2f                             0x080077f5   Thumb Code     0  fflt_clz.o(x$fpl$ffltu)
    _ffltu                                   0x080077f5   Thumb Code    38  fflt_clz.o(x$fpl$ffltu)
    __aeabi_cfcmple                          0x0800781d   Thumb Code     0  fleqf.o(x$fpl$fleqf)
    _fcmple                                  0x0800781d   Thumb Code   104  fleqf.o(x$fpl$fleqf)
    __fpl_fcmple_InfNaN                      0x0800786f   Thumb Code     0  fleqf.o(x$fpl$fleqf)
    __aeabi_fmul                             0x08007885   Thumb Code     0  fmul.o(x$fpl$fmul)
    _fmul                                    0x08007885   Thumb Code   258  fmul.o(x$fpl$fmul)
    __fpl_fnaninf                            0x08007987   Thumb Code   140  fnaninf.o(x$fpl$fnaninf)
    __fpl_fretinf                            0x08007a13   Thumb Code    10  fretinf.o(x$fpl$fretinf)
    __aeabi_cfrcmple                         0x08007a1d   Thumb Code     0  frleqf.o(x$fpl$frleqf)
    _frcmple                                 0x08007a1d   Thumb Code    98  frleqf.o(x$fpl$frleqf)
    __aeabi_fsub                             0x08007a81   Thumb Code     0  faddsub_clz.o(x$fpl$fsub)
    _fsub                                    0x08007a81   Thumb Code   234  faddsub_clz.o(x$fpl$fsub)
    __fpl_return_NaN                         0x08007b6b   Thumb Code   100  retnan.o(x$fpl$retnan)
    __ARM_scalbn                             0x08007bcf   Thumb Code    92  scalbn.o(x$fpl$scalbn)
    __fpl_cmpreturn                          0x08007c2b   Thumb Code    48  trapv.o(x$fpl$trapveneer)
    __I$use$fp                               0x08007c5a   Number         0  usenofp.o(x$fpl$usenofp)
    reg                                      0x08007c5c   Data          27  inv_mpu.o(.constdata)
    hw                                       0x08007c78   Data          12  inv_mpu.o(.constdata)
    test                                     0x08007c84   Data          40  inv_mpu.o(.constdata)
    __mathlib_zero                           0x080089f8   Data           8  qnan.o(.constdata)
    Region$$Table$$Base                      0x08008c50   Number         0  anon$$obj.o(Region$$Table)
    Region$$Table$$Limit                     0x08008c70   Number         0  anon$$obj.o(Region$$Table)
    SystemCoreClock                          0x20000014   Data           4  system_stm32f10x.o(.data)
    AHBPrescTable                            0x20000018   Data          16  system_stm32f10x.o(.data)
    __stdout                                 0x2000002c   Data           4  usart.o(.data)
    USART_RX_STA                             0x20000030   Data           2  usart.o(.data)
    aacx                                     0x20000034   Data           2  mpu6050.o(.data)
    aacy                                     0x20000036   Data           2  mpu6050.o(.data)
    aacz                                     0x20000038   Data           2  mpu6050.o(.data)
    xSum                                     0x2000003c   Data           4  mpu6050.o(.data)
    ySum                                     0x20000040   Data           4  mpu6050.o(.data)
    zSum                                     0x20000044   Data           4  mpu6050.o(.data)
    gyrox                                    0x20000048   Data           2  mpu6050.o(.data)
    gyroy                                    0x2000004a   Data           2  mpu6050.o(.data)
    gyroz                                    0x2000004c   Data           2  mpu6050.o(.data)
    temp                                     0x20000050   Data           4  mpu6050.o(.data)
    pitch                                    0x20000054   Data           4  mpu6050.o(.data)
    roll                                     0x20000058   Data           4  mpu6050.o(.data)
    yaw                                      0x2000005c   Data           4  mpu6050.o(.data)
    yaw_old                                  0x20000060   Data           4  mpu6050.o(.data)
    Tim1_Sta                                 0x2000009c   Data           4  lenth.o(.data)
    sys_cmd_tab                              0x200000a0   Data          28  usmart.o(.data)
    usmart_nametab                           0x200000bc   Data          72  usmart_config.o(.data)
    usmart_dev                               0x20000104   Data         244  usmart_config.o(.data)
    mallco_dev                               0x200001f8   Data          20  malloc.o(.data)
    USART2_RX_STA                            0x2000020c   Data           2  usart2.o(.data)
    USART_RX_BUF                             0x20000210   Data         200  usart.o(.bss)
    x                                        0x200002d8   Data          20  mpu6050.o(.bss)
    y                                        0x200002ec   Data          20  mpu6050.o(.bss)
    z                                        0x20000300   Data          20  mpu6050.o(.bss)
    membase                                  0x20000324   Data       10240  malloc.o(.bss)
    memmapbase                               0x20002b24   Data         640  malloc.o(.bss)
    Data                                     0x20002da4   Data          12  gsm.o(.bss)
    USART2_TX_BUF                            0x20002db0   Data        1024  usart2.o(.bss)
    USART2_RX_BUF                            0x200031b0   Data        1024  usart2.o(.bss)
    __libspace_start                         0x200035b0   Data          96  libspace.o(.bss)
    __temporary_stack_top$libspace           0x20003610   Data           0  libspace.o(.bss)



==============================================================================

Memory Map of the image

  Image Entry point : 0x080000ed

  Load Region LR_IROM1 (Base: 0x08000000, Size: 0x00008e80, Max: 0x00010000, ABSOLUTE, COMPRESSED[0x00008d18])

    Execution Region ER_IROM1 (Base: 0x08000000, Size: 0x00008c70, Max: 0x00010000, ABSOLUTE)

    Base Addr    Size         Type   Attr      Idx    E Section Name        Object

    0x08000000   0x000000ec   Data   RO         3279    RESET               startup_stm32f10x_md.o
    0x080000ec   0x00000008   Code   RO         4595  * !!!main             c_w.l(__main.o)
    0x080000f4   0x00000034   Code   RO         5037    !!!scatter          c_w.l(__scatter.o)
    0x08000128   0x0000005a   Code   RO         5035    !!dczerorl2         c_w.l(__dczerorl2.o)
    0x08000182   0x00000002   PAD
    0x08000184   0x0000001c   Code   RO         5039    !!handler_zi        c_w.l(__scatter_zi.o)
    0x080001a0   0x00000000   Code   RO         4584    .ARM.Collect$$_printf_percent$$00000000  c_w.l(_printf_percent.o)
    0x080001a0   0x00000006   Code   RO         4582    .ARM.Collect$$_printf_percent$$00000009  c_w.l(_printf_d.o)
    0x080001a6   0x00000006   Code   RO         4583    .ARM.Collect$$_printf_percent$$0000000A  c_w.l(_printf_u.o)
    0x080001ac   0x00000006   Code   RO         4581    .ARM.Collect$$_printf_percent$$0000000C  c_w.l(_printf_x.o)
    0x080001b2   0x00000006   Code   RO         4579    .ARM.Collect$$_printf_percent$$00000013  c_w.l(_printf_c.o)
    0x080001b8   0x00000006   Code   RO         4580    .ARM.Collect$$_printf_percent$$00000014  c_w.l(_printf_s.o)
    0x080001be   0x00000004   Code   RO         4717    .ARM.Collect$$_printf_percent$$00000017  c_w.l(_printf_percent_end.o)
    0x080001c2   0x00000002   Code   RO         4896    .ARM.Collect$$libinit$$00000000  c_w.l(libinit.o)
    0x080001c4   0x00000000   Code   RO         4915    .ARM.Collect$$libinit$$00000002  c_w.l(libinit2.o)
    0x080001c4   0x00000000   Code   RO         4917    .ARM.Collect$$libinit$$00000004  c_w.l(libinit2.o)
    0x080001c4   0x00000000   Code   RO         4920    .ARM.Collect$$libinit$$0000000A  c_w.l(libinit2.o)
    0x080001c4   0x00000000   Code   RO         4922    .ARM.Collect$$libinit$$0000000C  c_w.l(libinit2.o)
    0x080001c4   0x00000000   Code   RO         4924    .ARM.Collect$$libinit$$0000000E  c_w.l(libinit2.o)
    0x080001c4   0x00000000   Code   RO         4927    .ARM.Collect$$libinit$$00000011  c_w.l(libinit2.o)
    0x080001c4   0x00000000   Code   RO         4929    .ARM.Collect$$libinit$$00000013  c_w.l(libinit2.o)
    0x080001c4   0x00000000   Code   RO         4931    .ARM.Collect$$libinit$$00000015  c_w.l(libinit2.o)
    0x080001c4   0x00000000   Code   RO         4933    .ARM.Collect$$libinit$$00000017  c_w.l(libinit2.o)
    0x080001c4   0x00000000   Code   RO         4935    .ARM.Collect$$libinit$$00000019  c_w.l(libinit2.o)
    0x080001c4   0x00000000   Code   RO         4937    .ARM.Collect$$libinit$$0000001B  c_w.l(libinit2.o)
    0x080001c4   0x00000000   Code   RO         4939    .ARM.Collect$$libinit$$0000001D  c_w.l(libinit2.o)
    0x080001c4   0x00000000   Code   RO         4941    .ARM.Collect$$libinit$$0000001F  c_w.l(libinit2.o)
    0x080001c4   0x00000000   Code   RO         4943    .ARM.Collect$$libinit$$00000021  c_w.l(libinit2.o)
    0x080001c4   0x00000000   Code   RO         4945    .ARM.Collect$$libinit$$00000023  c_w.l(libinit2.o)
    0x080001c4   0x00000000   Code   RO         4947    .ARM.Collect$$libinit$$00000025  c_w.l(libinit2.o)
    0x080001c4   0x00000000   Code   RO         4951    .ARM.Collect$$libinit$$0000002C  c_w.l(libinit2.o)
    0x080001c4   0x00000000   Code   RO         4953    .ARM.Collect$$libinit$$0000002E  c_w.l(libinit2.o)
    0x080001c4   0x00000000   Code   RO         4955    .ARM.Collect$$libinit$$00000030  c_w.l(libinit2.o)
    0x080001c4   0x00000000   Code   RO         4957    .ARM.Collect$$libinit$$00000032  c_w.l(libinit2.o)
    0x080001c4   0x00000002   Code   RO         4958    .ARM.Collect$$libinit$$00000033  c_w.l(libinit2.o)
    0x080001c6   0x00000002   Code   RO         4988    .ARM.Collect$$libshutdown$$00000000  c_w.l(libshutdown.o)
    0x080001c8   0x00000000   Code   RO         5003    .ARM.Collect$$libshutdown$$00000003  c_w.l(libshutdown2.o)
    0x080001c8   0x00000000   Code   RO         5006    .ARM.Collect$$libshutdown$$00000006  c_w.l(libshutdown2.o)
    0x080001c8   0x00000000   Code   RO         5009    .ARM.Collect$$libshutdown$$00000009  c_w.l(libshutdown2.o)
    0x080001c8   0x00000000   Code   RO         5011    .ARM.Collect$$libshutdown$$0000000B  c_w.l(libshutdown2.o)
    0x080001c8   0x00000000   Code   RO         5014    .ARM.Collect$$libshutdown$$0000000E  c_w.l(libshutdown2.o)
    0x080001c8   0x00000002   Code   RO         5015    .ARM.Collect$$libshutdown$$0000000F  c_w.l(libshutdown2.o)
    0x080001ca   0x00000000   Code   RO         4679    .ARM.Collect$$rtentry$$00000000  c_w.l(__rtentry.o)
    0x080001ca   0x00000000   Code   RO         4796    .ARM.Collect$$rtentry$$00000002  c_w.l(__rtentry2.o)
    0x080001ca   0x00000006   Code   RO         4808    .ARM.Collect$$rtentry$$00000004  c_w.l(__rtentry4.o)
    0x080001d0   0x00000000   Code   RO         4798    .ARM.Collect$$rtentry$$00000009  c_w.l(__rtentry2.o)
    0x080001d0   0x00000004   Code   RO         4799    .ARM.Collect$$rtentry$$0000000A  c_w.l(__rtentry2.o)
    0x080001d4   0x00000000   Code   RO         4801    .ARM.Collect$$rtentry$$0000000C  c_w.l(__rtentry2.o)
    0x080001d4   0x00000008   Code   RO         4802    .ARM.Collect$$rtentry$$0000000D  c_w.l(__rtentry2.o)
    0x080001dc   0x00000002   Code   RO         4903    .ARM.Collect$$rtexit$$00000000  c_w.l(rtexit.o)
    0x080001de   0x00000000   Code   RO         4962    .ARM.Collect$$rtexit$$00000002  c_w.l(rtexit2.o)
    0x080001de   0x00000004   Code   RO         4963    .ARM.Collect$$rtexit$$00000003  c_w.l(rtexit2.o)
    0x080001e2   0x00000006   Code   RO         4964    .ARM.Collect$$rtexit$$00000004  c_w.l(rtexit2.o)
    0x080001e8   0x00000040   Code   RO         3280    .text               startup_stm32f10x_md.o
    0x08000228   0x00000002   Code   RO         4516    .text               c_w.l(use_no_semi_2.o)
    0x0800022a   0x00000048   Code   RO         4518    .text               c_w.l(llsdiv.o)
    0x08000272   0x00000002   PAD
    0x08000274   0x00000018   Code   RO         4522    .text               c_w.l(__2printf.o)
    0x0800028c   0x0000004e   Code   RO         4532    .text               c_w.l(_printf_pad.o)
    0x080002da   0x00000052   Code   RO         4534    .text               c_w.l(_printf_str.o)
    0x0800032c   0x00000078   Code   RO         4536    .text               c_w.l(_printf_dec.o)
    0x080003a4   0x00000094   Code   RO         4556    .text               c_w.l(_printf_hex_int_ll_ptr.o)
    0x08000438   0x00000188   Code   RO         4576    .text               c_w.l(__printf_flags_ss_wp.o)
    0x080005c0   0x00000058   Code   RO         4587    .text               c_w.l(memcmp.o)
    0x08000618   0x00000010   Code   RO         4591    .text               c_w.l(aeabi_memset.o)
    0x08000628   0x00000006   Code   RO         4593    .text               c_w.l(heapauxi.o)
    0x0800062e   0x00000002   Code   RO         4677    .text               c_w.l(use_no_semi.o)
    0x08000630   0x000000ee   Code   RO         4680    .text               c_w.l(lludivv7m.o)
    0x0800071e   0x00000016   Code   RO         4682    .text               c_w.l(_rserrno.o)
    0x08000734   0x000000b2   Code   RO         4686    .text               c_w.l(_printf_intcommon.o)
    0x080007e6   0x00000002   PAD
    0x080007e8   0x00000030   Code   RO         4690    .text               c_w.l(_printf_char_common.o)
    0x08000818   0x0000002c   Code   RO         4694    .text               c_w.l(_printf_char.o)
    0x08000844   0x00000024   Code   RO         4696    .text               c_w.l(_printf_char_file.o)
    0x08000868   0x00000044   Code   RO         4727    .text               c_w.l(rt_memclr.o)
    0x080008ac   0x00000008   Code   RO         4817    .text               c_w.l(rt_errno_addr_intlibspace.o)
    0x080008b4   0x00000008   Code   RO         4827    .text               c_w.l(ferror.o)
    0x080008bc   0x0000004e   Code   RO         4833    .text               c_w.l(rt_memclr_w.o)
    0x0800090a   0x00000002   PAD
    0x0800090c   0x00000008   Code   RO         4845    .text               c_w.l(libspace.o)
    0x08000914   0x0000004a   Code   RO         4848    .text               c_w.l(sys_stackheap_outer.o)
    0x0800095e   0x0000000c   Code   RO         4889    .text               c_w.l(exit.o)
    0x0800096a   0x00000004   Code   RO         3143    i.BusFault_Handler  stm32f10x_it.o
    0x0800096e   0x00000002   PAD
    0x08000970   0x0000014c   Code   RO          817    i.DMA_DeInit        stm32f10x_dma.o
    0x08000abc   0x0000003c   Code   RO          822    i.DMA_Init          stm32f10x_dma.o
    0x08000af8   0x00000002   Code   RO         3144    i.DebugMon_Handler  stm32f10x_it.o
    0x08000afa   0x00000116   Code   RO         1240    i.GPIO_Init         stm32f10x_gpio.o
    0x08000c10   0x00000090   Code   RO         1242    i.GPIO_PinRemapConfig  stm32f10x_gpio.o
    0x08000ca0   0x00000004   Code   RO         1247    i.GPIO_ResetBits    stm32f10x_gpio.o
    0x08000ca4   0x00000004   Code   RO         1248    i.GPIO_SetBits      stm32f10x_gpio.o
    0x08000ca8   0x00000004   Code   RO         3145    i.HardFault_Handler  stm32f10x_it.o
    0x08000cac   0x00000050   Code   RO         3527    i.IIC_Ack           myiic.o
    0x08000cfc   0x00000040   Code   RO         3528    i.IIC_Init          myiic.o
    0x08000d3c   0x00000050   Code   RO         3529    i.IIC_NAck          myiic.o
    0x08000d8c   0x00000070   Code   RO         3530    i.IIC_Read_Byte     myiic.o
    0x08000dfc   0x00000068   Code   RO         3531    i.IIC_Send_Byte     myiic.o
    0x08000e64   0x0000004c   Code   RO         3532    i.IIC_Start         myiic.o
    0x08000eb0   0x0000004c   Code   RO         3533    i.IIC_Stop          myiic.o
    0x08000efc   0x00000064   Code   RO         3534    i.IIC_Wait_Ack      myiic.o
    0x08000f60   0x00000088   Code   RO         3506    i.LED_Init          led.o
    0x08000fe8   0x00000050   Code   RO         3391    i.MPU_Get_Accelerometer  mpu6050.o
    0x08001038   0x00000050   Code   RO         3392    i.MPU_Get_Gyroscope  mpu6050.o
    0x08001088   0x00000068   Code   RO         3393    i.MPU_Get_Temperature  mpu6050.o
    0x080010f0   0x00000114   Code   RO         3394    i.MPU_Init          mpu6050.o
    0x08001204   0x0000003a   Code   RO         3395    i.MPU_Read_Byte     mpu6050.o
    0x0800123e   0x00000074   Code   RO         3396    i.MPU_Read_Len      mpu6050.o
    0x080012b2   0x00000010   Code   RO         3397    i.MPU_Set_Accel_Fsr  mpu6050.o
    0x080012c2   0x00000010   Code   RO         3398    i.MPU_Set_Gyro_Fsr  mpu6050.o
    0x080012d2   0x0000003a   Code   RO         3399    i.MPU_Set_LPF       mpu6050.o
    0x0800130c   0x0000003a   Code   RO         3400    i.MPU_Set_Rate      mpu6050.o
    0x08001346   0x00000044   Code   RO         3401    i.MPU_Write_Byte    mpu6050.o
    0x0800138a   0x00000060   Code   RO         3402    i.MPU_Write_Len     mpu6050.o
    0x080013ea   0x00000004   Code   RO         3146    i.MemManage_Handler  stm32f10x_it.o
    0x080013ee   0x00000002   Code   RO         3147    i.NMI_Handler       stm32f10x_it.o
    0x080013f0   0x00000070   Code   RO            1    i.NVIC_Init         misc.o
    0x08001460   0x00000014   Code   RO            2    i.NVIC_PriorityGroupConfig  misc.o
    0x08001474   0x00000002   Code   RO         3148    i.PendSV_Handler    stm32f10x_it.o
    0x08001476   0x00000002   PAD
    0x08001478   0x00000020   Code   RO         1655    i.RCC_AHBPeriphClockCmd  stm32f10x_rcc.o
    0x08001498   0x00000020   Code   RO         1656    i.RCC_APB1PeriphClockCmd  stm32f10x_rcc.o
    0x080014b8   0x00000020   Code   RO         1657    i.RCC_APB1PeriphResetCmd  stm32f10x_rcc.o
    0x080014d8   0x00000020   Code   RO         1658    i.RCC_APB2PeriphClockCmd  stm32f10x_rcc.o
    0x080014f8   0x00000020   Code   RO         1659    i.RCC_APB2PeriphResetCmd  stm32f10x_rcc.o
    0x08001518   0x000000d4   Code   RO         1666    i.RCC_GetClocksFreq  stm32f10x_rcc.o
    0x080015ec   0x00000002   Code   RO         3149    i.SVC_Handler       stm32f10x_it.o
    0x080015ee   0x00000008   Code   RO         3232    i.SetSysClock       system_stm32f10x.o
    0x080015f6   0x00000002   PAD
    0x080015f8   0x000000e0   Code   RO         3233    i.SetSysClockTo72   system_stm32f10x.o
    0x080016d8   0x00000028   Code   RO            5    i.SysTick_CLKSourceConfig  misc.o
    0x08001700   0x00000002   Code   RO         3150    i.SysTick_Handler   stm32f10x_it.o
    0x08001702   0x00000002   PAD
    0x08001704   0x00000060   Code   RO         3235    i.SystemInit        system_stm32f10x.o
    0x08001764   0x00000078   Code   RO         4095    i.TIM1_CC_IRQHandler  lenth.o
    0x080017dc   0x00000010   Code   RO         4096    i.TIM1_UP_IRQHandler  lenth.o
    0x080017ec   0x00000038   Code   RO         4130    i.TIM2_IRQHandler   usmart.o
    0x08001824   0x00000030   Code   RO         4446    i.TIM4_IRQHandler   usart2.o
    0x08001854   0x00000058   Code   RO         4447    i.TIM4_Init         usart2.o
    0x080018ac   0x00000028   Code   RO         4448    i.TIM4_Set          usart2.o
    0x080018d4   0x00000006   Code   RO         2285    i.TIM_ClearITPendingBit  stm32f10x_tim.o
    0x080018da   0x00000018   Code   RO         2290    i.TIM_Cmd           stm32f10x_tim.o
    0x080018f2   0x00000008   Code   RO         2308    i.TIM_GetCapture4   stm32f10x_tim.o
    0x080018fa   0x00000022   Code   RO         2311    i.TIM_GetITStatus   stm32f10x_tim.o
    0x0800191c   0x00000012   Code   RO         2315    i.TIM_ITConfig      stm32f10x_tim.o
    0x0800192e   0x0000001a   Code   RO         2335    i.TIM_OC4PolarityConfig  stm32f10x_tim.o
    0x08001948   0x00000004   Code   RO         2355    i.TIM_SetCounter    stm32f10x_tim.o
    0x0800194c   0x000000a4   Code   RO         2361    i.TIM_TimeBaseInit  stm32f10x_tim.o
    0x080019f0   0x00000050   Code   RO         4131    i.Timer2_Init       usmart.o
    0x08001a40   0x00000048   Code   RO         4449    i.UART_DMA_Config   usart2.o
    0x08001a88   0x00000088   Code   RO         3344    i.USART1_IRQHandler  usart.o
    0x08001b10   0x00000064   Code   RO         4451    i.USART2_IRQHandler  usart2.o
    0x08001b74   0x000000e0   Code   RO         4452    i.USART2_Init       usart2.o
    0x08001c54   0x00000018   Code   RO         2826    i.USART_Cmd         stm32f10x_usart.o
    0x08001c6c   0x00000012   Code   RO         2827    i.USART_DMACmd      stm32f10x_usart.o
    0x08001c7e   0x00000002   PAD
    0x08001c80   0x0000009c   Code   RO         2828    i.USART_DeInit      stm32f10x_usart.o
    0x08001d1c   0x00000054   Code   RO         2830    i.USART_GetITStatus  stm32f10x_usart.o
    0x08001d70   0x0000004a   Code   RO         2832    i.USART_ITConfig    stm32f10x_usart.o
    0x08001dba   0x00000002   PAD
    0x08001dbc   0x000000d8   Code   RO         2833    i.USART_Init        stm32f10x_usart.o
    0x08001e94   0x0000000a   Code   RO         2840    i.USART_ReceiveData  stm32f10x_usart.o
    0x08001e9e   0x00000004   Code   RO         3151    i.UsageFault_Handler  stm32f10x_it.o
    0x08001ea2   0x00000028   Code   RO         4771    i.__ARM_fpclassify  m_ws.l(fpclassify.o)
    0x08001eca   0x00000002   PAD
    0x08001ecc   0x00000388   Code   RO         4776    i.__ieee754_rem_pio2  m_ws.l(rred.o)
    0x08002254   0x000000fc   Code   RO         4754    i.__kernel_cos      m_ws.l(cos_i.o)
    0x08002350   0x000000aa   Code   RO         4773    i.__kernel_poly     m_ws.l(poly.o)
    0x080023fa   0x00000002   PAD
    0x080023fc   0x000000ec   Code   RO         4781    i.__kernel_sin      m_ws.l(sin_i.o)
    0x080024e8   0x00000006   Code   RO         4758    i.__mathlib_dbl_infnan  m_ws.l(dunder.o)
    0x080024ee   0x00000004   Code   RO         4759    i.__mathlib_dbl_infnan2  m_ws.l(dunder.o)
    0x080024f2   0x0000000c   Code   RO         4760    i.__mathlib_dbl_invalid  m_ws.l(dunder.o)
    0x080024fe   0x00000002   PAD
    0x08002500   0x00000010   Code   RO         4763    i.__mathlib_dbl_underflow  m_ws.l(dunder.o)
    0x08002510   0x0000000e   Code   RO         4569    i._is_digit         c_w.l(__printf_wp.o)
    0x0800251e   0x00000006   Code   RO         3345    i._sys_exit         usart.o
    0x08002524   0x0000002c   Code   RO         3403    i.a                 mpu6050.o
    0x08002550   0x000000a8   Code   RO         3581    i.accel_self_test   inv_mpu.o
    0x080025f8   0x00000270   Code   RO         4652    i.asin              m_ws.l(asin.o)
    0x08002868   0x00000220   Code   RO         4745    i.atan              m_ws.l(atan.o)
    0x08002a88   0x00000180   Code   RO         4662    i.atan2             m_ws.l(atan2.o)
    0x08002c08   0x00000064   Code   RO         3912    i.decode_gesture    inv_mpu_dmp_motion_driver.o
    0x08002c6c   0x00000044   Code   RO         3284    i.delay_init        delay.o
    0x08002cb0   0x0000004c   Code   RO         3285    i.delay_ms          delay.o
    0x08002cfc   0x0000004c   Code   RO         3286    i.delay_us          delay.o
    0x08002d48   0x0000003c   Code   RO         3913    i.dmp_enable_6x_lp_quat  inv_mpu_dmp_motion_driver.o
    0x08002d84   0x0000021c   Code   RO         3914    i.dmp_enable_feature  inv_mpu_dmp_motion_driver.o
    0x08002fa0   0x00000058   Code   RO         3915    i.dmp_enable_gyro_cal  inv_mpu_dmp_motion_driver.o
    0x08002ff8   0x0000003c   Code   RO         3916    i.dmp_enable_lp_quat  inv_mpu_dmp_motion_driver.o
    0x08003034   0x00000018   Code   RO         3921    i.dmp_load_motion_driver_firmware  inv_mpu_dmp_motion_driver.o
    0x0800304c   0x000001cc   Code   RO         3922    i.dmp_read_fifo     inv_mpu_dmp_motion_driver.o
    0x08003218   0x00000130   Code   RO         3925    i.dmp_set_accel_bias  inv_mpu_dmp_motion_driver.o
    0x08003348   0x00000070   Code   RO         3926    i.dmp_set_fifo_rate  inv_mpu_dmp_motion_driver.o
    0x080033b8   0x00000130   Code   RO         3927    i.dmp_set_gyro_bias  inv_mpu_dmp_motion_driver.o
    0x080034e8   0x00000138   Code   RO         3929    i.dmp_set_orientation  inv_mpu_dmp_motion_driver.o
    0x08003620   0x00000038   Code   RO         3932    i.dmp_set_shake_reject_thresh  inv_mpu_dmp_motion_driver.o
    0x08003658   0x00000026   Code   RO         3933    i.dmp_set_shake_reject_time  inv_mpu_dmp_motion_driver.o
    0x0800367e   0x00000026   Code   RO         3934    i.dmp_set_shake_reject_timeout  inv_mpu_dmp_motion_driver.o
    0x080036a4   0x00000046   Code   RO         3935    i.dmp_set_tap_axes  inv_mpu_dmp_motion_driver.o
    0x080036ea   0x00000026   Code   RO         3936    i.dmp_set_tap_count  inv_mpu_dmp_motion_driver.o
    0x08003710   0x000001a0   Code   RO         3937    i.dmp_set_tap_thresh  inv_mpu_dmp_motion_driver.o
    0x080038b0   0x00000026   Code   RO         3938    i.dmp_set_tap_time  inv_mpu_dmp_motion_driver.o
    0x080038d6   0x00000026   Code   RO         3939    i.dmp_set_tap_time_multi  inv_mpu_dmp_motion_driver.o
    0x080038fc   0x0000001c   Code   RO         3346    i.fputc             usart.o
    0x08003918   0x000000b4   Code   RO         3582    i.get_accel_prod_shift  inv_mpu.o
    0x080039cc   0x00000470   Code   RO         3583    i.get_st_biases     inv_mpu.o
    0x08003e3c   0x00000110   Code   RO         3584    i.gyro_self_test    inv_mpu.o
    0x08003f4c   0x00000028   Code   RO         3585    i.inv_orientation_matrix_to_scalar  inv_mpu.o
    0x08003f74   0x0000004e   Code   RO         3586    i.inv_row_2_scale   inv_mpu.o
    0x08003fc2   0x00000002   PAD
    0x08003fc4   0x00000174   Code   RO         3058    i.main              main.o
    0x08004138   0x00000048   Code   RO         4291    i.mem_free          malloc.o
    0x08004180   0x0000002c   Code   RO         4292    i.mem_init          malloc.o
    0x080041ac   0x00000078   Code   RO         4293    i.mem_malloc        malloc.o
    0x08004224   0x00000030   Code   RO         4294    i.mem_perused       malloc.o
    0x08004254   0x00000002   Code   RO         3587    i.mget_ms           inv_mpu.o
    0x08004256   0x00000002   PAD
    0x08004258   0x00000070   Code   RO         3588    i.mpu_configure_fifo  inv_mpu.o
    0x080042c8   0x00000224   Code   RO         3589    i.mpu_dmp_get_data  inv_mpu.o
    0x080044ec   0x0000009c   Code   RO         3590    i.mpu_dmp_init      inv_mpu.o
    0x08004588   0x0000004c   Code   RO         3591    i.mpu_get_accel_fsr  inv_mpu.o
    0x080045d4   0x00000054   Code   RO         3593    i.mpu_get_accel_sens  inv_mpu.o
    0x08004628   0x00000010   Code   RO         3598    i.mpu_get_fifo_config  inv_mpu.o
    0x08004638   0x00000044   Code   RO         3599    i.mpu_get_gyro_fsr  inv_mpu.o
    0x0800467c   0x00000050   Code   RO         3601    i.mpu_get_gyro_sens  inv_mpu.o
    0x080046cc   0x00000050   Code   RO         3603    i.mpu_get_lpf       inv_mpu.o
    0x0800471c   0x00000020   Code   RO         3605    i.mpu_get_sample_rate  inv_mpu.o
    0x0800473c   0x000001f0   Code   RO         3607    i.mpu_init          inv_mpu.o
    0x0800492c   0x000000b8   Code   RO         3608    i.mpu_load_firmware  inv_mpu.o
    0x080049e4   0x000000e0   Code   RO         3609    i.mpu_lp_accel_mode  inv_mpu.o
    0x08004ac4   0x000000c0   Code   RO         3612    i.mpu_read_fifo_stream  inv_mpu.o
    0x08004b84   0x00000080   Code   RO         3613    i.mpu_read_mem      inv_mpu.o
    0x08004c04   0x000001c8   Code   RO         3616    i.mpu_reset_fifo    inv_mpu.o
    0x08004dcc   0x0000011c   Code   RO         3617    i.mpu_run_self_test  inv_mpu.o
    0x08004ee8   0x00000084   Code   RO         3619    i.mpu_set_accel_fsr  inv_mpu.o
    0x08004f6c   0x0000014c   Code   RO         3620    i.mpu_set_bypass    inv_mpu.o
    0x080050b8   0x00000090   Code   RO         3622    i.mpu_set_dmp_state  inv_mpu.o
    0x08005148   0x00000088   Code   RO         3623    i.mpu_set_gyro_fsr  inv_mpu.o
    0x080051d0   0x0000006c   Code   RO         3624    i.mpu_set_int_latched  inv_mpu.o
    0x0800523c   0x00000084   Code   RO         3626    i.mpu_set_lpf       inv_mpu.o
    0x080052c0   0x0000009c   Code   RO         3627    i.mpu_set_sample_rate  inv_mpu.o
    0x0800535c   0x000000d0   Code   RO         3628    i.mpu_set_sensors   inv_mpu.o
    0x0800542c   0x00000080   Code   RO         3629    i.mpu_write_mem     inv_mpu.o
    0x080054ac   0x0000001c   Code   RO         4295    i.myfree            malloc.o
    0x080054c8   0x00000020   Code   RO         4296    i.mymalloc          malloc.o
    0x080054e8   0x00000014   Code   RO         4298    i.mymemset          malloc.o
    0x080054fc   0x00000006   Code   RO         4132    i.read_addr         usmart.o
    0x08005502   0x00000094   Code   RO         3630    i.run_self_test     inv_mpu.o
    0x08005596   0x00000002   PAD
    0x08005598   0x00000020   Code   RO         3507    i.scan              led.o
    0x080055b8   0x00000090   Code   RO         3631    i.set_int_enable    inv_mpu.o
    0x08005648   0x000000a0   Code   RO         4670    i.sin               m_ws.l(sin.o)
    0x080056e8   0x0000004c   Code   RO         4788    i.sqrt              m_ws.l(sqrt.o)
    0x08005734   0x0000008c   Code   RO         3405    i.test_time_read    mpu6050.o
    0x080057c0   0x000000a0   Code   RO         3347    i.uart_init         usart.o
    0x08005860   0x000000b0   Code   RO         4133    i.usmart_cmd_rec    usmart.o
    0x08005910   0x000002d8   Code   RO         4134    i.usmart_exe        usmart.o
    0x08005be8   0x000000c8   Code   RO         4219    i.usmart_get_aparm  usmart_str.o
    0x08005cb0   0x00000036   Code   RO         4220    i.usmart_get_cmdname  usmart_str.o
    0x08005ce6   0x00000002   PAD
    0x08005ce8   0x000001c0   Code   RO         4221    i.usmart_get_fname  usmart_str.o
    0x08005ea8   0x0000010c   Code   RO         4222    i.usmart_get_fparam  usmart_str.o
    0x08005fb4   0x00000020   Code   RO         4223    i.usmart_get_parmpos  usmart_str.o
    0x08005fd4   0x00000040   Code   RO         4135    i.usmart_get_runtime  usmart.o
    0x08006014   0x00000028   Code   RO         4136    i.usmart_init       usmart.o
    0x0800603c   0x00000016   Code   RO         4224    i.usmart_pow        usmart_str.o
    0x08006052   0x00000002   PAD
    0x08006054   0x00000028   Code   RO         4137    i.usmart_reset_runtime  usmart.o
    0x0800607c   0x000000bc   Code   RO         4138    i.usmart_scan       usmart.o
    0x08006138   0x00000016   Code   RO         4225    i.usmart_search_nextc  usmart_str.o
    0x0800614e   0x000000ca   Code   RO         4226    i.usmart_str2num    usmart_str.o
    0x08006218   0x00000022   Code   RO         4227    i.usmart_strcmp     usmart_str.o
    0x0800623a   0x00000016   Code   RO         4228    i.usmart_strcopy    usmart_str.o
    0x08006250   0x00000018   Code   RO         4229    i.usmart_strlen     usmart_str.o
    0x08006268   0x000006e4   Code   RO         4139    i.usmart_sys_cmd_exe  usmart.o
    0x0800694c   0x00000004   Code   RO         4140    i.write_addr        usmart.o
    0x08006950   0x00000062   Code   RO         4597    x$fpl$d2f           fz_ws.l(d2f.o)
    0x080069b2   0x00000002   PAD
    0x080069b4   0x00000150   Code   RO         4599    x$fpl$dadd          fz_ws.l(daddsub_clz.o)
    0x08006b04   0x00000010   Code   RO         4835    x$fpl$dcheck1       fz_ws.l(dcheck1.o)
    0x08006b14   0x000002b0   Code   RO         4606    x$fpl$ddiv          fz_ws.l(ddiv.o)
    0x08006dc4   0x0000005e   Code   RO         4837    x$fpl$dfix          fz_ws.l(dfix.o)
    0x08006e22   0x0000002e   Code   RO         4610    x$fpl$dflt          fz_ws.l(dflt_clz.o)
    0x08006e50   0x00000026   Code   RO         4609    x$fpl$dfltu         fz_ws.l(dflt_clz.o)
    0x08006e76   0x00000002   PAD
    0x08006e78   0x00000154   Code   RO         4615    x$fpl$dmul          fz_ws.l(dmul.o)
    0x08006fcc   0x0000009c   Code   RO         4729    x$fpl$dnaninf       fz_ws.l(dnaninf.o)
    0x08007068   0x0000000c   Code   RO         4731    x$fpl$dretinf       fz_ws.l(dretinf.o)
    0x08007074   0x00000016   Code   RO         4600    x$fpl$drsb          fz_ws.l(daddsub_clz.o)
    0x0800708a   0x00000002   PAD
    0x0800708c   0x000001cc   Code   RO         4843    x$fpl$dsqrt         fz_ws.l(dsqrt_noumaal.o)
    0x08007258   0x000001d4   Code   RO         4601    x$fpl$dsub          fz_ws.l(daddsub_clz.o)
    0x0800742c   0x00000056   Code   RO         4617    x$fpl$f2d           fz_ws.l(f2d.o)
    0x08007482   0x00000002   PAD
    0x08007484   0x000000c4   Code   RO         4619    x$fpl$fadd          fz_ws.l(faddsub_clz.o)
    0x08007548   0x00000018   Code   RO         4733    x$fpl$fcmpinf       fz_ws.l(fcmpi.o)
    0x08007560   0x00000184   Code   RO         4626    x$fpl$fdiv          fz_ws.l(fdiv.o)
    0x080076e4   0x00000068   Code   RO         4629    x$fpl$feqf          fz_ws.l(feqf.o)
    0x0800774c   0x00000036   Code   RO         4631    x$fpl$ffix          fz_ws.l(ffix.o)
    0x08007782   0x00000002   PAD
    0x08007784   0x0000003e   Code   RO         4635    x$fpl$ffixu         fz_ws.l(ffixu.o)
    0x080077c2   0x00000002   PAD
    0x080077c4   0x00000030   Code   RO         4640    x$fpl$fflt          fz_ws.l(fflt_clz.o)
    0x080077f4   0x00000026   Code   RO         4639    x$fpl$ffltu         fz_ws.l(fflt_clz.o)
    0x0800781a   0x00000002   PAD
    0x0800781c   0x00000068   Code   RO         4645    x$fpl$fleqf         fz_ws.l(fleqf.o)
    0x08007884   0x00000102   Code   RO         4647    x$fpl$fmul          fz_ws.l(fmul.o)
    0x08007986   0x0000008c   Code   RO         4735    x$fpl$fnaninf       fz_ws.l(fnaninf.o)
    0x08007a12   0x0000000a   Code   RO         4737    x$fpl$fretinf       fz_ws.l(fretinf.o)
    0x08007a1c   0x00000062   Code   RO         4649    x$fpl$frleqf        fz_ws.l(frleqf.o)
    0x08007a7e   0x00000002   PAD
    0x08007a80   0x000000ea   Code   RO         4621    x$fpl$fsub          fz_ws.l(faddsub_clz.o)
    0x08007b6a   0x00000064   Code   RO         4901    x$fpl$retnan        fz_ws.l(retnan.o)
    0x08007bce   0x0000005c   Code   RO         4741    x$fpl$scalbn        fz_ws.l(scalbn.o)
    0x08007c2a   0x00000030   Code   RO         4959    x$fpl$trapveneer    fz_ws.l(trapv.o)
    0x08007c5a   0x00000000   Code   RO         4743    x$fpl$usenofp       fz_ws.l(usenofp.o)
    0x08007c5a   0x00000002   PAD
    0x08007c5c   0x00000050   Data   RO         3633    .constdata          inv_mpu.o
    0x08007cac   0x00000bf6   Data   RO         3941    .constdata          inv_mpu_dmp_motion_driver.o
    0x080088a2   0x00000028   Data   RO         4557    .constdata          c_w.l(_printf_hex_int_ll_ptr.o)
    0x080088ca   0x00000011   Data   RO         4577    .constdata          c_w.l(__printf_flags_ss_wp.o)
    0x080088db   0x00000005   PAD
    0x080088e0   0x00000050   Data   RO         4653    .constdata          m_ws.l(asin.o)
    0x08008930   0x00000098   Data   RO         4746    .constdata          m_ws.l(atan.o)
    0x080089c8   0x00000030   Data   RO         4755    .constdata          m_ws.l(cos_i.o)
    0x080089f8   0x00000008   Data   RO         4775    .constdata          m_ws.l(qnan.o)
    0x08008a00   0x000000c8   Data   RO         4778    .constdata          m_ws.l(rred.o)
    0x08008ac8   0x00000028   Data   RO         4782    .constdata          m_ws.l(sin_i.o)
    0x08008af0   0x0000004d   Data   RO         3634    .conststring        inv_mpu.o
    0x08008b3d   0x00000003   PAD
    0x08008b40   0x00000028   Data   RO         4141    .conststring        usmart.o
    0x08008b68   0x000000e6   Data   RO         4206    .conststring        usmart_config.o
    0x08008c4e   0x00000002   PAD
    0x08008c50   0x00000020   Data   RO         5033    Region$$Table       anon$$obj.o


    Execution Region RW_IRAM1 (Base: 0x20000000, Size: 0x00003c10, Max: 0x00005000, ABSOLUTE, COMPRESSED[0x000000a8])

    Base Addr    Size         Type   Attr      Idx    E Section Name        Object

    0x20000000   0x00000014   Data   RW         1686    .data               stm32f10x_rcc.o
    0x20000014   0x00000014   Data   RW         3236    .data               system_stm32f10x.o
    0x20000028   0x00000004   Data   RW         3287    .data               delay.o
    0x2000002c   0x00000006   Data   RW         3350    .data               usart.o
    0x20000032   0x00000002   PAD
    0x20000034   0x00000030   Data   RW         3409    .data               mpu6050.o
    0x20000064   0x00000035   Data   RW         3635    .data               inv_mpu.o
    0x20000099   0x00000003   PAD
    0x2000009c   0x00000004   Data   RW         4098    .data               lenth.o
    0x200000a0   0x0000001c   Data   RW         4142    .data               usmart.o
    0x200000bc   0x0000013c   Data   RW         4207    .data               usmart_config.o
    0x200001f8   0x00000014   Data   RW         4302    .data               malloc.o
    0x2000020c   0x00000002   Data   RW         4455    .data               usart2.o
    0x2000020e   0x00000002   PAD
    0x20000210   0x000000c8   Zero   RW         3349    .bss                usart.o
    0x200002d8   0x0000003c   Zero   RW         3408    .bss                mpu6050.o
    0x20000314   0x00000010   Zero   RW         3940    .bss                inv_mpu_dmp_motion_driver.o
    0x20000324   0x00002a80   Zero   RW         4300    .bss                malloc.o
    0x20002da4   0x0000000c   Zero   RW         4369    .bss                gsm.o
    0x20002db0   0x00000800   Zero   RW         4454    .bss                usart2.o
    0x200035b0   0x00000060   Zero   RW         4846    .bss                c_w.l(libspace.o)
    0x20003610   0x00000200   Zero   RW         3278    HEAP                startup_stm32f10x_md.o
    0x20003810   0x00000400   Zero   RW         3277    STACK               startup_stm32f10x_md.o


==============================================================================

Image component sizes


      Code (inc. data)   RO Data    RW Data    ZI Data      Debug   Object Name

         0          0          0          0          0         32   core_cm3.o
       220         26          0          4          0       1559   delay.o
         0          0          0          0         12        539   gsm.o
      6860        290        157         53          0      30252   inv_mpu.o
      3096        122       3062          0         16      20278   inv_mpu_dmp_motion_driver.o
       168         18          0          0          0        974   led.o
       136         12          0          4          0       1157   lenth.o
       372        104          0          0          0        639   main.o
       364         30          0         20      10880       5370   malloc.o
       172         22          0          0          0     263033   misc.o
      1210        110          0         48         60       9530   mpu6050.o
       692        108          0          0          0       4058   myiic.o
        64         26        236          0       1536        780   startup_stm32f10x_md.o
       392          8          0          0          0       2796   stm32f10x_dma.o
       430          6          0          0          0       3714   stm32f10x_gpio.o
        26          0          0          0          0       3622   stm32f10x_it.o
       372         50          0         20          0       5940   stm32f10x_rcc.o
       284         42          0          0          0       4953   stm32f10x_tim.o
       582         28          0          0          0       5928   stm32f10x_usart.o
       328         28          0         20          0       2041   system_stm32f10x.o
       330         26          0          6        200       3876   usart.o
       572         56          0          2       2048       4101   usart2.o
      3146       1320         40         28          0       7226   usmart.o
         0          0        230        316          0       1548   usmart_config.o
      1328         20          0          0          0       8129   usmart_str.o

    ----------------------------------------------------------------------
     21166       2452       3762        528      14752     392075   Object Totals
         0          0         32          0          0          0   (incl. Generated)
        22          0          5          7          0          0   (incl. Padding)

    ----------------------------------------------------------------------

      Code (inc. data)   RO Data    RW Data    ZI Data      Debug   Library Member Name

        24          4          0          0          0         84   __2printf.o
        90          0          0          0          0          0   __dczerorl2.o
         8          0          0          0          0         68   __main.o
       392          4         17          0          0         92   __printf_flags_ss_wp.o
        14          0          0          0          0         68   __printf_wp.o
         0          0          0          0          0          0   __rtentry.o
        12          0          0          0          0          0   __rtentry2.o
         6          0          0          0          0          0   __rtentry4.o
        52          8          0          0          0          0   __scatter.o
        28          0          0          0          0          0   __scatter_zi.o
         6          0          0          0          0          0   _printf_c.o
        44          0          0          0          0        108   _printf_char.o
        48          6          0          0          0         96   _printf_char_common.o
        36          4          0          0          0         80   _printf_char_file.o
         6          0          0          0          0          0   _printf_d.o
       120         16          0          0          0         92   _printf_dec.o
       148          4         40          0          0        160   _printf_hex_int_ll_ptr.o
       178          0          0          0          0         88   _printf_intcommon.o
        78          0          0          0          0        108   _printf_pad.o
         0          0          0          0          0          0   _printf_percent.o
         4          0          0          0          0          0   _printf_percent_end.o
         6          0          0          0          0          0   _printf_s.o
        82          0          0          0          0         80   _printf_str.o
         6          0          0          0          0          0   _printf_u.o
         6          0          0          0          0          0   _printf_x.o
        22          0          0          0          0        100   _rserrno.o
        16          0          0          0          0         68   aeabi_memset.o
        12          0          0          0          0         72   exit.o
         8          0          0          0          0         68   ferror.o
         6          0          0          0          0        152   heapauxi.o
         2          0          0          0          0          0   libinit.o
         2          0          0          0          0          0   libinit2.o
         2          0          0          0          0          0   libshutdown.o
         2          0          0          0          0          0   libshutdown2.o
         8          4          0          0         96         68   libspace.o
        72          0          0          0          0         76   llsdiv.o
       238          0          0          0          0        100   lludivv7m.o
        88          0          0          0          0         76   memcmp.o
         8          4          0          0          0         68   rt_errno_addr_intlibspace.o
        68          0          0          0          0         68   rt_memclr.o
        78          0          0          0          0         80   rt_memclr_w.o
         2          0          0          0          0          0   rtexit.o
        10          0          0          0          0          0   rtexit2.o
        74          0          0          0          0         80   sys_stackheap_outer.o
         2          0          0          0          0         68   use_no_semi.o
         2          0          0          0          0         68   use_no_semi_2.o
        98          4          0          0          0         92   d2f.o
       826         16          0          0          0        348   daddsub_clz.o
        16          4          0          0          0         68   dcheck1.o
       688        140          0          0          0        208   ddiv.o
        94          4          0          0          0         92   dfix.o
        84          0          0          0          0        136   dflt_clz.o
       340         12          0          0          0        104   dmul.o
       156          4          0          0          0         92   dnaninf.o
        12          0          0          0          0         68   dretinf.o
       460         56          0          0          0        120   dsqrt_noumaal.o
        86          4          0          0          0         84   f2d.o
       430          8          0          0          0        168   faddsub_clz.o
        24          0          0          0          0         68   fcmpi.o
       388         76          0          0          0         96   fdiv.o
       104          4          0          0          0         84   feqf.o
        54          4          0          0          0         84   ffix.o
        62          4          0          0          0         84   ffixu.o
        86          0          0          0          0        136   fflt_clz.o
       104          4          0          0          0         84   fleqf.o
       258          4          0          0          0         84   fmul.o
       140          4          0          0          0         84   fnaninf.o
        10          0          0          0          0         68   fretinf.o
        98          0          0          0          0         68   frleqf.o
       100          0          0          0          0         68   retnan.o
        92          0          0          0          0         68   scalbn.o
        48          0          0          0          0         68   trapv.o
         0          0          0          0          0          0   usenofp.o
       624         52         80          0          0        168   asin.o
       544         70        152          0          0        124   atan.o
       384         38          0          0          0        144   atan2.o
       252         22         48          0          0        124   cos_i.o
        38          6          0          0          0        272   dunder.o
        40          0          0          0          0         68   fpclassify.o
       170          0          0          0          0         96   poly.o
         0          0          8          0          0          0   qnan.o
       904         76        200          0          0        140   rred.o
       160         10          0          0          0        108   sin.o
       236         12         40          0          0        128   sin_i.o
        76          0          0          0          0         84   sqrt.o

    ----------------------------------------------------------------------
     10434        692        590          0         96       6516   Library Totals
        32          0          5          0          0          0   (incl. Padding)

    ----------------------------------------------------------------------

      Code (inc. data)   RO Data    RW Data    ZI Data      Debug   Library Name

      2116         54         57          0         96       2336   c_w.l
      4858        352          0          0          0       2724   fz_ws.l
      3428        286        528          0          0       1456   m_ws.l

    ----------------------------------------------------------------------
     10434        692        590          0         96       6516   Library Totals

    ----------------------------------------------------------------------

==============================================================================


      Code (inc. data)   RO Data    RW Data    ZI Data      Debug   

     31600       3144       4352        528      14848     386731   Grand Totals
     31600       3144       4352        168      14848     386731   ELF Image Totals (compressed)
     31600       3144       4352        168          0          0   ROM Totals

==============================================================================

    Total RO  Size (Code + RO Data)                35952 (  35.11kB)
    Total RW  Size (RW Data + ZI Data)             15376 (  15.02kB)
    Total ROM Size (Code + RO Data + RW Data)      36120 (  35.27kB)

==============================================================================

