<html>
<body>
<pre>
<h1>礦ision Build Log</h1>
<h2>Tool Versions:</h2>
IDE-Version: μVision V5.14.0.0
Copyright (C) 2015 ARM Ltd and ARM Germany GmbH. All rights reserved.
License Information: z Microsoft, Microsoft, LIC=Q7GFW-Q0UTI-JMU98-3M9ZR-PC1LC-6QJJE
 
Tool Versions:
Toolchain:       MDK-ARM Professional  Version: 5.14.0.0
Toolchain Path:  C:\Keil_v5\ARM\ARMCC\Bin
C Compiler:      Armcc.exe V5.05 update 1 (build 106)
Assembler:       Armasm.exe V5.05 update 1 (build 106)
Linker/Locator:  ArmLink.exe V5.05 update 1 (build 106)
Library Manager: ArmAr.exe V5.05 update 1 (build 106)
Hex Converter:   FromElf.exe V5.05 update 1 (build 106)
CPU DLL:         SARMCM3.DLL V5.14.0.0
Dialog DLL:      DCM.DLL V1.13.1.0
Target DLL:      STLink\ST-LINKIII-KEIL_SWO.dll V2.0.14.0_KEIL
Dialog DLL:      TCM.DLL V1.14.4.0
 
<h2>Project:</h2>
C:\Users\Administrator\Desktop\stm32\130-c8t6\MyProject.uvprojx
Project File Date:  11/13/2016

<h2>Output:</h2>
Build target 'Target 1'
compiling gsm.c...
HARDWARE\new1\gsm.c(30): warning:  #167-D: argument of type "u8 *" is incompatible with parameter of type "const char *"
        p=strstr(USART2_RX_BUF,b);
HARDWARE\new1\gsm.c(44): warning:  #167-D: argument of type "u8 *" is incompatible with parameter of type "const char *"
        p=strstr(USART2_RX_BUF,b);
HARDWARE\new1\gsm.c(64): warning:  #167-D: argument of type "u8 *" is incompatible with parameter of type "const char *"
        if(strstr(USART2_RX_BUF,b))
HARDWARE\new1\gsm.c(152): warning:  #167-D: argument of type "char *" is incompatible with parameter of type "u8 *"
        sim900a_send_cmd(p1,">",100);           //length_all//send  ERROR 
HARDWARE\new1\gsm.c(153): warning:  #167-D: argument of type "char *" is incompatible with parameter of type "u8 *"
        sim900a_send_cmd(p2,"SEND OK",300);
HARDWARE\new1\gsm.c(184): warning:  #167-D: argument of type "u8 *" is incompatible with parameter of type "const char *"
        sprintf((char*)p2,"POST http://api.heclouds.com/devices/4059208/datapoints?type=4 HTTP/1.1\r\nUser-Agent: sim900A\r\napi-key: XgD=K7o=EhKrAbiWDgr462z1pQU=\r\nHost: api.heclouds.com\r\nContent-Length: %d\r\n\r\n%s\r\n",strlen(p3)+2,p3);//4位数据
HARDWARE\new1\gsm.c(185): warning:  #167-D: argument of type "u8 *" is incompatible with parameter of type "const char *"
        sprintf((char*)p1,"AT+CIPSEND=%d",strlen(p2));//4位数据
HARDWARE\new1\gsm.c(202): warning:  #167-D: argument of type "u8 *" is incompatible with parameter of type "char *"
        u2_printf(p2);
HARDWARE\new1\gsm.c: 8 warnings, 0 errors
linking...
Program Size: Code=38152 RO-data=5012 RW-data=564 ZI-data=14836  
FromELF: creating hex file...
".\OBJ\MyProject.axf" - 0 Error(s), 8 Warning(s).

<h2>Collection of Component include folders:</h2>
  C:\Users\Administrator\Desktop\stm32\130-c8t6\RTE
  C:\Keil_v5\ARM\PACK\Keil\STM32F1xx_DFP\1.0.5\Device\Include

<h2>Collection of Component Files used:</h2>
</pre>
</body>
</html>
