<html>
<body>
<pre>
<h1>礦ision Build Log</h1>
<h2>Tool Versions:</h2>
IDE-Version: μVision V5.14.0.0
Copyright (C) 2015 ARM Ltd and ARM Germany GmbH. All rights reserved.
License Information: z Microsoft, Microsoft, LIC=Q7GFW-Q0UTI-JMU98-3M9ZR-PC1LC-6QJJE
 
Tool Versions:
Toolchain:       MDK-ARM Professional  Version: 5.14.0.0
Toolchain Path:  C:\Keil_v5\ARM\ARMCC\Bin
C Compiler:      Armcc.exe V5.05 update 1 (build 106)
Assembler:       Armasm.exe V5.05 update 1 (build 106)
Linker/Locator:  ArmLink.exe V5.05 update 1 (build 106)
Library Manager: ArmAr.exe V5.05 update 1 (build 106)
Hex Converter:   FromElf.exe V5.05 update 1 (build 106)
CPU DLL:         SARMCM3.DLL V5.14.0.0
Dialog DLL:      DCM.DLL V1.13.1.0
Target DLL:      STLink\ST-LINKIII-KEIL_SWO.dll V2.0.14.0_KEIL
Dialog DLL:      TCM.DLL V1.14.4.0
 
<h2>Project:</h2>
C:\Users\Administrator\Desktop\stm32\130-c8t6\MyProject.uvprojx
Project File Date:  11/13/2016

<h2>Output:</h2>
Build target 'Target 1'
compiling mpu6050.c...
HARDWARE\mpu6050\MPU6050\mpu6050.c(270): warning:  #223-D: function "usart1_send_char" declared implicitly
        for(i=0;i<len+4;i++)usart1_send_char(send_buf[i]);      //发送数据到串口1 
HARDWARE\mpu6050\MPU6050\mpu6050.c(329): warning:  #223-D: function "mpu_dmp_get_data" declared implicitly
                if(mpu_dmp_get_data(&pitch,&roll,&yaw)==0)
HARDWARE\mpu6050\MPU6050\mpu6050.c(330): warning:  #181-D: argument is incompatible with corresponding format string conversion
                {temp=(int)(roll*10);   printf("roll is %d\r\n",roll);}}
HARDWARE\mpu6050\MPU6050\mpu6050.c(341): warning:  #1-D: last line of file ends without a newline
  }
HARDWARE\mpu6050\MPU6050\mpu6050.c: 4 warnings, 0 errors
linking...
Program Size: Code=31600 RO-data=4352 RW-data=528 ZI-data=14848  
FromELF: creating hex file...
".\OBJ\MyProject.axf" - 0 Error(s), 4 Warning(s).

<h2>Collection of Component include folders:</h2>
  C:\Users\Administrator\Desktop\stm32\130-c8t6\RTE
  C:\Keil_v5\ARM\PACK\Keil\STM32F1xx_DFP\1.0.5\Device\Include

<h2>Collection of Component Files used:</h2>
</pre>
</body>
</html>
