Component: ARM Compiler 5.05 update 1 (build 106) Tool: armlink [4d0efa]

==============================================================================

Section Cross References

    stm32f10x_adc.o(i.ADC_DeInit) refers to stm32f10x_rcc.o(i.RCC_APB2PeriphResetCmd) for RCC_APB2PeriphResetCmd
    stm32f10x_bkp.o(i.BKP_DeInit) refers to stm32f10x_rcc.o(i.RCC_BackupResetCmd) for RCC_BackupResetCmd
    stm32f10x_can.o(i.CAN_DeInit) refers to stm32f10x_rcc.o(i.RCC_APB1PeriphResetCmd) for RCC_APB1PeriphResetCmd
    stm32f10x_can.o(i.CAN_GetITStatus) refers to stm32f10x_can.o(i.CheckITStatus) for CheckITStatus
    stm32f10x_cec.o(i.CEC_DeInit) refers to stm32f10x_rcc.o(i.RCC_APB1PeriphResetCmd) for RCC_APB1PeriphResetCmd
    stm32f10x_dac.o(i.DAC_DeInit) refers to stm32f10x_rcc.o(i.RCC_APB1PeriphResetCmd) for RCC_APB1PeriphResetCmd
    stm32f10x_flash.o(i.FLASH_EnableWriteProtection) refers to stm32f10x_flash.o(i.FLASH_WaitForLastOperation) for FLASH_WaitForLastOperation
    stm32f10x_flash.o(i.FLASH_EraseAllBank1Pages) refers to stm32f10x_flash.o(i.FLASH_WaitForLastBank1Operation) for FLASH_WaitForLastBank1Operation
    stm32f10x_flash.o(i.FLASH_EraseAllPages) refers to stm32f10x_flash.o(i.FLASH_WaitForLastOperation) for FLASH_WaitForLastOperation
    stm32f10x_flash.o(i.FLASH_EraseOptionBytes) refers to stm32f10x_flash.o(i.FLASH_GetReadOutProtectionStatus) for FLASH_GetReadOutProtectionStatus
    stm32f10x_flash.o(i.FLASH_EraseOptionBytes) refers to stm32f10x_flash.o(i.FLASH_WaitForLastOperation) for FLASH_WaitForLastOperation
    stm32f10x_flash.o(i.FLASH_ErasePage) refers to stm32f10x_flash.o(i.FLASH_WaitForLastOperation) for FLASH_WaitForLastOperation
    stm32f10x_flash.o(i.FLASH_ProgramHalfWord) refers to stm32f10x_flash.o(i.FLASH_WaitForLastOperation) for FLASH_WaitForLastOperation
    stm32f10x_flash.o(i.FLASH_ProgramOptionByteData) refers to stm32f10x_flash.o(i.FLASH_WaitForLastOperation) for FLASH_WaitForLastOperation
    stm32f10x_flash.o(i.FLASH_ProgramWord) refers to stm32f10x_flash.o(i.FLASH_WaitForLastOperation) for FLASH_WaitForLastOperation
    stm32f10x_flash.o(i.FLASH_ReadOutProtection) refers to stm32f10x_flash.o(i.FLASH_WaitForLastOperation) for FLASH_WaitForLastOperation
    stm32f10x_flash.o(i.FLASH_UserOptionByteConfig) refers to stm32f10x_flash.o(i.FLASH_WaitForLastOperation) for FLASH_WaitForLastOperation
    stm32f10x_flash.o(i.FLASH_WaitForLastBank1Operation) refers to stm32f10x_flash.o(i.FLASH_GetBank1Status) for FLASH_GetBank1Status
    stm32f10x_flash.o(i.FLASH_WaitForLastOperation) refers to stm32f10x_flash.o(i.FLASH_GetBank1Status) for FLASH_GetBank1Status
    stm32f10x_gpio.o(i.GPIO_AFIODeInit) refers to stm32f10x_rcc.o(i.RCC_APB2PeriphResetCmd) for RCC_APB2PeriphResetCmd
    stm32f10x_gpio.o(i.GPIO_DeInit) refers to stm32f10x_rcc.o(i.RCC_APB2PeriphResetCmd) for RCC_APB2PeriphResetCmd
    stm32f10x_i2c.o(i.I2C_DeInit) refers to stm32f10x_rcc.o(i.RCC_APB1PeriphResetCmd) for RCC_APB1PeriphResetCmd
    stm32f10x_i2c.o(i.I2C_Init) refers to stm32f10x_rcc.o(i.RCC_GetClocksFreq) for RCC_GetClocksFreq
    stm32f10x_pwr.o(i.PWR_DeInit) refers to stm32f10x_rcc.o(i.RCC_APB1PeriphResetCmd) for RCC_APB1PeriphResetCmd
    stm32f10x_rcc.o(i.RCC_GetClocksFreq) refers to stm32f10x_rcc.o(.data) for APBAHBPrescTable
    stm32f10x_rcc.o(i.RCC_WaitForHSEStartUp) refers to stm32f10x_rcc.o(i.RCC_GetFlagStatus) for RCC_GetFlagStatus
    stm32f10x_rtc.o(i.RTC_SetAlarm) refers to stm32f10x_rtc.o(i.RTC_EnterConfigMode) for RTC_EnterConfigMode
    stm32f10x_rtc.o(i.RTC_SetAlarm) refers to stm32f10x_rtc.o(i.RTC_ExitConfigMode) for RTC_ExitConfigMode
    stm32f10x_rtc.o(i.RTC_SetCounter) refers to stm32f10x_rtc.o(i.RTC_EnterConfigMode) for RTC_EnterConfigMode
    stm32f10x_rtc.o(i.RTC_SetCounter) refers to stm32f10x_rtc.o(i.RTC_ExitConfigMode) for RTC_ExitConfigMode
    stm32f10x_rtc.o(i.RTC_SetPrescaler) refers to stm32f10x_rtc.o(i.RTC_EnterConfigMode) for RTC_EnterConfigMode
    stm32f10x_rtc.o(i.RTC_SetPrescaler) refers to stm32f10x_rtc.o(i.RTC_ExitConfigMode) for RTC_ExitConfigMode
    stm32f10x_spi.o(i.I2S_Init) refers to stm32f10x_rcc.o(i.RCC_GetClocksFreq) for RCC_GetClocksFreq
    stm32f10x_spi.o(i.SPI_I2S_DeInit) refers to stm32f10x_rcc.o(i.RCC_APB2PeriphResetCmd) for RCC_APB2PeriphResetCmd
    stm32f10x_spi.o(i.SPI_I2S_DeInit) refers to stm32f10x_rcc.o(i.RCC_APB1PeriphResetCmd) for RCC_APB1PeriphResetCmd
    stm32f10x_tim.o(i.TIM_DeInit) refers to stm32f10x_rcc.o(i.RCC_APB2PeriphResetCmd) for RCC_APB2PeriphResetCmd
    stm32f10x_tim.o(i.TIM_DeInit) refers to stm32f10x_rcc.o(i.RCC_APB1PeriphResetCmd) for RCC_APB1PeriphResetCmd
    stm32f10x_tim.o(i.TIM_ETRClockMode1Config) refers to stm32f10x_tim.o(i.TIM_ETRConfig) for TIM_ETRConfig
    stm32f10x_tim.o(i.TIM_ETRClockMode2Config) refers to stm32f10x_tim.o(i.TIM_ETRConfig) for TIM_ETRConfig
    stm32f10x_tim.o(i.TIM_ICInit) refers to stm32f10x_tim.o(i.TI1_Config) for TI1_Config
[...]
    .ARM.Collect$$libinit$$00000023          0x0800016c   Section        0  libinit2.o(.ARM.Collect$$libinit$$00000023)
    .ARM.Collect$$libinit$$00000025          0x0800016c   Section        0  libinit2.o(.ARM.Collect$$libinit$$00000025)
    .ARM.Collect$$libinit$$0000002C          0x0800016c   Section        0  libinit2.o(.ARM.Collect$$libinit$$0000002C)
    .ARM.Collect$$libinit$$0000002E          0x0800016c   Section        0  libinit2.o(.ARM.Collect$$libinit$$0000002E)
    .ARM.Collect$$libinit$$00000030          0x0800016c   Section        0  libinit2.o(.ARM.Collect$$libinit$$00000030)
    .ARM.Collect$$libinit$$00000032          0x0800016c   Section        0  libinit2.o(.ARM.Collect$$libinit$$00000032)
    .ARM.Collect$$libinit$$00000033          0x0800016c   Section        2  libinit2.o(.ARM.Collect$$libinit$$00000033)
    .ARM.Collect$$libshutdown$$00000000      0x0800016e   Section        2  libshutdown.o(.ARM.Collect$$libshutdown$$00000000)
    .ARM.Collect$$libshutdown$$00000003      0x08000170   Section        0  libshutdown2.o(.ARM.Collect$$libshutdown$$00000003)
    .ARM.Collect$$libshutdown$$00000006      0x08000170   Section        0  libshutdown2.o(.ARM.Collect$$libshutdown$$00000006)
    .ARM.Collect$$libshutdown$$00000009      0x08000170   Section        0  libshutdown2.o(.ARM.Collect$$libshutdown$$00000009)
    .ARM.Collect$$libshutdown$$0000000B      0x08000170   Section        0  libshutdown2.o(.ARM.Collect$$libshutdown$$0000000B)
    .ARM.Collect$$libshutdown$$0000000E      0x08000170   Section        0  libshutdown2.o(.ARM.Collect$$libshutdown$$0000000E)
    .ARM.Collect$$libshutdown$$0000000F      0x08000170   Section        2  libshutdown2.o(.ARM.Collect$$libshutdown$$0000000F)
    .ARM.Collect$$rtentry$$00000000          0x08000172   Section        0  __rtentry.o(.ARM.Collect$$rtentry$$00000000)
    .ARM.Collect$$rtentry$$00000002          0x08000172   Section        0  __rtentry2.o(.ARM.Collect$$rtentry$$00000002)
    .ARM.Collect$$rtentry$$00000004          0x08000172   Section        6  __rtentry4.o(.ARM.Collect$$rtentry$$00000004)
    .ARM.Collect$$rtentry$$00000009          0x08000178   Section        0  __rtentry2.o(.ARM.Collect$$rtentry$$00000009)
    .ARM.Collect$$rtentry$$0000000A          0x08000178   Section        4  __rtentry2.o(.ARM.Collect$$rtentry$$0000000A)
    .ARM.Collect$$rtentry$$0000000C          0x0800017c   Section        0  __rtentry2.o(.ARM.Collect$$rtentry$$0000000C)
    .ARM.Collect$$rtentry$$0000000D          0x0800017c   Section        8  __rtentry2.o(.ARM.Collect$$rtentry$$0000000D)
    .ARM.Collect$$rtexit$$00000000           0x08000184   Section        2  rtexit.o(.ARM.Collect$$rtexit$$00000000)
    .ARM.Collect$$rtexit$$00000002           0x08000186   Section        0  rtexit2.o(.ARM.Collect$$rtexit$$00000002)
    .ARM.Collect$$rtexit$$00000003           0x08000186   Section        4  rtexit2.o(.ARM.Collect$$rtexit$$00000003)
    .ARM.Collect$$rtexit$$00000004           0x0800018a   Section        6  rtexit2.o(.ARM.Collect$$rtexit$$00000004)
    .text                                    0x08000190   Section       64  startup_stm32f10x_md.o(.text)
    .text                                    0x080001d0   Section        2  use_no_semi_2.o(.text)
    .text                                    0x080001d2   Section       72  llsdiv.o(.text)
    .text                                    0x0800021c   Section        0  noretval__2printf.o(.text)
    .text                                    0x08000234   Section        0  _printf_dec.o(.text)
    .text                                    0x080002ac   Section        0  __printf_flags_wp.o(.text)
    .text                                    0x080003e4   Section        0  memcmp.o(.text)
    .text                                    0x0800043c   Section       16  aeabi_memset.o(.text)
    .text                                    0x0800044c   Section        0  heapauxi.o(.text)
    .text                                    0x08000452   Section        2  use_no_semi.o(.text)
    .text                                    0x08000454   Section      238  lludivv7m.o(.text)
    .text                                    0x08000542   Section        0  _rserrno.o(.text)
    .text                                    0x08000558   Section        0  _printf_intcommon.o(.text)
    .text                                    0x0800060c   Section        0  _printf_char_file.o(.text)
    .text                                    0x08000630   Section       68  rt_memclr.o(.text)
    .text                                    0x08000674   Section        8  rt_errno_addr_intlibspace.o(.text)
    .text                                    0x0800067c   Section        0  _printf_char_common.o(.text)
    _printf_input_char                       0x0800067d   Thumb Code    10  _printf_char_common.o(.text)
    .text                                    0x080006ac   Section        0  ferror.o(.text)
    .text                                    0x080006b4   Section       78  rt_memclr_w.o(.text)
    .text                                    0x08000704   Section        8  libspace.o(.text)
    .text                                    0x0800070c   Section       74  sys_stackheap_outer.o(.text)
    .text                                    0x08000756   Section        0  exit.o(.text)
    i.BusFault_Handler                       0x08000762   Section        0  stm32f10x_it.o(i.BusFault_Handler)
    i.DebugMon_Handler                       0x08000766   Section        0  stm32f10x_it.o(i.DebugMon_Handler)
    i.GPIO_Init                              0x08000768   Section        0  stm32f10x_gpio.o(i.GPIO_Init)
    i.GPIO_SetBits                           0x0800087e   Section        0  stm32f10x_gpio.o(i.GPIO_SetBits)
    i.HardFault_Handler                      0x08000882   Section        0  stm32f10x_it.o(i.HardFault_Handler)
    i.IIC_Ack                                0x08000888   Section        0  myiic.o(i.IIC_Ack)
    i.IIC_Init                               0x080008d8   Section        0  myiic.o(i.IIC_Init)
    i.IIC_NAck                               0x08000918   Section        0  myiic.o(i.IIC_NAck)
    i.IIC_Read_Byte                          0x08000968   Section        0  myiic.o(i.IIC_Read_Byte)
    i.IIC_Send_Byte                          0x080009d8   Section        0  myiic.o(i.IIC_Send_Byte)
    i.IIC_Start                              0x08000a40   Section        0  myiic.o(i.IIC_Start)
    i.IIC_Stop                               0x08000a8c   Section        0  myiic.o(i.IIC_Stop)
    i.IIC_Wait_Ack                           0x08000ad8   Section        0  myiic.o(i.IIC_Wait_Ack)
    i.LED_Init                               0x08000b3c   Section        0  led.o(i.LED_Init)
    i.MPU_Get_Accelerometer                  0x08000b8c   Section        0  mpu6050.o(i.MPU_Get_Accelerometer)
    i.MPU_Get_Gyroscope                      0x08000bdc   Section        0  mpu6050.o(i.MPU_Get_Gyroscope)
    i.MPU_Get_Temperature                    0x08000c2c   Section        0  mpu6050.o(i.MPU_Get_Temperature)
    i.MPU_Init                               0x08000c94   Section        0  mpu6050.o(i.MPU_Init)
    i.MPU_Read_Byte                          0x08000d0e   Section        0  mpu6050.o(i.MPU_Read_Byte)
    i.MPU_Read_Len                           0x08000d48   Section        0  mpu6050.o(i.MPU_Read_Len)
    i.MPU_Set_Accel_Fsr                      0x08000dbc   Section        0  mpu6050.o(i.MPU_Set_Accel_Fsr)
    i.MPU_Set_Gyro_Fsr                       0x08000dcc   Section        0  mpu6050.o(i.MPU_Set_Gyro_Fsr)
    i.MPU_Set_LPF                            0x08000ddc   Section        0  mpu6050.o(i.MPU_Set_LPF)
    i.MPU_Set_Rate                           0x08000e16   Section        0  mpu6050.o(i.MPU_Set_Rate)
    i.MPU_Write_Byte                         0x08000e50   Section        0  mpu6050.o(i.MPU_Write_Byte)
    i.MPU_Write_Len                          0x08000e94   Section        0  mpu6050.o(i.MPU_Write_Len)
    i.MemManage_Handler                      0x08000ef4   Section        0  stm32f10x_it.o(i.MemManage_Handler)
    i.NMI_Handler                            0x08000ef8   Section        0  stm32f10x_it.o(i.NMI_Handler)
    i.NVIC_Init                              0x08000efc   Section        0  misc.o(i.NVIC_Init)
    i.PendSV_Handler                         0x08000f6c   Section        0  stm32f10x_it.o(i.PendSV_Handler)
    i.RCC_APB2PeriphClockCmd                 0x08000f70   Section        0  stm32f10x_rcc.o(i.RCC_APB2PeriphClockCmd)
    i.RCC_GetClocksFreq                      0x08000f90   Section        0  stm32f10x_rcc.o(i.RCC_GetClocksFreq)
    i.SVC_Handler                            0x08001064   Section        0  stm32f10x_it.o(i.SVC_Handler)
    i.SetSysClock                            0x08001066   Section        0  system_stm32f10x.o(i.SetSysClock)
    SetSysClock                              0x08001067   Thumb Code     8  system_stm32f10x.o(i.SetSysClock)
    i.SetSysClockTo72                        0x08001070   Section        0  system_stm32f10x.o(i.SetSysClockTo72)
    SetSysClockTo72                          0x08001071   Thumb Code   214  system_stm32f10x.o(i.SetSysClockTo72)
    i.SysTick_CLKSourceConfig                0x08001150   Section        0  misc.o(i.SysTick_CLKSourceConfig)
    i.SysTick_Handler                        0x08001178   Section        0  stm32f10x_it.o(i.SysTick_Handler)
    i.SystemInit                             0x0800117c   Section        0  system_stm32f10x.o(i.SystemInit)
    i.USART1_IRQHandler                      0x080011dc   Section        0  usart.o(i.USART1_IRQHandler)
    i.USART_Cmd                              0x08001264   Section        0  stm32f10x_usart.o(i.USART_Cmd)
    i.USART_GetITStatus                      0x0800127c   Section        0  stm32f10x_usart.o(i.USART_GetITStatus)
    i.USART_ITConfig                         0x080012d0   Section        0  stm32f10x_usart.o(i.USART_ITConfig)
    i.USART_Init                             0x0800131c   Section        0  stm32f10x_usart.o(i.USART_Init)
    i.USART_ReceiveData                      0x080013f4   Section        0  stm32f10x_usart.o(i.USART_ReceiveData)
    i.UsageFault_Handler                     0x080013fe   Section        0  stm32f10x_it.o(i.UsageFault_Handler)
    i.__ARM_fpclassify                       0x08001402   Section        0  fpclassify.o(i.__ARM_fpclassify)
    i.__kernel_poly                          0x0800142a   Section        0  poly.o(i.__kernel_poly)
    i.__mathlib_dbl_infnan                   0x080014d4   Section        0  dunder.o(i.__mathlib_dbl_infnan)
    i.__mathlib_dbl_infnan2                  0x080014da   Section        0  dunder.o(i.__mathlib_dbl_infnan2)
    i.__mathlib_dbl_invalid                  0x080014de   Section        0  dunder.o(i.__mathlib_dbl_invalid)
    i.__mathlib_dbl_underflow                0x080014ec   Section        0  dunder.o(i.__mathlib_dbl_underflow)
    i._is_digit                              0x080014fc   Section        0  __printf_wp.o(i._is_digit)
    i._sys_exit                              0x0800150a   Section        0  usart.o(i._sys_exit)
    i.accel_self_test                        0x08001510   Section        0  inv_mpu.o(i.accel_self_test)
    accel_self_test                          0x08001511   Thumb Code   164  inv_mpu.o(i.accel_self_test)
    i.asin                                   0x080015b8   Section        0  asin.o(i.asin)
    i.atan                                   0x08001828   Section        0  atan.o(i.atan)
    i.atan2                                  0x08001a48   Section        0  atan2.o(i.atan2)
    i.decode_gesture                         0x08001bc8   Section        0  inv_mpu_dmp_motion_driver.o(i.decode_gesture)
    decode_gesture                           0x08001bc9   Thumb Code    94  inv_mpu_dmp_motion_driver.o(i.decode_gesture)
    i.delay_init                             0x08001c2c   Section        0  delay.o(i.delay_init)
    i.delay_ms                               0x08001c70   Section        0  delay.o(i.delay_ms)
    i.delay_us                               0x08001cbc   Section        0  delay.o(i.delay_us)
    i.dmp_enable_6x_lp_quat                  0x08001d08   Section        0  inv_mpu_dmp_motion_driver.o(i.dmp_enable_6x_lp_quat)
    i.dmp_enable_feature                     0x08001d44   Section        0  inv_mpu_dmp_motion_driver.o(i.dmp_enable_feature)
    i.dmp_enable_gyro_cal                    0x08001f60   Section        0  inv_mpu_dmp_motion_driver.o(i.dmp_enable_gyro_cal)
    i.dmp_enable_lp_quat                     0x08001fb8   Section        0  inv_mpu_dmp_motion_driver.o(i.dmp_enable_lp_quat)
    i.dmp_load_motion_driver_firmware        0x08001ff4   Section        0  inv_mpu_dmp_motion_driver.o(i.dmp_load_motion_driver_firmware)
    i.dmp_read_fifo                          0x0800200c   Section        0  inv_mpu_dmp_motion_driver.o(i.dmp_read_fifo)
    i.dmp_set_accel_bias                     0x080021d8   Section        0  inv_mpu_dmp_motion_driver.o(i.dmp_set_accel_bias)
    i.dmp_set_fifo_rate                      0x08002308   Section        0  inv_mpu_dmp_motion_driver.o(i.dmp_set_fifo_rate)
    i.dmp_set_gyro_bias                      0x08002378   Section        0  inv_mpu_dmp_motion_driver.o(i.dmp_set_gyro_bias)
    i.dmp_set_orientation                    0x080024a8   Section        0  inv_mpu_dmp_motion_driver.o(i.dmp_set_orientation)
    i.dmp_set_shake_reject_thresh            0x080025e0   Section        0  inv_mpu_dmp_motion_driver.o(i.dmp_set_shake_reject_thresh)
    i.dmp_set_shake_reject_time              0x08002618   Section        0  inv_mpu_dmp_motion_driver.o(i.dmp_set_shake_reject_time)
    i.dmp_set_shake_reject_timeout           0x0800263e   Section        0  inv_mpu_dmp_motion_driver.o(i.dmp_set_shake_reject_timeout)
    i.dmp_set_tap_axes                       0x08002664   Section        0  inv_mpu_dmp_motion_driver.o(i.dmp_set_tap_axes)
    i.dmp_set_tap_count                      0x080026aa   Section        0  inv_mpu_dmp_motion_driver.o(i.dmp_set_tap_count)
    i.dmp_set_tap_thresh                     0x080026d0   Section        0  inv_mpu_dmp_motion_driver.o(i.dmp_set_tap_thresh)
    i.dmp_set_tap_time                       0x08002870   Section        0  inv_mpu_dmp_motion_driver.o(i.dmp_set_tap_time)
    i.dmp_set_tap_time_multi                 0x08002896   Section        0  inv_mpu_dmp_motion_driver.o(i.dmp_set_tap_time_multi)
    i.fputc                                  0x080028bc   Section        0  usart.o(i.fputc)
    i.get_accel_prod_shift                   0x080028d8   Section        0  inv_mpu.o(i.get_accel_prod_shift)
    get_accel_prod_shift                     0x080028d9   Thumb Code   168  inv_mpu.o(i.get_accel_prod_shift)
    i.get_st_biases                          0x0800298c   Section        0  inv_mpu.o(i.get_st_biases)
    get_st_biases                            0x0800298d   Thumb Code  1132  inv_mpu.o(i.get_st_biases)
    i.gyro_self_test                         0x08002dfc   Section        0  inv_mpu.o(i.gyro_self_test)
    gyro_self_test                           0x08002dfd   Thumb Code   256  inv_mpu.o(i.gyro_self_test)
    i.inv_orientation_matrix_to_scalar       0x08002f0c   Section        0  inv_mpu.o(i.inv_orientation_matrix_to_scalar)
    i.inv_row_2_scale                        0x08002f34   Section        0  inv_mpu.o(i.inv_row_2_scale)
    i.main                                   0x08002f84   Section        0  main.o(i.main)
    i.mget_ms                                0x08003034   Section        0  inv_mpu.o(i.mget_ms)
    i.mpu_configure_fifo                     0x08003038   Section        0  inv_mpu.o(i.mpu_configure_fifo)
    i.mpu_dmp_get_data                       0x080030a8   Section        0  inv_mpu.o(i.mpu_dmp_get_data)
    i.mpu_dmp_init                           0x080032cc   Section        0  inv_mpu.o(i.mpu_dmp_init)
    i.mpu_get_accel_fsr                      0x08003368   Section        0  inv_mpu.o(i.mpu_get_accel_fsr)
    i.mpu_get_accel_sens                     0x080033b4   Section        0  inv_mpu.o(i.mpu_get_accel_sens)
    i.mpu_get_fifo_config                    0x08003408   Section        0  inv_mpu.o(i.mpu_get_fifo_config)
    i.mpu_get_gyro_fsr                       0x08003418   Section        0  inv_mpu.o(i.mpu_get_gyro_fsr)
    i.mpu_get_gyro_sens                      0x0800345c   Section        0  inv_mpu.o(i.mpu_get_gyro_sens)
    i.mpu_get_lpf                            0x080034ac   Section        0  inv_mpu.o(i.mpu_get_lpf)
    i.mpu_get_sample_rate                    0x080034fc   Section        0  inv_mpu.o(i.mpu_get_sample_rate)
    i.mpu_init                               0x0800351c   Section        0  inv_mpu.o(i.mpu_init)
    i.mpu_load_firmware                      0x0800370c   Section        0  inv_mpu.o(i.mpu_load_firmware)
    i.mpu_lp_accel_mode                      0x080037c4   Section        0  inv_mpu.o(i.mpu_lp_accel_mode)
    i.mpu_read_fifo_stream                   0x080038a4   Section        0  inv_mpu.o(i.mpu_read_fifo_stream)
    i.mpu_read_mem                           0x08003964   Section        0  inv_mpu.o(i.mpu_read_mem)
    i.mpu_reset_fifo                         0x080039e4   Section        0  inv_mpu.o(i.mpu_reset_fifo)
    i.mpu_run_self_test                      0x08003bac   Section        0  inv_mpu.o(i.mpu_run_self_test)
    i.mpu_set_accel_fsr                      0x08003cc8   Section        0  inv_mpu.o(i.mpu_set_accel_fsr)
    i.mpu_set_bypass                         0x08003d4c   Section        0  inv_mpu.o(i.mpu_set_bypass)
    i.mpu_set_dmp_state                      0x08003e98   Section        0  inv_mpu.o(i.mpu_set_dmp_state)
    i.mpu_set_gyro_fsr                       0x08003f28   Section        0  inv_mpu.o(i.mpu_set_gyro_fsr)
    i.mpu_set_int_latched                    0x08003fb0   Section        0  inv_mpu.o(i.mpu_set_int_latched)
    i.mpu_set_lpf                            0x0800401c   Section        0  inv_mpu.o(i.mpu_set_lpf)
    i.mpu_set_sample_rate                    0x080040a0   Section        0  inv_mpu.o(i.mpu_set_sample_rate)
    i.mpu_set_sensors                        0x0800413c   Section        0  inv_mpu.o(i.mpu_set_sensors)
    i.mpu_write_mem                          0x0800420c   Section        0  inv_mpu.o(i.mpu_write_mem)
    i.run_self_test                          0x0800428c   Section        0  inv_mpu.o(i.run_self_test)
    i.set_int_enable                         0x08004320   Section        0  inv_mpu.o(i.set_int_enable)
    set_int_enable                           0x08004321   Thumb Code   138  inv_mpu.o(i.set_int_enable)
    i.sqrt                                   0x080043b0   Section        0  sqrt.o(i.sqrt)
    i.uart_init                              0x080043fc   Section        0  usart.o(i.uart_init)
    x$fpl$d2f                                0x0800449c   Section       98  d2f.o(x$fpl$d2f)
    x$fpl$dadd                               0x08004500   Section      336  daddsub_clz.o(x$fpl$dadd)
    _dadd1                                   0x08004511   Thumb Code     0  daddsub_clz.o(x$fpl$dadd)
    x$fpl$dcheck1                            0x08004650   Section       16  dcheck1.o(x$fpl$dcheck1)
    x$fpl$ddiv                               0x08004660   Section      688  ddiv.o(x$fpl$ddiv)
    ddiv_entry                               0x08004667   Thumb Code     0  ddiv.o(x$fpl$ddiv)
    x$fpl$dflt                               0x08004910   Section       46  dflt_clz.o(x$fpl$dflt)
    x$fpl$dmul                               0x08004940   Section      340  dmul.o(x$fpl$dmul)
    x$fpl$dnaninf                            0x08004a94   Section      156  dnaninf.o(x$fpl$dnaninf)
    x$fpl$dretinf                            0x08004b30   Section       12  dretinf.o(x$fpl$dretinf)
    x$fpl$drsb                               0x08004b3c   Section       22  daddsub_clz.o(x$fpl$drsb)
    x$fpl$dsqrt                              0x08004b54   Section      460  dsqrt_noumaal.o(x$fpl$dsqrt)
    x$fpl$dsub                               0x08004d20   Section      468  daddsub_clz.o(x$fpl$dsub)
    _dsub1                                   0x08004d31   Thumb Code     0  daddsub_clz.o(x$fpl$dsub)
    x$fpl$f2d                                0x08004ef4   Section       86  f2d.o(x$fpl$f2d)
    x$fpl$fadd                               0x08004f4c   Section      196  faddsub_clz.o(x$fpl$fadd)
    _fadd1                                   0x08004f5b   Thumb Code     0  faddsub_clz.o(x$fpl$fadd)
    x$fpl$fcmpinf                            0x08005010   Section       24  fcmpi.o(x$fpl$fcmpinf)
    x$fpl$fdiv                               0x08005028   Section      388  fdiv.o(x$fpl$fdiv)
    _fdiv1                                   0x08005029   Thumb Code     0  fdiv.o(x$fpl$fdiv)
    x$fpl$feqf                               0x080051ac   Section      104  feqf.o(x$fpl$feqf)
    x$fpl$ffix                               0x08005214   Section       54  ffix.o(x$fpl$ffix)
    x$fpl$ffixu                              0x0800524c   Section       62  ffixu.o(x$fpl$ffixu)
    x$fpl$fflt                               0x0800528c   Section       48  fflt_clz.o(x$fpl$fflt)
    x$fpl$ffltu                              0x080052bc   Section       38  fflt_clz.o(x$fpl$ffltu)
    x$fpl$fleqf                              0x080052e4   Section      104  fleqf.o(x$fpl$fleqf)
    x$fpl$fmul                               0x0800534c   Section      258  fmul.o(x$fpl$fmul)
    x$fpl$fnaninf                            0x0800544e   Section      140  fnaninf.o(x$fpl$fnaninf)
    x$fpl$fretinf                            0x080054da   Section       10  fretinf.o(x$fpl$fretinf)
    x$fpl$frleqf                             0x080054e4   Section       98  frleqf.o(x$fpl$frleqf)
    x$fpl$fsub                               0x08005548   Section      234  faddsub_clz.o(x$fpl$fsub)
    _fsub1                                   0x08005557   Thumb Code     0  faddsub_clz.o(x$fpl$fsub)
    x$fpl$retnan                             0x08005632   Section      100  retnan.o(x$fpl$retnan)
    x$fpl$scalbn                             0x08005696   Section       92  scalbn.o(x$fpl$scalbn)
    x$fpl$trapveneer                         0x080056f2   Section       48  trapv.o(x$fpl$trapveneer)
    x$fpl$usenofp                            0x08005722   Section        0  usenofp.o(x$fpl$usenofp)
    .constdata                               0x08005724   Section       80  inv_mpu.o(.constdata)
    .constdata                               0x08005774   Section     3062  inv_mpu_dmp_motion_driver.o(.constdata)
    dmp_memory                               0x08005774   Data        3062  inv_mpu_dmp_motion_driver.o(.constdata)
    .constdata                               0x0800636a   Section       17  __printf_flags_wp.o(.constdata)
    maptable                                 0x0800636a   Data          17  __printf_flags_wp.o(.constdata)
    .constdata                               0x08006380   Section       80  asin.o(.constdata)
    pS                                       0x08006380   Data          48  asin.o(.constdata)
    qS                                       0x080063b0   Data          32  asin.o(.constdata)
    .constdata                               0x080063d0   Section      152  atan.o(.constdata)
    atanhi                                   0x080063d0   Data          32  atan.o(.constdata)
    atanlo                                   0x080063f0   Data          32  atan.o(.constdata)
    aTodd                                    0x08006410   Data          40  atan.o(.constdata)
    aTeven                                   0x08006438   Data          48  atan.o(.constdata)
    .constdata                               0x08006468   Section        8  qnan.o(.constdata)
    .conststring                             0x08006470   Section       77  inv_mpu.o(.conststring)
    .data                                    0x20000000   Section       20  stm32f10x_rcc.o(.data)
    APBAHBPrescTable                         0x20000000   Data          16  stm32f10x_rcc.o(.data)
    ADCPrescTable                            0x20000010   Data           4  stm32f10x_rcc.o(.data)
    .data                                    0x20000014   Section       20  system_stm32f10x.o(.data)
    .data                                    0x20000028   Section        4  delay.o(.data)
    fac_us                                   0x20000028   Data           1  delay.o(.data)
    fac_ms                                   0x2000002a   Data           2  delay.o(.data)
    .data                                    0x2000002c   Section        6  usart.o(.data)
    .data                                    0x20000034   Section       53  inv_mpu.o(.data)
    st                                       0x20000034   Data          44  inv_mpu.o(.data)
    gyro_orientation                         0x20000060   Data           9  inv_mpu.o(.data)
    .bss                                     0x2000006c   Section      200  usart.o(.bss)
    .bss                                     0x20000134   Section       16  inv_mpu_dmp_motion_driver.o(.bss)
    dmp                                      0x20000134   Data          16  inv_mpu_dmp_motion_driver.o(.bss)
    .bss                                     0x20000144   Section       96  libspace.o(.bss)
    HEAP                                     0x200001a8   Section      512  startup_stm32f10x_md.o(HEAP)
    Heap_Mem                                 0x200001a8   Data         512  startup_stm32f10x_md.o(HEAP)
    STACK                                    0x200003a8   Section     1024  startup_stm32f10x_md.o(STACK)
    Stack_Mem                                0x200003a8   Data        1024  startup_stm32f10x_md.o(STACK)
    __initial_sp                             0x200007a8   Data           0  startup_stm32f10x_md.o(STACK)

    Global Symbols

    Symbol Name                              Value     Ov Type        Size  Object(Section)

    BuildAttributes$$THM_ISAv4$P$D$K$B$S$PE$A:L22UL41UL21$X:L11$S22US41US21$IEEE1$IW$USESV6$~STKCKD$USESV7$~SHL$OTIME$ROPI$IEEEX$EBA8$UX$STANDARDLIB$REQ8$PRES8$EABIv2 0x00000000   Number         0  anon$$obj.o ABSOLUTE
    __ARM_use_no_argv                        0x00000000   Number         0  main.o ABSOLUTE
    _printf_flags                            0x00000000   Number         0  printf_stubs.o ABSOLUTE
    _printf_return_value                     0x00000000   Number         0  printf_stubs.o ABSOLUTE
    _printf_sizespec                         0x00000000   Number         0  printf_stubs.o ABSOLUTE
    _printf_widthprec                        0x00000000   Number         0  printf_stubs.o ABSOLUTE
    __ARM_exceptions_init                     - Undefined Weak Reference
    __alloca_initialize                       - Undefined Weak Reference
    __arm_preinit_                            - Undefined Weak Reference
    __cpp_initialize__aeabi_                  - Undefined Weak Reference
    __cxa_finalize                            - Undefined Weak Reference
    __rt_locale                               - Undefined Weak Reference
    __sigvec_lookup                           - Undefined Weak Reference
    _atexit_init                              - Undefined Weak Reference
    _call_atexit_fns                          - Undefined Weak Reference
    _clock_init                               - Undefined Weak Reference
    _fp_trap_init                             - Undefined Weak Reference
    _fp_trap_shutdown                         - Undefined Weak Reference
    _get_lc_collate                           - Undefined Weak Reference
    _get_lc_ctype                             - Undefined Weak Reference
    _get_lc_monetary                          - Undefined Weak Reference
    _get_lc_numeric                           - Undefined Weak Reference
    _get_lc_time                              - Undefined Weak Reference
    _getenv_init                              - Undefined Weak Reference
    _handle_redirection                       - Undefined Weak Reference
    _init_alloc                               - Undefined Weak Reference
    _init_user_alloc                          - Undefined Weak Reference
    _initio                                   - Undefined Weak Reference
    _mutex_acquire                            - Undefined Weak Reference
    _mutex_release                            - Undefined Weak Reference
    _printf_truncate_signed                   - Undefined Weak Reference
    _printf_truncate_unsigned                 - Undefined Weak Reference
    _rand_init                                - Undefined Weak Reference
    _signal_finish                            - Undefined Weak Reference
    _signal_init                              - Undefined Weak Reference
    _terminate_alloc                          - Undefined Weak Reference
    _terminate_user_alloc                     - Undefined Weak Reference
    _terminateio                              - Undefined Weak Reference
    __Vectors_Size                           0x000000ec   Number         0  startup_stm32f10x_md.o ABSOLUTE
    __Vectors                                0x08000000   Data           4  startup_stm32f10x_md.o(RESET)
    __Vectors_End                            0x080000ec   Data           0  startup_stm32f10x_md.o(RESET)
    __main                                   0x080000ed   Thumb Code     8  __main.o(!!!main)
    __scatterload                            0x080000f5   Thumb Code     0  __scatter.o(!!!scatter)
    __scatterload_rt2                        0x080000f5   Thumb Code    44  __scatter.o(!!!scatter)
    __scatterload_rt2_thumb_only             0x080000f5   Thumb Code     0  __scatter.o(!!!scatter)
    __scatterload_null                       0x08000103   Thumb Code     0  __scatter.o(!!!scatter)
    __scatterload_copy                       0x08000129   Thumb Code    26  __scatter_copy.o(!!handler_copy)
    __scatterload_zeroinit                   0x08000145   Thumb Code    28  __scatter_zi.o(!!handler_zi)
    _printf_d                                0x08000161   Thumb Code     0  _printf_d.o(.ARM.Collect$$_printf_percent$$00000009)
    _printf_percent                          0x08000161   Thumb Code     0  _printf_percent.o(.ARM.Collect$$_printf_percent$$00000000)
    _printf_percent_end                      0x08000167   Thumb Code     0  _printf_percent_end.o(.ARM.Collect$$_printf_percent$$00000017)
    __rt_lib_init                            0x0800016b   Thumb Code     0  libinit.o(.ARM.Collect$$libinit$$00000000)
    __rt_lib_init_alloca_1                   0x0800016d   Thumb Code     0  libinit2.o(.ARM.Collect$$libinit$$0000002E)
    __rt_lib_init_argv_1                     0x0800016d   Thumb Code     0  libinit2.o(.ARM.Collect$$libinit$$0000002C)
    __rt_lib_init_atexit_1                   0x0800016d   Thumb Code     0  libinit2.o(.ARM.Collect$$libinit$$0000001B)
    __rt_lib_init_clock_1                    0x0800016d   Thumb Code     0  libinit2.o(.ARM.Collect$$libinit$$00000021)
    __rt_lib_init_cpp_1                      0x0800016d   Thumb Code     0  libinit2.o(.ARM.Collect$$libinit$$00000032)
    __rt_lib_init_exceptions_1               0x0800016d   Thumb Code     0  libinit2.o(.ARM.Collect$$libinit$$00000030)
    __rt_lib_init_fp_1                       0x0800016d   Thumb Code     0  libinit2.o(.ARM.Collect$$libinit$$00000002)
    __rt_lib_init_fp_trap_1                  0x0800016d   Thumb Code     0  libinit2.o(.ARM.Collect$$libinit$$0000001F)
    __rt_lib_init_getenv_1                   0x0800016d   Thumb Code     0  libinit2.o(.ARM.Collect$$libinit$$00000023)
    __rt_lib_init_heap_1                     0x0800016d   Thumb Code     0  libinit2.o(.ARM.Collect$$libinit$$0000000A)
    __rt_lib_init_lc_collate_1               0x0800016d   Thumb Code     0  libinit2.o(.ARM.Collect$$libinit$$00000011)
    __rt_lib_init_lc_ctype_1                 0x0800016d   Thumb Code     0  libinit2.o(.ARM.Collect$$libinit$$00000013)
    __rt_lib_init_lc_monetary_1              0x0800016d   Thumb Code     0  libinit2.o(.ARM.Collect$$libinit$$00000015)
    __rt_lib_init_lc_numeric_1               0x0800016d   Thumb Code     0  libinit2.o(.ARM.Collect$$libinit$$00000017)
    __rt_lib_init_lc_time_1                  0x0800016d   Thumb Code     0  libinit2.o(.ARM.Collect$$libinit$$00000019)
    __rt_lib_init_preinit_1                  0x0800016d   Thumb Code     0  libinit2.o(.ARM.Collect$$libinit$$00000004)
    __rt_lib_init_rand_1                     0x0800016d   Thumb Code     0  libinit2.o(.ARM.Collect$$libinit$$0000000E)
    __rt_lib_init_return                     0x0800016d   Thumb Code     0  libinit2.o(.ARM.Collect$$libinit$$00000033)
    __rt_lib_init_signal_1                   0x0800016d   Thumb Code     0  libinit2.o(.ARM.Collect$$libinit$$0000001D)
    __rt_lib_init_stdio_1                    0x0800016d   Thumb Code     0  libinit2.o(.ARM.Collect$$libinit$$00000025)
    __rt_lib_init_user_alloc_1               0x0800016d   Thumb Code     0  libinit2.o(.ARM.Collect$$libinit$$0000000C)
    __rt_lib_shutdown                        0x0800016f   Thumb Code     0  libshutdown.o(.ARM.Collect$$libshutdown$$00000000)
    __rt_lib_shutdown_fp_trap_1              0x08000171   Thumb Code     0  libshutdown2.o(.ARM.Collect$$libshutdown$$00000006)
    __rt_lib_shutdown_heap_1                 0x08000171   Thumb Code     0  libshutdown2.o(.ARM.Collect$$libshutdown$$0000000E)
    __rt_lib_shutdown_return                 0x08000171   Thumb Code     0  libshutdown2.o(.ARM.Collect$$libshutdown$$0000000F)
    __rt_lib_shutdown_signal_1               0x08000171   Thumb Code     0  libshutdown2.o(.ARM.Collect$$libshutdown$$00000009)
    __rt_lib_shutdown_stdio_1                0x08000171   Thumb Code     0  libshutdown2.o(.ARM.Collect$$libshutdown$$00000003)
    __rt_lib_shutdown_user_alloc_1           0x08000171   Thumb Code     0  libshutdown2.o(.ARM.Collect$$libshutdown$$0000000B)
    __rt_entry                               0x08000173   Thumb Code     0  __rtentry.o(.ARM.Collect$$rtentry$$00000000)
    __rt_entry_presh_1                       0x08000173   Thumb Code     0  __rtentry2.o(.ARM.Collect$$rtentry$$00000002)
    __rt_entry_sh                            0x08000173   Thumb Code     0  __rtentry4.o(.ARM.Collect$$rtentry$$00000004)
    __rt_entry_li                            0x08000179   Thumb Code     0  __rtentry2.o(.ARM.Collect$$rtentry$$0000000A)
    __rt_entry_postsh_1                      0x08000179   Thumb Code     0  __rtentry2.o(.ARM.Collect$$rtentry$$00000009)
    __rt_entry_main                          0x0800017d   Thumb Code     0  __rtentry2.o(.ARM.Collect$$rtentry$$0000000D)
    __rt_entry_postli_1                      0x0800017d   Thumb Code     0  __rtentry2.o(.ARM.Collect$$rtentry$$0000000C)
    __rt_exit                                0x08000185   Thumb Code     0  rtexit.o(.ARM.Collect$$rtexit$$00000000)
    __rt_exit_ls                             0x08000187   Thumb Code     0  rtexit2.o(.ARM.Collect$$rtexit$$00000003)
    __rt_exit_prels_1                        0x08000187   Thumb Code     0  rtexit2.o(.ARM.Collect$$rtexit$$00000002)
    __rt_exit_exit                           0x0800018b   Thumb Code     0  rtexit2.o(.ARM.Collect$$rtexit$$00000004)
    Reset_Handler                            0x08000191   Thumb Code     8  startup_stm32f10x_md.o(.text)
    ADC1_2_IRQHandler                        0x080001ab   Thumb Code     0  startup_stm32f10x_md.o(.text)
    CAN1_RX1_IRQHandler                      0x080001ab   Thumb Code     0  startup_stm32f10x_md.o(.text)
    CAN1_SCE_IRQHandler                      0x080001ab   Thumb Code     0  startup_stm32f10x_md.o(.text)
    DMA1_Channel1_IRQHandler                 0x080001ab   Thumb Code     0  startup_stm32f10x_md.o(.text)
    DMA1_Channel2_IRQHandler                 0x080001ab   Thumb Code     0  startup_stm32f10x_md.o(.text)
    DMA1_Channel3_IRQHandler                 0x080001ab   Thumb Code     0  startup_stm32f10x_md.o(.text)
    DMA1_Channel4_IRQHandler                 0x080001ab   Thumb Code     0  startup_stm32f10x_md.o(.text)
    DMA1_Channel5_IRQHandler                 0x080001ab   Thumb Code     0  startup_stm32f10x_md.o(.text)
    DMA1_Channel6_IRQHandler                 0x080001ab   Thumb Code     0  startup_stm32f10x_md.o(.text)
    DMA1_Channel7_IRQHandler                 0x080001ab   Thumb Code     0  startup_stm32f10x_md.o(.text)
    EXTI0_IRQHandler                         0x080001ab   Thumb Code     0  startup_stm32f10x_md.o(.text)
    EXTI15_10_IRQHandler                     0x080001ab   Thumb Code     0  startup_stm32f10x_md.o(.text)
    EXTI1_IRQHandler                         0x080001ab   Thumb Code     0  startup_stm32f10x_md.o(.text)
    EXTI2_IRQHandler                         0x080001ab   Thumb Code     0  startup_stm32f10x_md.o(.text)
    EXTI3_IRQHandler                         0x080001ab   Thumb Code     0  startup_stm32f10x_md.o(.text)
    EXTI4_IRQHandler                         0x080001ab   Thumb Code     0  startup_stm32f10x_md.o(.text)
    EXTI9_5_IRQHandler                       0x080001ab   Thumb Code     0  startup_stm32f10x_md.o(.text)
    FLASH_IRQHandler                         0x080001ab   Thumb Code     0  startup_stm32f10x_md.o(.text)
    I2C1_ER_IRQHandler                       0x080001ab   Thumb Code     0  startup_stm32f10x_md.o(.text)
    I2C1_EV_IRQHandler                       0x080001ab   Thumb Code     0  startup_stm32f10x_md.o(.text)
    I2C2_ER_IRQHandler                       0x080001ab   Thumb Code     0  startup_stm32f10x_md.o(.text)
    I2C2_EV_IRQHandler                       0x080001ab   Thumb Code     0  startup_stm32f10x_md.o(.text)
    PVD_IRQHandler                           0x080001ab   Thumb Code     0  startup_stm32f10x_md.o(.text)
    RCC_IRQHandler                           0x080001ab   Thumb Code     0  startup_stm32f10x_md.o(.text)
    RTCAlarm_IRQHandler                      0x080001ab   Thumb Code     0  startup_stm32f10x_md.o(.text)
    RTC_IRQHandler                           0x080001ab   Thumb Code     0  startup_stm32f10x_md.o(.text)
    SPI1_IRQHandler                          0x080001ab   Thumb Code     0  startup_stm32f10x_md.o(.text)
    SPI2_IRQHandler                          0x080001ab   Thumb Code     0  startup_stm32f10x_md.o(.text)
    TAMPER_IRQHandler                        0x080001ab   Thumb Code     0  startup_stm32f10x_md.o(.text)
    TIM1_BRK_IRQHandler                      0x080001ab   Thumb Code     0  startup_stm32f10x_md.o(.text)
    TIM1_CC_IRQHandler                       0x080001ab   Thumb Code     0  startup_stm32f10x_md.o(.text)
    TIM1_TRG_COM_IRQHandler                  0x080001ab   Thumb Code     0  startup_stm32f10x_md.o(.text)
    TIM1_UP_IRQHandler                       0x080001ab   Thumb Code     0  startup_stm32f10x_md.o(.text)
    TIM2_IRQHandler                          0x080001ab   Thumb Code     0  startup_stm32f10x_md.o(.text)
    TIM3_IRQHandler                          0x080001ab   Thumb Code     0  startup_stm32f10x_md.o(.text)
    TIM4_IRQHandler                          0x080001ab   Thumb Code     0  startup_stm32f10x_md.o(.text)
    USART2_IRQHandler                        0x080001ab   Thumb Code     0  startup_stm32f10x_md.o(.text)
    USART3_IRQHandler                        0x080001ab   Thumb Code     0  startup_stm32f10x_md.o(.text)
    USBWakeUp_IRQHandler                     0x080001ab   Thumb Code     0  startup_stm32f10x_md.o(.text)
    USB_HP_CAN1_TX_IRQHandler                0x080001ab   Thumb Code     0  startup_stm32f10x_md.o(.text)
    USB_LP_CAN1_RX0_IRQHandler               0x080001ab   Thumb Code     0  startup_stm32f10x_md.o(.text)
    WWDG_IRQHandler                          0x080001ab   Thumb Code     0  startup_stm32f10x_md.o(.text)
    __user_initial_stackheap                 0x080001ad   Thumb Code     0  startup_stm32f10x_md.o(.text)
    __use_no_semihosting                     0x080001d1   Thumb Code     2  use_no_semi_2.o(.text)
    __aeabi_ldivmod                          0x080001d3   Thumb Code     0  llsdiv.o(.text)
    _ll_sdiv                                 0x080001d3   Thumb Code    72  llsdiv.o(.text)
    __2printf                                0x0800021d   Thumb Code    20  noretval__2printf.o(.text)
    _printf_int_dec                          0x08000235   Thumb Code   104  _printf_dec.o(.text)
    __printf                                 0x080002ad   Thumb Code   308  __printf_flags_wp.o(.text)
    memcmp                                   0x080003e5   Thumb Code    88  memcmp.o(.text)
    __aeabi_memset                           0x0800043d   Thumb Code    16  aeabi_memset.o(.text)
    __use_two_region_memory                  0x0800044d   Thumb Code     2  heapauxi.o(.text)
    __rt_heap_escrow$2region                 0x0800044f   Thumb Code     2  heapauxi.o(.text)
    __rt_heap_expand$2region                 0x08000451   Thumb Code     2  heapauxi.o(.text)
    __I$use$semihosting                      0x08000453   Thumb Code     0  use_no_semi.o(.text)
    __use_no_semihosting_swi                 0x08000453   Thumb Code     2  use_no_semi.o(.text)
    __aeabi_uldivmod                         0x08000455   Thumb Code     0  lludivv7m.o(.text)
    _ll_udiv                                 0x08000455   Thumb Code   238  lludivv7m.o(.text)
    __read_errno                             0x08000543   Thumb Code    10  _rserrno.o(.text)
    __set_errno                              0x0800054d   Thumb Code    12  _rserrno.o(.text)
    _printf_int_common                       0x08000559   Thumb Code   178  _printf_intcommon.o(.text)
    _printf_char_file                        0x0800060d   Thumb Code    32  _printf_char_file.o(.text)
    __aeabi_memclr                           0x08000631   Thumb Code     0  rt_memclr.o(.text)
    __rt_memclr                              0x08000631   Thumb Code    68  rt_memclr.o(.text)
    _memset                                  0x08000635   Thumb Code     0  rt_memclr.o(.text)
    __aeabi_errno_addr                       0x08000675   Thumb Code     8  rt_errno_addr_intlibspace.o(.text)
    __errno$intlibspace                      0x08000675   Thumb Code     0  rt_errno_addr_intlibspace.o(.text)
    __rt_errno_addr$intlibspace              0x08000675   Thumb Code     0  rt_errno_addr_intlibspace.o(.text)
    _printf_char_common                      0x08000687   Thumb Code    32  _printf_char_common.o(.text)
    ferror                                   0x080006ad   Thumb Code     8  ferror.o(.text)
    __aeabi_memclr4                          0x080006b5   Thumb Code     0  rt_memclr_w.o(.text)
    __aeabi_memclr8                          0x080006b5   Thumb Code     0  rt_memclr_w.o(.text)
    __rt_memclr_w                            0x080006b5   Thumb Code    78  rt_memclr_w.o(.text)
    _memset_w                                0x080006b9   Thumb Code     0  rt_memclr_w.o(.text)
    __user_libspace                          0x08000705   Thumb Code     8  libspace.o(.text)
    __user_perproc_libspace                  0x08000705   Thumb Code     0  libspace.o(.text)
    __user_perthread_libspace                0x08000705   Thumb Code     0  libspace.o(.text)
    __user_setup_stackheap                   0x0800070d   Thumb Code    74  sys_stackheap_outer.o(.text)
    exit                                     0x08000757   Thumb Code    12  exit.o(.text)
    BusFault_Handler                         0x08000763   Thumb Code     4  stm32f10x_it.o(i.BusFault_Handler)
    DebugMon_Handler                         0x08000767   Thumb Code     2  stm32f10x_it.o(i.DebugMon_Handler)
    GPIO_Init                                0x08000769   Thumb Code   278  stm32f10x_gpio.o(i.GPIO_Init)
    GPIO_SetBits                             0x0800087f   Thumb Code     4  stm32f10x_gpio.o(i.GPIO_SetBits)
    HardFault_Handler                        0x08000883   Thumb Code     4  stm32f10x_it.o(i.HardFault_Handler)
    IIC_Ack                                  0x08000889   Thumb Code    66  myiic.o(i.IIC_Ack)
    IIC_Init                                 0x080008d9   Thumb Code    52  myiic.o(i.IIC_Init)
    IIC_NAck                                 0x08000919   Thumb Code    66  myiic.o(i.IIC_NAck)
    IIC_Read_Byte                            0x08000969   Thumb Code    98  myiic.o(i.IIC_Read_Byte)
    IIC_Send_Byte                            0x080009d9   Thumb Code    90  myiic.o(i.IIC_Send_Byte)
    IIC_Start                                0x08000a41   Thumb Code    64  myiic.o(i.IIC_Start)
    IIC_Stop                                 0x08000a8d   Thumb Code    62  myiic.o(i.IIC_Stop)
    IIC_Wait_Ack                             0x08000ad9   Thumb Code    86  myiic.o(i.IIC_Wait_Ack)
    LED_Init                                 0x08000b3d   Thumb Code    72  led.o(i.LED_Init)
    MPU_Get_Accelerometer                    0x08000b8d   Thumb Code    80  mpu6050.o(i.MPU_Get_Accelerometer)
    MPU_Get_Gyroscope                        0x08000bdd   Thumb Code    80  mpu6050.o(i.MPU_Get_Gyroscope)
    MPU_Get_Temperature                      0x08000c2d   Thumb Code    86  mpu6050.o(i.MPU_Get_Temperature)
    MPU_Init                                 0x08000c95   Thumb Code   122  mpu6050.o(i.MPU_Init)
    MPU_Read_Byte                            0x08000d0f   Thumb Code    58  mpu6050.o(i.MPU_Read_Byte)
    MPU_Read_Len                             0x08000d49   Thumb Code   116  mpu6050.o(i.MPU_Read_Len)
    MPU_Set_Accel_Fsr                        0x08000dbd   Thumb Code    16  mpu6050.o(i.MPU_Set_Accel_Fsr)
    MPU_Set_Gyro_Fsr                         0x08000dcd   Thumb Code    16  mpu6050.o(i.MPU_Set_Gyro_Fsr)
    MPU_Set_LPF                              0x08000ddd   Thumb Code    58  mpu6050.o(i.MPU_Set_LPF)
    MPU_Set_Rate                             0x08000e17   Thumb Code    58  mpu6050.o(i.MPU_Set_Rate)
    MPU_Write_Byte                           0x08000e51   Thumb Code    68  mpu6050.o(i.MPU_Write_Byte)
    MPU_Write_Len                            0x08000e95   Thumb Code    96  mpu6050.o(i.MPU_Write_Len)
    MemManage_Handler                        0x08000ef5   Thumb Code     4  stm32f10x_it.o(i.MemManage_Handler)
    NMI_Handler                              0x08000ef9   Thumb Code     2  stm32f10x_it.o(i.NMI_Handler)
    NVIC_Init                                0x08000efd   Thumb Code   100  misc.o(i.NVIC_Init)
    PendSV_Handler                           0x08000f6d   Thumb Code     2  stm32f10x_it.o(i.PendSV_Handler)
    RCC_APB2PeriphClockCmd                   0x08000f71   Thumb Code    26  stm32f10x_rcc.o(i.RCC_APB2PeriphClockCmd)
    RCC_GetClocksFreq                        0x08000f91   Thumb Code   192  stm32f10x_rcc.o(i.RCC_GetClocksFreq)
    SVC_Handler                              0x08001065   Thumb Code     2  stm32f10x_it.o(i.SVC_Handler)
    SysTick_CLKSourceConfig                  0x08001151   Thumb Code    40  misc.o(i.SysTick_CLKSourceConfig)
    SysTick_Handler                          0x08001179   Thumb Code     2  stm32f10x_it.o(i.SysTick_Handler)
    SystemInit                               0x0800117d   Thumb Code    78  system_stm32f10x.o(i.SystemInit)
    USART1_IRQHandler                        0x080011dd   Thumb Code   122  usart.o(i.USART1_IRQHandler)
    USART_Cmd                                0x08001265   Thumb Code    24  stm32f10x_usart.o(i.USART_Cmd)
    USART_GetITStatus                        0x0800127d   Thumb Code    84  stm32f10x_usart.o(i.USART_GetITStatus)
    USART_ITConfig                           0x080012d1   Thumb Code    74  stm32f10x_usart.o(i.USART_ITConfig)
    USART_Init                               0x0800131d   Thumb Code   210  stm32f10x_usart.o(i.USART_Init)
    USART_ReceiveData                        0x080013f5   Thumb Code    10  stm32f10x_usart.o(i.USART_ReceiveData)
    UsageFault_Handler                       0x080013ff   Thumb Code     4  stm32f10x_it.o(i.UsageFault_Handler)
    __ARM_fpclassify                         0x08001403   Thumb Code    40  fpclassify.o(i.__ARM_fpclassify)
    __kernel_poly                            0x0800142b   Thumb Code   170  poly.o(i.__kernel_poly)
    __mathlib_dbl_infnan                     0x080014d5   Thumb Code     6  dunder.o(i.__mathlib_dbl_infnan)
    __mathlib_dbl_infnan2                    0x080014db   Thumb Code     4  dunder.o(i.__mathlib_dbl_infnan2)
    __mathlib_dbl_invalid                    0x080014df   Thumb Code    12  dunder.o(i.__mathlib_dbl_invalid)
    __mathlib_dbl_underflow                  0x080014ed   Thumb Code    10  dunder.o(i.__mathlib_dbl_underflow)
    _is_digit                                0x080014fd   Thumb Code    14  __printf_wp.o(i._is_digit)
    _sys_exit                                0x0800150b   Thumb Code     6  usart.o(i._sys_exit)
    asin                                     0x080015b9   Thumb Code   572  asin.o(i.asin)
    atan                                     0x08001829   Thumb Code   474  atan.o(i.atan)
    atan2                                    0x08001a49   Thumb Code   346  atan2.o(i.atan2)
    delay_init                               0x08001c2d   Thumb Code    50  delay.o(i.delay_init)
    delay_ms                                 0x08001c71   Thumb Code    72  delay.o(i.delay_ms)
    delay_us                                 0x08001cbd   Thumb Code    72  delay.o(i.delay_us)
    dmp_enable_6x_lp_quat                    0x08001d09   Thumb Code    60  inv_mpu_dmp_motion_driver.o(i.dmp_enable_6x_lp_quat)
    dmp_enable_feature                       0x08001d45   Thumb Code   530  inv_mpu_dmp_motion_driver.o(i.dmp_enable_feature)
    dmp_enable_gyro_cal                      0x08001f61   Thumb Code    62  inv_mpu_dmp_motion_driver.o(i.dmp_enable_gyro_cal)
    dmp_enable_lp_quat                       0x08001fb9   Thumb Code    60  inv_mpu_dmp_motion_driver.o(i.dmp_enable_lp_quat)
    dmp_load_motion_driver_firmware          0x08001ff5   Thumb Code    20  inv_mpu_dmp_motion_driver.o(i.dmp_load_motion_driver_firmware)
    dmp_read_fifo                            0x0800200d   Thumb Code   456  inv_mpu_dmp_motion_driver.o(i.dmp_read_fifo)
    dmp_set_accel_bias                       0x080021d9   Thumb Code   300  inv_mpu_dmp_motion_driver.o(i.dmp_set_accel_bias)
    dmp_set_fifo_rate                        0x08002309   Thumb Code    96  inv_mpu_dmp_motion_driver.o(i.dmp_set_fifo_rate)
    dmp_set_gyro_bias                        0x08002379   Thumb Code   294  inv_mpu_dmp_motion_driver.o(i.dmp_set_gyro_bias)
    dmp_set_orientation                      0x080024a9   Thumb Code   290  inv_mpu_dmp_motion_driver.o(i.dmp_set_orientation)
    dmp_set_shake_reject_thresh              0x080025e1   Thumb Code    56  inv_mpu_dmp_motion_driver.o(i.dmp_set_shake_reject_thresh)
    dmp_set_shake_reject_time                0x08002619   Thumb Code    38  inv_mpu_dmp_motion_driver.o(i.dmp_set_shake_reject_time)
    dmp_set_shake_reject_timeout             0x0800263f   Thumb Code    38  inv_mpu_dmp_motion_driver.o(i.dmp_set_shake_reject_timeout)
    dmp_set_tap_axes                         0x08002665   Thumb Code    70  inv_mpu_dmp_motion_driver.o(i.dmp_set_tap_axes)
    dmp_set_tap_count                        0x080026ab   Thumb Code    38  inv_mpu_dmp_motion_driver.o(i.dmp_set_tap_count)
    dmp_set_tap_thresh                       0x080026d1   Thumb Code   396  inv_mpu_dmp_motion_driver.o(i.dmp_set_tap_thresh)
    dmp_set_tap_time                         0x08002871   Thumb Code    38  inv_mpu_dmp_motion_driver.o(i.dmp_set_tap_time)
    dmp_set_tap_time_multi                   0x08002897   Thumb Code    38  inv_mpu_dmp_motion_driver.o(i.dmp_set_tap_time_multi)
    fputc                                    0x080028bd   Thumb Code    24  usart.o(i.fputc)
    inv_orientation_matrix_to_scalar         0x08002f0d   Thumb Code    40  inv_mpu.o(i.inv_orientation_matrix_to_scalar)
    inv_row_2_scale                          0x08002f35   Thumb Code    78  inv_mpu.o(i.inv_row_2_scale)
    main                                     0x08002f85   Thumb Code   130  main.o(i.main)
    mget_ms                                  0x08003035   Thumb Code     2  inv_mpu.o(i.mget_ms)
    mpu_configure_fifo                       0x08003039   Thumb Code   106  inv_mpu.o(i.mpu_configure_fifo)
    mpu_dmp_get_data                         0x080030a9   Thumb Code   544  inv_mpu.o(i.mpu_dmp_get_data)
    mpu_dmp_init                             0x080032cd   Thumb Code   150  inv_mpu.o(i.mpu_dmp_init)
    mpu_get_accel_fsr                        0x08003369   Thumb Code    72  inv_mpu.o(i.mpu_get_accel_fsr)
    mpu_get_accel_sens                       0x080033b5   Thumb Code    78  inv_mpu.o(i.mpu_get_accel_sens)
    mpu_get_fifo_config                      0x08003409   Thumb Code    12  inv_mpu.o(i.mpu_get_fifo_config)
    mpu_get_gyro_fsr                         0x08003419   Thumb Code    64  inv_mpu.o(i.mpu_get_gyro_fsr)
    mpu_get_gyro_sens                        0x0800345d   Thumb Code    58  inv_mpu.o(i.mpu_get_gyro_sens)
    mpu_get_lpf                              0x080034ad   Thumb Code    74  inv_mpu.o(i.mpu_get_lpf)
    mpu_get_sample_rate                      0x080034fd   Thumb Code    26  inv_mpu.o(i.mpu_get_sample_rate)
    mpu_init                                 0x0800351d   Thumb Code   416  inv_mpu.o(i.mpu_init)
    mpu_load_firmware                        0x0800370d   Thumb Code   180  inv_mpu.o(i.mpu_load_firmware)
    mpu_lp_accel_mode                        0x080037c5   Thumb Code   218  inv_mpu.o(i.mpu_lp_accel_mode)
    mpu_read_fifo_stream                     0x080038a5   Thumb Code   186  inv_mpu.o(i.mpu_read_fifo_stream)
    mpu_read_mem                             0x08003965   Thumb Code   122  inv_mpu.o(i.mpu_read_mem)
    mpu_reset_fifo                           0x080039e5   Thumb Code   450  inv_mpu.o(i.mpu_reset_fifo)
    mpu_run_self_test                        0x08003bad   Thumb Code   278  inv_mpu.o(i.mpu_run_self_test)
    mpu_set_accel_fsr                        0x08003cc9   Thumb Code   126  inv_mpu.o(i.mpu_set_accel_fsr)
    mpu_set_bypass                           0x08003d4d   Thumb Code   328  inv_mpu.o(i.mpu_set_bypass)
    mpu_set_dmp_state                        0x08003e99   Thumb Code   138  inv_mpu.o(i.mpu_set_dmp_state)
    mpu_set_gyro_fsr                         0x08003f29   Thumb Code   132  inv_mpu.o(i.mpu_set_gyro_fsr)
    mpu_set_int_latched                      0x08003fb1   Thumb Code   102  inv_mpu.o(i.mpu_set_int_latched)
    mpu_set_lpf                              0x0800401d   Thumb Code   126  inv_mpu.o(i.mpu_set_lpf)
    mpu_set_sample_rate                      0x080040a1   Thumb Code   152  inv_mpu.o(i.mpu_set_sample_rate)
    mpu_set_sensors                          0x0800413d   Thumb Code   202  inv_mpu.o(i.mpu_set_sensors)
    mpu_write_mem                            0x0800420d   Thumb Code   122  inv_mpu.o(i.mpu_write_mem)
    run_self_test                            0x0800428d   Thumb Code   148  inv_mpu.o(i.run_self_test)
    sqrt                                     0x080043b1   Thumb Code    76  sqrt.o(i.sqrt)
    uart_init                                0x080043fd   Thumb Code   152  usart.o(i.uart_init)
    __aeabi_d2f                              0x0800449d   Thumb Code     0  d2f.o(x$fpl$d2f)
    _d2f                                     0x0800449d   Thumb Code    98  d2f.o(x$fpl$d2f)
    __aeabi_dadd                             0x08004501   Thumb Code     0  daddsub_clz.o(x$fpl$dadd)
    _dadd                                    0x08004501   Thumb Code   332  daddsub_clz.o(x$fpl$dadd)
    __fpl_dcheck_NaN1                        0x08004651   Thumb Code    10  dcheck1.o(x$fpl$dcheck1)
    __aeabi_ddiv                             0x08004661   Thumb Code     0  ddiv.o(x$fpl$ddiv)
    _ddiv                                    0x08004661   Thumb Code   552  ddiv.o(x$fpl$ddiv)
    __aeabi_i2d                              0x08004911   Thumb Code     0  dflt_clz.o(x$fpl$dflt)
    _dflt                                    0x08004911   Thumb Code    46  dflt_clz.o(x$fpl$dflt)
    __aeabi_dmul                             0x08004941   Thumb Code     0  dmul.o(x$fpl$dmul)
    _dmul                                    0x08004941   Thumb Code   332  dmul.o(x$fpl$dmul)
    __fpl_dnaninf                            0x08004a95   Thumb Code   156  dnaninf.o(x$fpl$dnaninf)
    __fpl_dretinf                            0x08004b31   Thumb Code    12  dretinf.o(x$fpl$dretinf)
    __aeabi_drsub                            0x08004b3d   Thumb Code     0  daddsub_clz.o(x$fpl$drsb)
    _drsb                                    0x08004b3d   Thumb Code    22  daddsub_clz.o(x$fpl$drsb)
    _dsqrt                                   0x08004b55   Thumb Code   456  dsqrt_noumaal.o(x$fpl$dsqrt)
    __aeabi_dsub                             0x08004d21   Thumb Code     0  daddsub_clz.o(x$fpl$dsub)
    _dsub                                    0x08004d21   Thumb Code   464  daddsub_clz.o(x$fpl$dsub)
    __aeabi_f2d                              0x08004ef5   Thumb Code     0  f2d.o(x$fpl$f2d)
    _f2d                                     0x08004ef5   Thumb Code    86  f2d.o(x$fpl$f2d)
    __aeabi_fadd                             0x08004f4d   Thumb Code     0  faddsub_clz.o(x$fpl$fadd)
    _fadd                                    0x08004f4d   Thumb Code   196  faddsub_clz.o(x$fpl$fadd)
    __fpl_fcmp_Inf                           0x08005011   Thumb Code    24  fcmpi.o(x$fpl$fcmpinf)
    __aeabi_fdiv                             0x08005029   Thumb Code     0  fdiv.o(x$fpl$fdiv)
    _fdiv                                    0x08005029   Thumb Code   384  fdiv.o(x$fpl$fdiv)
    __aeabi_cfcmpeq                          0x080051ad   Thumb Code     0  feqf.o(x$fpl$feqf)
    _fcmpeq                                  0x080051ad   Thumb Code   104  feqf.o(x$fpl$feqf)
    __aeabi_f2iz                             0x08005215   Thumb Code     0  ffix.o(x$fpl$ffix)
    _ffix                                    0x08005215   Thumb Code    54  ffix.o(x$fpl$ffix)
    __aeabi_f2uiz                            0x0800524d   Thumb Code     0  ffixu.o(x$fpl$ffixu)
    _ffixu                                   0x0800524d   Thumb Code    62  ffixu.o(x$fpl$ffixu)
    __aeabi_i2f                              0x0800528d   Thumb Code     0  fflt_clz.o(x$fpl$fflt)
    _fflt                                    0x0800528d   Thumb Code    48  fflt_clz.o(x$fpl$fflt)
    __aeabi_ui2f                             0x080052bd   Thumb Code     0  fflt_clz.o(x$fpl$ffltu)
    _ffltu                                   0x080052bd   Thumb Code    38  fflt_clz.o(x$fpl$ffltu)
    __aeabi_cfcmple                          0x080052e5   Thumb Code     0  fleqf.o(x$fpl$fleqf)
    _fcmple                                  0x080052e5   Thumb Code   104  fleqf.o(x$fpl$fleqf)
    __fpl_fcmple_InfNaN                      0x08005337   Thumb Code     0  fleqf.o(x$fpl$fleqf)
    __aeabi_fmul                             0x0800534d   Thumb Code     0  fmul.o(x$fpl$fmul)
    _fmul                                    0x0800534d   Thumb Code   258  fmul.o(x$fpl$fmul)
    __fpl_fnaninf                            0x0800544f   Thumb Code   140  fnaninf.o(x$fpl$fnaninf)
    __fpl_fretinf                            0x080054db   Thumb Code    10  fretinf.o(x$fpl$fretinf)
    __aeabi_cfrcmple                         0x080054e5   Thumb Code     0  frleqf.o(x$fpl$frleqf)
    _frcmple                                 0x080054e5   Thumb Code    98  frleqf.o(x$fpl$frleqf)
    __aeabi_fsub                             0x08005549   Thumb Code     0  faddsub_clz.o(x$fpl$fsub)
    _fsub                                    0x08005549   Thumb Code   234  faddsub_clz.o(x$fpl$fsub)
    __fpl_return_NaN                         0x08005633   Thumb Code   100  retnan.o(x$fpl$retnan)
    __ARM_scalbn                             0x08005697   Thumb Code    92  scalbn.o(x$fpl$scalbn)
    __fpl_cmpreturn                          0x080056f3   Thumb Code    48  trapv.o(x$fpl$trapveneer)
    __I$use$fp                               0x08005722   Number         0  usenofp.o(x$fpl$usenofp)
    reg                                      0x08005724   Data          27  inv_mpu.o(.constdata)
    hw                                       0x08005740   Data          12  inv_mpu.o(.constdata)
    test                                     0x0800574c   Data          40  inv_mpu.o(.constdata)
    __mathlib_zero                           0x08006468   Data           8  qnan.o(.constdata)
    Region$$Table$$Base                      0x080064c0   Number         0  anon$$obj.o(Region$$Table)
    Region$$Table$$Limit                     0x080064e0   Number         0  anon$$obj.o(Region$$Table)
    SystemCoreClock                          0x20000014   Data           4  system_stm32f10x.o(.data)
    AHBPrescTable                            0x20000018   Data          16  system_stm32f10x.o(.data)
    __stdout                                 0x2000002c   Data           4  usart.o(.data)
    USART_RX_STA                             0x20000030   Data           2  usart.o(.data)
    USART_RX_BUF                             0x2000006c   Data         200  usart.o(.bss)
    __libspace_start                         0x20000144   Data          96  libspace.o(.bss)
    __temporary_stack_top$libspace           0x200001a4   Data           0  libspace.o(.bss)



==============================================================================

Memory Map of the image

  Image Entry point : 0x080000ed

  Load Region LR_IROM1 (Base: 0x08000000, Size: 0x0000654c, Max: 0x00010000, ABSOLUTE)

    Execution Region ER_IROM1 (Base: 0x08000000, Size: 0x000064e0, Max: 0x00010000, ABSOLUTE)

    Base Addr    Size         Type   Attr      Idx    E Section Name        Object

    0x08000000   0x000000ec   Data   RO         3227    RESET               startup_stm32f10x_md.o
    0x080000ec   0x00000008   Code   RO         4069  * !!!main             c_w.l(__main.o)
    0x080000f4   0x00000034   Code   RO         4393    !!!scatter          c_w.l(__scatter.o)
    0x08000128   0x0000001a   Code   RO         4395    !!handler_copy      c_w.l(__scatter_copy.o)
    0x08000142   0x00000002   PAD
    0x08000144   0x0000001c   Code   RO         4397    !!handler_zi        c_w.l(__scatter_zi.o)
    0x08000160   0x00000000   Code   RO         4062    .ARM.Collect$$_printf_percent$$00000000  c_w.l(_printf_percent.o)
    0x08000160   0x00000006   Code   RO         4061    .ARM.Collect$$_printf_percent$$00000009  c_w.l(_printf_d.o)
    0x08000166   0x00000004   Code   RO         4154    .ARM.Collect$$_printf_percent$$00000017  c_w.l(_printf_percent_end.o)
    0x0800016a   0x00000002   Code   RO         4261    .ARM.Collect$$libinit$$00000000  c_w.l(libinit.o)
    0x0800016c   0x00000000   Code   RO         4273    .ARM.Collect$$libinit$$00000002  c_w.l(libinit2.o)
    0x0800016c   0x00000000   Code   RO         4275    .ARM.Collect$$libinit$$00000004  c_w.l(libinit2.o)
    0x0800016c   0x00000000   Code   RO         4278    .ARM.Collect$$libinit$$0000000A  c_w.l(libinit2.o)
    0x0800016c   0x00000000   Code   RO         4280    .ARM.Collect$$libinit$$0000000C  c_w.l(libinit2.o)
    0x0800016c   0x00000000   Code   RO         4282    .ARM.Collect$$libinit$$0000000E  c_w.l(libinit2.o)
    0x0800016c   0x00000000   Code   RO         4285    .ARM.Collect$$libinit$$00000011  c_w.l(libinit2.o)
    0x0800016c   0x00000000   Code   RO         4287    .ARM.Collect$$libinit$$00000013  c_w.l(libinit2.o)
    0x0800016c   0x00000000   Code   RO         4289    .ARM.Collect$$libinit$$00000015  c_w.l(libinit2.o)
    0x0800016c   0x00000000   Code   RO         4291    .ARM.Collect$$libinit$$00000017  c_w.l(libinit2.o)
    0x0800016c   0x00000000   Code   RO         4293    .ARM.Collect$$libinit$$00000019  c_w.l(libinit2.o)
    0x0800016c   0x00000000   Code   RO         4295    .ARM.Collect$$libinit$$0000001B  c_w.l(libinit2.o)
    0x0800016c   0x00000000   Code   RO         4297    .ARM.Collect$$libinit$$0000001D  c_w.l(libinit2.o)
    0x0800016c   0x00000000   Code   RO         4299    .ARM.Collect$$libinit$$0000001F  c_w.l(libinit2.o)
    0x0800016c   0x00000000   Code   RO         4301    .ARM.Collect$$libinit$$00000021  c_w.l(libinit2.o)
    0x0800016c   0x00000000   Code   RO         4303    .ARM.Collect$$libinit$$00000023  c_w.l(libinit2.o)
    0x0800016c   0x00000000   Code   RO         4305    .ARM.Collect$$libinit$$00000025  c_w.l(libinit2.o)
    0x0800016c   0x00000000   Code   RO         4309    .ARM.Collect$$libinit$$0000002C  c_w.l(libinit2.o)
    0x0800016c   0x00000000   Code   RO         4311    .ARM.Collect$$libinit$$0000002E  c_w.l(libinit2.o)
    0x0800016c   0x00000000   Code   RO         4313    .ARM.Collect$$libinit$$00000030  c_w.l(libinit2.o)
    0x0800016c   0x00000000   Code   RO         4315    .ARM.Collect$$libinit$$00000032  c_w.l(libinit2.o)
    0x0800016c   0x00000002   Code   RO         4316    .ARM.Collect$$libinit$$00000033  c_w.l(libinit2.o)
    0x0800016e   0x00000002   Code   RO         4346    .ARM.Collect$$libshutdown$$00000000  c_w.l(libshutdown.o)
    0x08000170   0x00000000   Code   RO         4361    .ARM.Collect$$libshutdown$$00000003  c_w.l(libshutdown2.o)
    0x08000170   0x00000000   Code   RO         4364    .ARM.Collect$$libshutdown$$00000006  c_w.l(libshutdown2.o)
    0x08000170   0x00000000   Code   RO         4367    .ARM.Collect$$libshutdown$$00000009  c_w.l(libshutdown2.o)
    0x08000170   0x00000000   Code   RO         4369    .ARM.Collect$$libshutdown$$0000000B  c_w.l(libshutdown2.o)
    0x08000170   0x00000000   Code   RO         4372    .ARM.Collect$$libshutdown$$0000000E  c_w.l(libshutdown2.o)
    0x08000170   0x00000002   Code   RO         4373    .ARM.Collect$$libshutdown$$0000000F  c_w.l(libshutdown2.o)
    0x08000172   0x00000000   Code   RO         4145    .ARM.Collect$$rtentry$$00000000  c_w.l(__rtentry.o)
    0x08000172   0x00000000   Code   RO         4208    .ARM.Collect$$rtentry$$00000002  c_w.l(__rtentry2.o)
    0x08000172   0x00000006   Code   RO         4220    .ARM.Collect$$rtentry$$00000004  c_w.l(__rtentry4.o)
    0x08000178   0x00000000   Code   RO         4210    .ARM.Collect$$rtentry$$00000009  c_w.l(__rtentry2.o)
    0x08000178   0x00000004   Code   RO         4211    .ARM.Collect$$rtentry$$0000000A  c_w.l(__rtentry2.o)
    0x0800017c   0x00000000   Code   RO         4213    .ARM.Collect$$rtentry$$0000000C  c_w.l(__rtentry2.o)
    0x0800017c   0x00000008   Code   RO         4214    .ARM.Collect$$rtentry$$0000000D  c_w.l(__rtentry2.o)
    0x08000184   0x00000002   Code   RO         4266    .ARM.Collect$$rtexit$$00000000  c_w.l(rtexit.o)
    0x08000186   0x00000000   Code   RO         4320    .ARM.Collect$$rtexit$$00000002  c_w.l(rtexit2.o)
    0x08000186   0x00000004   Code   RO         4321    .ARM.Collect$$rtexit$$00000003  c_w.l(rtexit2.o)
    0x0800018a   0x00000006   Code   RO         4322    .ARM.Collect$$rtexit$$00000004  c_w.l(rtexit2.o)
    0x08000190   0x00000040   Code   RO         3228    .text               startup_stm32f10x_md.o
    0x080001d0   0x00000002   Code   RO         4005    .text               c_w.l(use_no_semi_2.o)
    0x080001d2   0x00000048   Code   RO         4007    .text               c_w.l(llsdiv.o)
    0x0800021a   0x00000002   PAD
    0x0800021c   0x00000018   Code   RO         4011    .text               c_w.l(noretval__2printf.o)
    0x08000234   0x00000078   Code   RO         4017    .text               c_w.l(_printf_dec.o)
    0x080002ac   0x00000138   Code   RO         4052    .text               c_w.l(__printf_flags_wp.o)
    0x080003e4   0x00000058   Code   RO         4063    .text               c_w.l(memcmp.o)
    0x0800043c   0x00000010   Code   RO         4065    .text               c_w.l(aeabi_memset.o)
    0x0800044c   0x00000006   Code   RO         4067    .text               c_w.l(heapauxi.o)
    0x08000452   0x00000002   Code   RO         4143    .text               c_w.l(use_no_semi.o)
    0x08000454   0x000000ee   Code   RO         4146    .text               c_w.l(lludivv7m.o)
    0x08000542   0x00000016   Code   RO         4148    .text               c_w.l(_rserrno.o)
    0x08000558   0x000000b2   Code   RO         4150    .text               c_w.l(_printf_intcommon.o)
    0x0800060a   0x00000002   PAD
    0x0800060c   0x00000024   Code   RO         4152    .text               c_w.l(_printf_char_file.o)
    0x08000630   0x00000044   Code   RO         4155    .text               c_w.l(rt_memclr.o)
    0x08000674   0x00000008   Code   RO         4229    .text               c_w.l(rt_errno_addr_intlibspace.o)
    0x0800067c   0x00000030   Code   RO         4231    .text               c_w.l(_printf_char_common.o)
    0x080006ac   0x00000008   Code   RO         4233    .text               c_w.l(ferror.o)
    0x080006b4   0x0000004e   Code   RO         4237    .text               c_w.l(rt_memclr_w.o)
    0x08000702   0x00000002   PAD
    0x08000704   0x00000008   Code   RO         4245    .text               c_w.l(libspace.o)
    0x0800070c   0x0000004a   Code   RO         4248    .text               c_w.l(sys_stackheap_outer.o)
    0x08000756   0x0000000c   Code   RO         4254    .text               c_w.l(exit.o)
    0x08000762   0x00000004   Code   RO         3091    i.BusFault_Handler  stm32f10x_it.o
    0x08000766   0x00000002   Code   RO         3092    i.DebugMon_Handler  stm32f10x_it.o
    0x08000768   0x00000116   Code   RO         1240    i.GPIO_Init         stm32f10x_gpio.o
    0x0800087e   0x00000004   Code   RO         1248    i.GPIO_SetBits      stm32f10x_gpio.o
    0x08000882   0x00000004   Code   RO         3093    i.HardFault_Handler  stm32f10x_it.o
    0x08000886   0x00000002   PAD
    0x08000888   0x00000050   Code   RO         3426    i.IIC_Ack           myiic.o
    0x080008d8   0x00000040   Code   RO         3427    i.IIC_Init          myiic.o
    0x08000918   0x00000050   Code   RO         3428    i.IIC_NAck          myiic.o
    0x08000968   0x00000070   Code   RO         3429    i.IIC_Read_Byte     myiic.o
    0x080009d8   0x00000068   Code   RO         3430    i.IIC_Send_Byte     myiic.o
    0x08000a40   0x0000004c   Code   RO         3431    i.IIC_Start         myiic.o
    0x08000a8c   0x0000004c   Code   RO         3432    i.IIC_Stop          myiic.o
    0x08000ad8   0x00000064   Code   RO         3433    i.IIC_Wait_Ack      myiic.o
    0x08000b3c   0x00000050   Code   RO         3411    i.LED_Init          led.o
    0x08000b8c   0x00000050   Code   RO         3333    i.MPU_Get_Accelerometer  mpu6050.o
    0x08000bdc   0x00000050   Code   RO         3334    i.MPU_Get_Gyroscope  mpu6050.o
    0x08000c2c   0x00000068   Code   RO         3335    i.MPU_Get_Temperature  mpu6050.o
    0x08000c94   0x0000007a   Code   RO         3336    i.MPU_Init          mpu6050.o
    0x08000d0e   0x0000003a   Code   RO         3337    i.MPU_Read_Byte     mpu6050.o
    0x08000d48   0x00000074   Code   RO         3338    i.MPU_Read_Len      mpu6050.o
    0x08000dbc   0x00000010   Code   RO         3339    i.MPU_Set_Accel_Fsr  mpu6050.o
    0x08000dcc   0x00000010   Code   RO         3340    i.MPU_Set_Gyro_Fsr  mpu6050.o
    0x08000ddc   0x0000003a   Code   RO         3341    i.MPU_Set_LPF       mpu6050.o
    0x08000e16   0x0000003a   Code   RO         3342    i.MPU_Set_Rate      mpu6050.o
    0x08000e50   0x00000044   Code   RO         3343    i.MPU_Write_Byte    mpu6050.o
    0x08000e94   0x00000060   Code   RO         3344    i.MPU_Write_Len     mpu6050.o
    0x08000ef4   0x00000004   Code   RO         3094    i.MemManage_Handler  stm32f10x_it.o
    0x08000ef8   0x00000002   Code   RO         3095    i.NMI_Handler       stm32f10x_it.o
    0x08000efa   0x00000002   PAD
    0x08000efc   0x00000070   Code   RO            1    i.NVIC_Init         misc.o
    0x08000f6c   0x00000002   Code   RO         3096    i.PendSV_Handler    stm32f10x_it.o
    0x08000f6e   0x00000002   PAD
    0x08000f70   0x00000020   Code   RO         1658    i.RCC_APB2PeriphClockCmd  stm32f10x_rcc.o
    0x08000f90   0x000000d4   Code   RO         1666    i.RCC_GetClocksFreq  stm32f10x_rcc.o
    0x08001064   0x00000002   Code   RO         3097    i.SVC_Handler       stm32f10x_it.o
    0x08001066   0x00000008   Code   RO         3180    i.SetSysClock       system_stm32f10x.o
    0x0800106e   0x00000002   PAD
    0x08001070   0x000000e0   Code   RO         3181    i.SetSysClockTo72   system_stm32f10x.o
    0x08001150   0x00000028   Code   RO            5    i.SysTick_CLKSourceConfig  misc.o
    0x08001178   0x00000002   Code   RO         3098    i.SysTick_Handler   stm32f10x_it.o
    0x0800117a   0x00000002   PAD
    0x0800117c   0x00000060   Code   RO         3183    i.SystemInit        system_stm32f10x.o
    0x080011dc   0x00000088   Code   RO         3292    i.USART1_IRQHandler  usart.o
    0x08001264   0x00000018   Code   RO         2826    i.USART_Cmd         stm32f10x_usart.o
    0x0800127c   0x00000054   Code   RO         2830    i.USART_GetITStatus  stm32f10x_usart.o
    0x080012d0   0x0000004a   Code   RO         2832    i.USART_ITConfig    stm32f10x_usart.o
    0x0800131a   0x00000002   PAD
    0x0800131c   0x000000d8   Code   RO         2833    i.USART_Init        stm32f10x_usart.o
    0x080013f4   0x0000000a   Code   RO         2840    i.USART_ReceiveData  stm32f10x_usart.o
    0x080013fe   0x00000004   Code   RO         3099    i.UsageFault_Handler  stm32f10x_it.o
    0x08001402   0x00000028   Code   RO         4194    i.__ARM_fpclassify  m_ws.l(fpclassify.o)
    0x0800142a   0x000000aa   Code   RO         4196    i.__kernel_poly     m_ws.l(poly.o)
    0x080014d4   0x00000006   Code   RO         4181    i.__mathlib_dbl_infnan  m_ws.l(dunder.o)
    0x080014da   0x00000004   Code   RO         4182    i.__mathlib_dbl_infnan2  m_ws.l(dunder.o)
    0x080014de   0x0000000c   Code   RO         4183    i.__mathlib_dbl_invalid  m_ws.l(dunder.o)
    0x080014ea   0x00000002   PAD
    0x080014ec   0x00000010   Code   RO         4186    i.__mathlib_dbl_underflow  m_ws.l(dunder.o)
    0x080014fc   0x0000000e   Code   RO         4050    i._is_digit         c_w.l(__printf_wp.o)
    0x0800150a   0x00000006   Code   RO         3293    i._sys_exit         usart.o
    0x08001510   0x000000a8   Code   RO         3480    i.accel_self_test   inv_mpu.o
    0x080015b8   0x00000270   Code   RO         4126    i.asin              m_ws.l(asin.o)
    0x08001828   0x00000220   Code   RO         4171    i.atan              m_ws.l(atan.o)
    0x08001a48   0x00000180   Code   RO         4136    i.atan2             m_ws.l(atan2.o)
    0x08001bc8   0x00000064   Code   RO         3817    i.decode_gesture    inv_mpu_dmp_motion_driver.o
    0x08001c2c   0x00000044   Code   RO         3232    i.delay_init        delay.o
    0x08001c70   0x0000004c   Code   RO         3233    i.delay_ms          delay.o
    0x08001cbc   0x0000004c   Code   RO         3234    i.delay_us          delay.o
    0x08001d08   0x0000003c   Code   RO         3818    i.dmp_enable_6x_lp_quat  inv_mpu_dmp_motion_driver.o
    0x08001d44   0x0000021c   Code   RO         3819    i.dmp_enable_feature  inv_mpu_dmp_motion_driver.o
    0x08001f60   0x00000058   Code   RO         3820    i.dmp_enable_gyro_cal  inv_mpu_dmp_motion_driver.o
    0x08001fb8   0x0000003c   Code   RO         3821    i.dmp_enable_lp_quat  inv_mpu_dmp_motion_driver.o
    0x08001ff4   0x00000018   Code   RO         3826    i.dmp_load_motion_driver_firmware  inv_mpu_dmp_motion_driver.o
    0x0800200c   0x000001cc   Code   RO         3827    i.dmp_read_fifo     inv_mpu_dmp_motion_driver.o
    0x080021d8   0x00000130   Code   RO         3830    i.dmp_set_accel_bias  inv_mpu_dmp_motion_driver.o
    0x08002308   0x00000070   Code   RO         3831    i.dmp_set_fifo_rate  inv_mpu_dmp_motion_driver.o
    0x08002378   0x00000130   Code   RO         3832    i.dmp_set_gyro_bias  inv_mpu_dmp_motion_driver.o
    0x080024a8   0x00000138   Code   RO         3834    i.dmp_set_orientation  inv_mpu_dmp_motion_driver.o
    0x080025e0   0x00000038   Code   RO         3837    i.dmp_set_shake_reject_thresh  inv_mpu_dmp_motion_driver.o
    0x08002618   0x00000026   Code   RO         3838    i.dmp_set_shake_reject_time  inv_mpu_dmp_motion_driver.o
    0x0800263e   0x00000026   Code   RO         3839    i.dmp_set_shake_reject_timeout  inv_mpu_dmp_motion_driver.o
    0x08002664   0x00000046   Code   RO         3840    i.dmp_set_tap_axes  inv_mpu_dmp_motion_driver.o
    0x080026aa   0x00000026   Code   RO         3841    i.dmp_set_tap_count  inv_mpu_dmp_motion_driver.o
    0x080026d0   0x000001a0   Code   RO         3842    i.dmp_set_tap_thresh  inv_mpu_dmp_motion_driver.o
    0x08002870   0x00000026   Code   RO         3843    i.dmp_set_tap_time  inv_mpu_dmp_motion_driver.o
    0x08002896   0x00000026   Code   RO         3844    i.dmp_set_tap_time_multi  inv_mpu_dmp_motion_driver.o
    0x080028bc   0x0000001c   Code   RO         3294    i.fputc             usart.o
    0x080028d8   0x000000b4   Code   RO         3481    i.get_accel_prod_shift  inv_mpu.o
    0x0800298c   0x00000470   Code   RO         3482    i.get_st_biases     inv_mpu.o
    0x08002dfc   0x00000110   Code   RO         3483    i.gyro_self_test    inv_mpu.o
    0x08002f0c   0x00000028   Code   RO         3484    i.inv_orientation_matrix_to_scalar  inv_mpu.o
    0x08002f34   0x0000004e   Code   RO         3485    i.inv_row_2_scale   inv_mpu.o
    0x08002f82   0x00000002   PAD
    0x08002f84   0x000000b0   Code   RO         3056    i.main              main.o
    0x08003034   0x00000002   Code   RO         3486    i.mget_ms           inv_mpu.o
    0x08003036   0x00000002   PAD
    0x08003038   0x00000070   Code   RO         3487    i.mpu_configure_fifo  inv_mpu.o
    0x080030a8   0x00000224   Code   RO         3488    i.mpu_dmp_get_data  inv_mpu.o
    0x080032cc   0x0000009c   Code   RO         3489    i.mpu_dmp_init      inv_mpu.o
    0x08003368   0x0000004c   Code   RO         3490    i.mpu_get_accel_fsr  inv_mpu.o
    0x080033b4   0x00000054   Code   RO         3492    i.mpu_get_accel_sens  inv_mpu.o
    0x08003408   0x00000010   Code   RO         3497    i.mpu_get_fifo_config  inv_mpu.o
    0x08003418   0x00000044   Code   RO         3498    i.mpu_get_gyro_fsr  inv_mpu.o
    0x0800345c   0x00000050   Code   RO         3500    i.mpu_get_gyro_sens  inv_mpu.o
    0x080034ac   0x00000050   Code   RO         3502    i.mpu_get_lpf       inv_mpu.o
    0x080034fc   0x00000020   Code   RO         3504    i.mpu_get_sample_rate  inv_mpu.o
    0x0800351c   0x000001f0   Code   RO         3506    i.mpu_init          inv_mpu.o
    0x0800370c   0x000000b8   Code   RO         3507    i.mpu_load_firmware  inv_mpu.o
    0x080037c4   0x000000e0   Code   RO         3508    i.mpu_lp_accel_mode  inv_mpu.o
    0x080038a4   0x000000c0   Code   RO         3511    i.mpu_read_fifo_stream  inv_mpu.o
    0x08003964   0x00000080   Code   RO         3512    i.mpu_read_mem      inv_mpu.o
    0x080039e4   0x000001c8   Code   RO         3515    i.mpu_reset_fifo    inv_mpu.o
    0x08003bac   0x0000011c   Code   RO         3516    i.mpu_run_self_test  inv_mpu.o
    0x08003cc8   0x00000084   Code   RO         3518    i.mpu_set_accel_fsr  inv_mpu.o
    0x08003d4c   0x0000014c   Code   RO         3519    i.mpu_set_bypass    inv_mpu.o
    0x08003e98   0x00000090   Code   RO         3521    i.mpu_set_dmp_state  inv_mpu.o
    0x08003f28   0x00000088   Code   RO         3522    i.mpu_set_gyro_fsr  inv_mpu.o
    0x08003fb0   0x0000006c   Code   RO         3523    i.mpu_set_int_latched  inv_mpu.o
    0x0800401c   0x00000084   Code   RO         3525    i.mpu_set_lpf       inv_mpu.o
    0x080040a0   0x0000009c   Code   RO         3526    i.mpu_set_sample_rate  inv_mpu.o
    0x0800413c   0x000000d0   Code   RO         3527    i.mpu_set_sensors   inv_mpu.o
    0x0800420c   0x00000080   Code   RO         3528    i.mpu_write_mem     inv_mpu.o
    0x0800428c   0x00000094   Code   RO         3529    i.run_self_test     inv_mpu.o
    0x08004320   0x00000090   Code   RO         3530    i.set_int_enable    inv_mpu.o
    0x080043b0   0x0000004c   Code   RO         4200    i.sqrt              m_ws.l(sqrt.o)
    0x080043fc   0x000000a0   Code   RO         3295    i.uart_init         usart.o
    0x0800449c   0x00000062   Code   RO         4071    x$fpl$d2f           fz_ws.l(d2f.o)
    0x080044fe   0x00000002   PAD
    0x08004500   0x00000150   Code   RO         4073    x$fpl$dadd          fz_ws.l(daddsub_clz.o)
    0x08004650   0x00000010   Code   RO         4239    x$fpl$dcheck1       fz_ws.l(dcheck1.o)
    0x08004660   0x000002b0   Code   RO         4080    x$fpl$ddiv          fz_ws.l(ddiv.o)
    0x08004910   0x0000002e   Code   RO         4084    x$fpl$dflt          fz_ws.l(dflt_clz.o)
    0x0800493e   0x00000002   PAD
    0x08004940   0x00000154   Code   RO         4089    x$fpl$dmul          fz_ws.l(dmul.o)
    0x08004a94   0x0000009c   Code   RO         4157    x$fpl$dnaninf       fz_ws.l(dnaninf.o)
    0x08004b30   0x0000000c   Code   RO         4159    x$fpl$dretinf       fz_ws.l(dretinf.o)
    0x08004b3c   0x00000016   Code   RO         4074    x$fpl$drsb          fz_ws.l(daddsub_clz.o)
    0x08004b52   0x00000002   PAD
    0x08004b54   0x000001cc   Code   RO         4243    x$fpl$dsqrt         fz_ws.l(dsqrt_noumaal.o)
    0x08004d20   0x000001d4   Code   RO         4075    x$fpl$dsub          fz_ws.l(daddsub_clz.o)
    0x08004ef4   0x00000056   Code   RO         4091    x$fpl$f2d           fz_ws.l(f2d.o)
    0x08004f4a   0x00000002   PAD
    0x08004f4c   0x000000c4   Code   RO         4093    x$fpl$fadd          fz_ws.l(faddsub_clz.o)
    0x08005010   0x00000018   Code   RO         4161    x$fpl$fcmpinf       fz_ws.l(fcmpi.o)
    0x08005028   0x00000184   Code   RO         4100    x$fpl$fdiv          fz_ws.l(fdiv.o)
    0x080051ac   0x00000068   Code   RO         4103    x$fpl$feqf          fz_ws.l(feqf.o)
    0x08005214   0x00000036   Code   RO         4105    x$fpl$ffix          fz_ws.l(ffix.o)
    0x0800524a   0x00000002   PAD
    0x0800524c   0x0000003e   Code   RO         4109    x$fpl$ffixu         fz_ws.l(ffixu.o)
    0x0800528a   0x00000002   PAD
    0x0800528c   0x00000030   Code   RO         4114    x$fpl$fflt          fz_ws.l(fflt_clz.o)
    0x080052bc   0x00000026   Code   RO         4113    x$fpl$ffltu         fz_ws.l(fflt_clz.o)
    0x080052e2   0x00000002   PAD
    0x080052e4   0x00000068   Code   RO         4119    x$fpl$fleqf         fz_ws.l(fleqf.o)
    0x0800534c   0x00000102   Code   RO         4121    x$fpl$fmul          fz_ws.l(fmul.o)
    0x0800544e   0x0000008c   Code   RO         4163    x$fpl$fnaninf       fz_ws.l(fnaninf.o)
    0x080054da   0x0000000a   Code   RO         4165    x$fpl$fretinf       fz_ws.l(fretinf.o)
    0x080054e4   0x00000062   Code   RO         4123    x$fpl$frleqf        fz_ws.l(frleqf.o)
    0x08005546   0x00000002   PAD
    0x08005548   0x000000ea   Code   RO         4095    x$fpl$fsub          fz_ws.l(faddsub_clz.o)
    0x08005632   0x00000064   Code   RO         4264    x$fpl$retnan        fz_ws.l(retnan.o)
    0x08005696   0x0000005c   Code   RO         4167    x$fpl$scalbn        fz_ws.l(scalbn.o)
    0x080056f2   0x00000030   Code   RO         4317    x$fpl$trapveneer    fz_ws.l(trapv.o)
    0x08005722   0x00000000   Code   RO         4169    x$fpl$usenofp       fz_ws.l(usenofp.o)
    0x08005722   0x00000002   PAD
    0x08005724   0x00000050   Data   RO         3532    .constdata          inv_mpu.o
    0x08005774   0x00000bf6   Data   RO         3846    .constdata          inv_mpu_dmp_motion_driver.o
    0x0800636a   0x00000011   Data   RO         4053    .constdata          c_w.l(__printf_flags_wp.o)
    0x0800637b   0x00000005   PAD
    0x08006380   0x00000050   Data   RO         4127    .constdata          m_ws.l(asin.o)
    0x080063d0   0x00000098   Data   RO         4172    .constdata          m_ws.l(atan.o)
    0x08006468   0x00000008   Data   RO         4198    .constdata          m_ws.l(qnan.o)
    0x08006470   0x0000004d   Data   RO         3533    .conststring        inv_mpu.o
    0x080064bd   0x00000003   PAD
    0x080064c0   0x00000020   Data   RO         4391    Region$$Table       anon$$obj.o


    Execution Region RW_IRAM1 (Base: 0x20000000, Size: 0x000007a8, Max: 0x00005000, ABSOLUTE)

    Base Addr    Size         Type   Attr      Idx    E Section Name        Object

    0x20000000   0x00000014   Data   RW         1686    .data               stm32f10x_rcc.o
    0x20000014   0x00000014   Data   RW         3184    .data               system_stm32f10x.o
    0x20000028   0x00000004   Data   RW         3235    .data               delay.o
    0x2000002c   0x00000006   Data   RW         3297    .data               usart.o
    0x20000032   0x00000002   PAD
    0x20000034   0x00000035   Data   RW         3534    .data               inv_mpu.o
    0x20000069   0x00000003   PAD
    0x2000006c   0x000000c8   Zero   RW         3296    .bss                usart.o
    0x20000134   0x00000010   Zero   RW         3845    .bss                inv_mpu_dmp_motion_driver.o
    0x20000144   0x00000060   Zero   RW         4246    .bss                c_w.l(libspace.o)
    0x200001a4   0x00000004   PAD
    0x200001a8   0x00000200   Zero   RW         3226    HEAP                startup_stm32f10x_md.o
    0x200003a8   0x00000400   Zero   RW         3225    STACK               startup_stm32f10x_md.o


==============================================================================

Image component sizes


      Code (inc. data)   RO Data    RW Data    ZI Data      Debug   Object Name

         0          0          0          0          0         32   core_cm3.o
       220         26          0          4          0       1559   delay.o
      6860        290        157         53          0      30252   inv_mpu.o
      3096        122       3062          0         16      20278   inv_mpu_dmp_motion_driver.o
        80          8          0          0          0        479   led.o
       176         46          0          0          0        631   main.o
       152         12          0          0          0     232398   misc.o
       872         18          0          0          0       7813   mpu6050.o
       692        108          0          0          0       4058   myiic.o
        64         26        236          0       1536        780   startup_stm32f10x_md.o
       282          0          0          0          0       2403   stm32f10x_gpio.o
        26          0          0          0          0       3622   stm32f10x_it.o
       244         26          0         20          0       3765   stm32f10x_rcc.o
       408          6          0          0          0       4790   stm32f10x_usart.o
       328         28          0         20          0       2041   system_stm32f10x.o
       330         26          0          6        200       3876   usart.o

    ----------------------------------------------------------------------
     13846        742       3490        108       1752     318777   Object Totals
         0          0         32          0          0          0   (incl. Generated)
        16          0          3          5          0          0   (incl. Padding)

    ----------------------------------------------------------------------

      Code (inc. data)   RO Data    RW Data    ZI Data      Debug   Library Member Name

         8          0          0          0          0         68   __main.o
       312          4         17          0          0         92   __printf_flags_wp.o
        14          0          0          0          0         68   __printf_wp.o
         0          0          0          0          0          0   __rtentry.o
        12          0          0          0          0          0   __rtentry2.o
         6          0          0          0          0          0   __rtentry4.o
        52          8          0          0          0          0   __scatter.o
        26          0          0          0          0          0   __scatter_copy.o
        28          0          0          0          0          0   __scatter_zi.o
        48          6          0          0          0         96   _printf_char_common.o
        36          4          0          0          0         80   _printf_char_file.o
         6          0          0          0          0          0   _printf_d.o
       120         16          0          0          0         92   _printf_dec.o
       178          0          0          0          0         88   _printf_intcommon.o
         0          0          0          0          0          0   _printf_percent.o
         4          0          0          0          0          0   _printf_percent_end.o
        22          0          0          0          0        100   _rserrno.o
        16          0          0          0          0         68   aeabi_memset.o
        12          0          0          0          0         72   exit.o
         8          0          0          0          0         68   ferror.o
         6          0          0          0          0        152   heapauxi.o
         2          0          0          0          0          0   libinit.o
         2          0          0          0          0          0   libinit2.o
         2          0          0          0          0          0   libshutdown.o
         2          0          0          0          0          0   libshutdown2.o
         8          4          0          0         96         68   libspace.o
        72          0          0          0          0         76   llsdiv.o
       238          0          0          0          0        100   lludivv7m.o
        88          0          0          0          0         76   memcmp.o
        24          4          0          0          0         84   noretval__2printf.o
         8          4          0          0          0         68   rt_errno_addr_intlibspace.o
        68          0          0          0          0         68   rt_memclr.o
        78          0          0          0          0         80   rt_memclr_w.o
         2          0          0          0          0          0   rtexit.o
        10          0          0          0          0          0   rtexit2.o
        74          0          0          0          0         80   sys_stackheap_outer.o
         2          0          0          0          0         68   use_no_semi.o
         2          0          0          0          0         68   use_no_semi_2.o
        98          4          0          0          0         92   d2f.o
       826         16          0          0          0        348   daddsub_clz.o
        16          4          0          0          0         68   dcheck1.o
       688        140          0          0          0        208   ddiv.o
        46          0          0          0          0         68   dflt_clz.o
       340         12          0          0          0        104   dmul.o
       156          4          0          0          0         92   dnaninf.o
        12          0          0          0          0         68   dretinf.o
       460         56          0          0          0        120   dsqrt_noumaal.o
        86          4          0          0          0         84   f2d.o
       430          8          0          0          0        168   faddsub_clz.o
        24          0          0          0          0         68   fcmpi.o
       388         76          0          0          0         96   fdiv.o
       104          4          0          0          0         84   feqf.o
        54          4          0          0          0         84   ffix.o
        62          4          0          0          0         84   ffixu.o
        86          0          0          0          0        136   fflt_clz.o
       104          4          0          0          0         84   fleqf.o
       258          4          0          0          0         84   fmul.o
       140          4          0          0          0         84   fnaninf.o
        10          0          0          0          0         68   fretinf.o
        98          0          0          0          0         68   frleqf.o
       100          0          0          0          0         68   retnan.o
        92          0          0          0          0         68   scalbn.o
        48          0          0          0          0         68   trapv.o
         0          0          0          0          0          0   usenofp.o
       624         52         80          0          0        168   asin.o
       544         70        152          0          0        124   atan.o
       384         38          0          0          0        144   atan2.o
        38          6          0          0          0        272   dunder.o
        40          0          0          0          0         68   fpclassify.o
       170          0          0          0          0         96   poly.o
         0          0          8          0          0          0   qnan.o
        76          0          0          0          0         84   sqrt.o

    ----------------------------------------------------------------------
      8226        564        262          0        100       5400   Library Totals
        28          0          5          0          4          0   (incl. Padding)

    ----------------------------------------------------------------------

      Code (inc. data)   RO Data    RW Data    ZI Data      Debug   Library Name

      1596         50         17          0         96       1880   c_w.l
      4726        348          0          0          0       2564   fz_ws.l
      1876        166        240          0          0        956   m_ws.l

    ----------------------------------------------------------------------
      8226        564        262          0        100       5400   Library Totals

    ----------------------------------------------------------------------

==============================================================================


      Code (inc. data)   RO Data    RW Data    ZI Data      Debug   

     22072       1306       3752        108       1852     315905   Grand Totals
     22072       1306       3752        108       1852     315905   ELF Image Totals
     22072       1306       3752        108          0          0   ROM Totals

==============================================================================

    Total RO  Size (Code + RO Data)                25824 (  25.22kB)
    Total RW  Size (RW Data + ZI Data)              1960 (   1.91kB)
    Total ROM Size (Code + RO Data + RW Data)      25932 (  25.32kB)

==============================================================================

